FAILED test/python/golden/ttnn_ops/normalization/test_ttnn_normalization.py::test_layer_norm_pre_all_gather[ttnn-False-1x1x32x512] - builder.base.builder_runtime.TTBuilderRuntimeException: 'ttmlir._mlir_libs._mlir.ir.BF16Type' object has no attribute 'float'
FAILED test/python/golden/ttnn_ops/normalization/test_ttnn_normalization.py::test_layer_norm_pre_all_gather[ttnn-False-1x1x32x128] - builder.base.builder_runtime.TTBuilderRuntimeException: 'ttmlir._mlir_libs._mlir.ir.BF16Type' object has no attribute 'float'
FAILED test/python/golden/ttnn_ops/normalization/test_ttnn_normalization.py::test_layer_norm_post_all_gather[ttnn-False-1x1x32x512] - builder.base.builder_runtime.TTBuilderRuntimeException: 'ttmlir._mlir_libs._mlir.ir.BF16Type' object has no attribute 'shard_map'
FAILED test/python/golden/ttnn_ops/normalization/test_ttnn_normalization.py::test_layer_norm_post_all_gather[ttnn-False-1x1x32x128] - builder.base.builder_runtime.TTBuilderRuntimeException: 'ttmlir._mlir_libs._mlir.ir.BF16Type' object has no attribute 'shard_map'
FAILED test/python/golden/ttir_ops/workarounds/decomposition/test_decomposition_workarounds.py::test_reduce_scatter_without_workaround[ttnn-f32-1x2-rank3_dim1] - builder.base.builder_runtime.TTBuilderRuntimeException: Fatal error
FAILED test/python/golden/ttir_ops/reduction/test_reduction.py::test_reduction_ops[ttnn-sum-dim_arg2-True-f32-32x128x128] - builder.base.builder_runtime.TTBuilderRuntimeException: No golden function found for TTIR operation: <class 'ttmlir.dialects._ttnn_ops_gen.SumOp'>
FAILED test/python/golden/ttir_ops/reduction/test_reduction.py::test_reduction_ops[ttnn-sum-dim_arg2-True-f32-1x1x1] - builder.base.builder_runtime.TTBuilderRuntimeException: No golden function found for TTIR operation: <class 'ttmlir.dialects._ttnn_ops_gen.SumOp'>
FAILED test/python/golden/ttir_ops/reduction/test_reduction.py::test_reduction_ops[ttnn-sum-dim_arg2-True-bf16-32x128x128] - builder.base.builder_runtime.TTBuilderRuntimeException: No golden function found for TTIR operation: <class 'ttmlir.dialects._ttnn_ops_gen.SumOp'>
FAILED test/python/golden/ttir_ops/reduction/test_reduction.py::test_reduction_ops[ttnn-sum-dim_arg2-True-bf16-1x1x1] - builder.base.builder_runtime.TTBuilderRuntimeException: No golden function found for TTIR operation: <class 'ttmlir.dialects._ttnn_ops_gen.SumOp'>
FAILED test/python/golden/ttir_ops/reduction/test_reduction.py::test_reduction_ops[ttnn-sum-dim_arg2-False-f32-32x128x128] - builder.base.builder_runtime.TTBuilderRuntimeException: No golden function found for TTIR operation: <class 'ttmlir.dialects._ttnn_ops_gen.SumOp'>
FAILED test/python/golden/ttir_ops/reduction/test_reduction.py::test_reduction_ops[ttnn-sum-dim_arg2-False-f32-1x1x1] - builder.base.builder_runtime.TTBuilderRuntimeException: No golden function found for TTIR operation: <class 'ttmlir.dialects._ttnn_ops_gen.SumOp'>
FAILED test/python/golden/ttir_ops/reduction/test_reduction.py::test_reduction_ops[ttnn-sum-dim_arg2-False-bf16-32x128x128] - builder.base.builder_runtime.TTBuilderRuntimeException: No golden function found for TTIR operation: <class 'ttmlir.dialects._ttnn_ops_gen.SumOp'>
FAILED test/python/golden/ttir_ops/reduction/test_reduction.py::test_reduction_ops[ttnn-sum-dim_arg2-False-bf16-1x1x1] - builder.base.builder_runtime.TTBuilderRuntimeException: No golden function found for TTIR operation: <class 'ttmlir.dialects._ttnn_ops_gen.SumOp'>
FAILED test/python/golden/ttir_ops/reduction/test_reduction.py::test_reduction_ops[ttnn-sum-dim_arg1-True-f32-32x128x128] - builder.base.builder_runtime.TTBuilderRuntimeException: No golden function found for TTIR operation: <class 'ttmlir.dialects._ttnn_ops_gen.SumOp'>
FAILED test/python/golden/ttir_ops/reduction/test_reduction.py::test_reduction_ops[ttnn-sum-dim_arg1-True-f32-1x1x1] - builder.base.builder_runtime.TTBuilderRuntimeException: No golden function found for TTIR operation: <class 'ttmlir.dialects._ttnn_ops_gen.SumOp'>
FAILED test/python/golden/ttir_ops/reduction/test_reduction.py::test_reduction_ops[ttnn-sum-dim_arg1-True-bf16-32x128x128] - builder.base.builder_runtime.TTBuilderRuntimeException: No golden function found for TTIR operation: <class 'ttmlir.dialects._ttnn_ops_gen.SumOp'>
FAILED test/python/golden/ttir_ops/reduction/test_reduction.py::test_reduction_ops[ttnn-sum-dim_arg1-True-bf16-1x1x1] - builder.base.builder_runtime.TTBuilderRuntimeException: No golden function found for TTIR operation: <class 'ttmlir.dialects._ttnn_ops_gen.SumOp'>
FAILED test/python/golden/ttir_ops/reduction/test_reduction.py::test_reduction_ops[ttnn-sum-dim_arg1-False-f32-32x128x128] - builder.base.builder_runtime.TTBuilderRuntimeException: No golden function found for TTIR operation: <class 'ttmlir.dialects._ttnn_ops_gen.SumOp'>
FAILED test/python/golden/ttir_ops/reduction/test_reduction.py::test_reduction_ops[ttnn-sum-dim_arg1-False-f32-1x1x1] - builder.base.builder_runtime.TTBuilderRuntimeException: No golden function found for TTIR operation: <class 'ttmlir.dialects._ttnn_ops_gen.SumOp'>
FAILED test/python/golden/ttir_ops/reduction/test_reduction.py::test_reduction_ops[ttnn-sum-dim_arg1-False-bf16-32x128x128] - builder.base.builder_runtime.TTBuilderRuntimeException: No golden function found for TTIR operation: <class 'ttmlir.dialects._ttnn_ops_gen.SumOp'>
FAILED test/python/golden/ttir_ops/reduction/test_reduction.py::test_reduction_ops[ttnn-sum-dim_arg1-False-bf16-1x1x1] - builder.base.builder_runtime.TTBuilderRuntimeException: No golden function found for TTIR operation: <class 'ttmlir.dialects._ttnn_ops_gen.SumOp'>
FAILED test/python/golden/ttir_ops/reduction/test_reduction.py::test_reduction_ops[ttnn-sum-dim_arg0-True-f32-32x128x128] - builder.base.builder_runtime.TTBuilderRuntimeException: No golden function found for TTIR operation: <class 'ttmlir.dialects._ttnn_ops_gen.SumOp'>
FAILED test/python/golden/ttir_ops/reduction/test_reduction.py::test_reduction_ops[ttnn-sum-dim_arg0-True-f32-1x1x1] - builder.base.builder_runtime.TTBuilderRuntimeException: No golden function found for TTIR operation: <class 'ttmlir.dialects._ttnn_ops_gen.SumOp'>
FAILED test/python/golden/ttir_ops/reduction/test_reduction.py::test_reduction_ops[ttnn-sum-dim_arg0-True-bf16-32x128x128] - builder.base.builder_runtime.TTBuilderRuntimeException: No golden function found for TTIR operation: <class 'ttmlir.dialects._ttnn_ops_gen.SumOp'>
FAILED test/python/golden/ttir_ops/reduction/test_reduction.py::test_reduction_ops[ttnn-sum-dim_arg0-True-bf16-1x1x1] - builder.base.builder_runtime.TTBuilderRuntimeException: No golden function found for TTIR operation: <class 'ttmlir.dialects._ttnn_ops_gen.SumOp'>
FAILED test/python/golden/ttir_ops/reduction/test_reduction.py::test_reduction_ops[ttnn-sum-dim_arg0-False-f32-32x128x128] - builder.base.builder_runtime.TTBuilderRuntimeException: No golden function found for TTIR operation: <class 'ttmlir.dialects._ttnn_ops_gen.SumOp'>
FAILED test/python/golden/ttir_ops/reduction/test_reduction.py::test_reduction_ops[ttnn-sum-dim_arg0-False-f32-1x1x1] - builder.base.builder_runtime.TTBuilderRuntimeException: No golden function found for TTIR operation: <class 'ttmlir.dialects._ttnn_ops_gen.SumOp'>
FAILED test/python/golden/ttir_ops/reduction/test_reduction.py::test_reduction_ops[ttnn-sum-dim_arg0-False-bf16-32x128x128] - builder.base.builder_runtime.TTBuilderRuntimeException: No golden function found for TTIR operation: <class 'ttmlir.dialects._ttnn_ops_gen.SumOp'>
FAILED test/python/golden/ttir_ops/reduction/test_reduction.py::test_reduction_ops[ttnn-sum-dim_arg0-False-bf16-1x1x1] - builder.base.builder_runtime.TTBuilderRuntimeException: No golden function found for TTIR operation: <class 'ttmlir.dialects._ttnn_ops_gen.SumOp'>
FAILED test/python/golden/ttir_ops/reduction/test_reduction.py::test_reduction_ops[ttnn-sum-None-True-f32-32x128x128] - builder.base.builder_runtime.TTBuilderRuntimeException: No golden function found for TTIR operation: <class 'ttmlir.dialects._ttnn_ops_gen.SumOp'>
FAILED test/python/golden/ttir_ops/reduction/test_reduction.py::test_reduction_ops[ttnn-sum-None-True-f32-1x1x1] - builder.base.builder_runtime.TTBuilderRuntimeException: No golden function found for TTIR operation: <class 'ttmlir.dialects._ttnn_ops_gen.SumOp'>
FAILED test/python/golden/ttir_ops/reduction/test_reduction.py::test_reduction_ops[ttnn-sum-None-True-bf16-32x128x128] - builder.base.builder_runtime.TTBuilderRuntimeException: No golden function found for TTIR operation: <class 'ttmlir.dialects._ttnn_ops_gen.SumOp'>
FAILED test/python/golden/ttir_ops/reduction/test_reduction.py::test_reduction_ops[ttnn-sum-None-True-bf16-1x1x1] - builder.base.builder_runtime.TTBuilderRuntimeException: No golden function found for TTIR operation: <class 'ttmlir.dialects._ttnn_ops_gen.SumOp'>
FAILED test/python/golden/ttir_ops/reduction/test_reduction.py::test_reduction_ops[ttnn-sum-None-False-f32-32x128x128] - builder.base.builder_runtime.TTBuilderRuntimeException: No golden function found for TTIR operation: <class 'ttmlir.dialects._ttnn_ops_gen.SumOp'>
FAILED test/python/golden/ttir_ops/reduction/test_reduction.py::test_reduction_ops[ttnn-sum-None-False-f32-1x1x1] - builder.base.builder_runtime.TTBuilderRuntimeException: No golden function found for TTIR operation: <class 'ttmlir.dialects._ttnn_ops_gen.SumOp'>
FAILED test/python/golden/ttir_ops/reduction/test_reduction.py::test_reduction_ops[ttnn-sum-None-False-bf16-32x128x128] - builder.base.builder_runtime.TTBuilderRuntimeException: No golden function found for TTIR operation: <class 'ttmlir.dialects._ttnn_ops_gen.SumOp'>
FAILED test/python/golden/ttir_ops/reduction/test_reduction.py::test_reduction_ops[ttnn-sum-None-False-bf16-1x1x1] - builder.base.builder_runtime.TTBuilderRuntimeException: No golden function found for TTIR operation: <class 'ttmlir.dialects._ttnn_ops_gen.SumOp'>
FAILED test/python/golden/ttir_ops/reduction/test_reduction.py::test_reduction_ops[ttnn-prod-dim_arg2-True-f32-32x128x128] - builder.base.builder_runtime.TTBuilderRuntimeException: No golden function found for TTIR operation: <class 'ttmlir.dialects._ttnn_ops_gen.ProdOp'>
FAILED test/python/golden/ttir_ops/reduction/test_reduction.py::test_reduction_ops[ttnn-prod-dim_arg2-True-f32-1x1x1] - builder.base.builder_runtime.TTBuilderRuntimeException: No golden function found for TTIR operation: <class 'ttmlir.dialects._ttnn_ops_gen.PadOp'>
FAILED test/python/golden/ttir_ops/reduction/test_reduction.py::test_reduction_ops[ttnn-prod-dim_arg2-True-bf16-32x128x128] - builder.base.builder_runtime.TTBuilderRuntimeException: No golden function found for TTIR operation: <class 'ttmlir.dialects._ttnn_ops_gen.ProdOp'>
FAILED test/python/golden/ttir_ops/reduction/test_reduction.py::test_reduction_ops[ttnn-prod-dim_arg2-True-bf16-1x1x1] - builder.base.builder_runtime.TTBuilderRuntimeException: No golden function found for TTIR operation: <class 'ttmlir.dialects._ttnn_ops_gen.PadOp'>
FAILED test/python/golden/ttir_ops/reduction/test_reduction.py::test_reduction_ops[ttnn-prod-dim_arg2-False-f32-32x128x128] - builder.base.builder_runtime.TTBuilderRuntimeException: No golden function found for TTIR operation: <class 'ttmlir.dialects._ttnn_ops_gen.ProdOp'>
FAILED test/python/golden/ttir_ops/reduction/test_reduction.py::test_reduction_ops[ttnn-prod-dim_arg2-False-f32-1x1x1] - builder.base.builder_runtime.TTBuilderRuntimeException: No golden function found for TTIR operation: <class 'ttmlir.dialects._ttnn_ops_gen.PadOp'>
FAILED test/python/golden/ttir_ops/reduction/test_reduction.py::test_reduction_ops[ttnn-prod-dim_arg2-False-bf16-32x128x128] - builder.base.builder_runtime.TTBuilderRuntimeException: No golden function found for TTIR operation: <class 'ttmlir.dialects._ttnn_ops_gen.ProdOp'>
FAILED test/python/golden/ttir_ops/reduction/test_reduction.py::test_reduction_ops[ttnn-prod-dim_arg2-False-bf16-1x1x1] - builder.base.builder_runtime.TTBuilderRuntimeException: No golden function found for TTIR operation: <class 'ttmlir.dialects._ttnn_ops_gen.PadOp'>
FAILED test/python/golden/ttir_ops/reduction/test_reduction.py::test_reduction_ops[ttnn-prod-dim_arg1-True-f32-32x128x128] - builder.base.builder_runtime.TTBuilderRuntimeException: No golden function found for TTIR operation: <class 'ttmlir.dialects._ttnn_ops_gen.ProdOp'>
FAILED test/python/golden/ttir_ops/reduction/test_reduction.py::test_reduction_ops[ttnn-prod-dim_arg1-True-f32-1x1x1] - builder.base.builder_runtime.TTBuilderRuntimeException: No golden function found for TTIR operation: <class 'ttmlir.dialects._ttnn_ops_gen.PadOp'>
FAILED test/python/golden/ttir_ops/reduction/test_reduction.py::test_reduction_ops[ttnn-prod-dim_arg1-True-bf16-32x128x128] - builder.base.builder_runtime.TTBuilderRuntimeException: No golden function found for TTIR operation: <class 'ttmlir.dialects._ttnn_ops_gen.ProdOp'>
FAILED test/python/golden/ttir_ops/reduction/test_reduction.py::test_reduction_ops[ttnn-prod-dim_arg1-True-bf16-1x1x1] - builder.base.builder_runtime.TTBuilderRuntimeException: No golden function found for TTIR operation: <class 'ttmlir.dialects._ttnn_ops_gen.PadOp'>
FAILED test/python/golden/ttir_ops/reduction/test_reduction.py::test_reduction_ops[ttnn-prod-dim_arg1-False-f32-32x128x128] - builder.base.builder_runtime.TTBuilderRuntimeException: No golden function found for TTIR operation: <class 'ttmlir.dialects._ttnn_ops_gen.ProdOp'>
FAILED test/python/golden/ttir_ops/reduction/test_reduction.py::test_reduction_ops[ttnn-prod-dim_arg1-False-f32-1x1x1] - builder.base.builder_runtime.TTBuilderRuntimeException: No golden function found for TTIR operation: <class 'ttmlir.dialects._ttnn_ops_gen.PadOp'>
FAILED test/python/golden/ttir_ops/reduction/test_reduction.py::test_reduction_ops[ttnn-prod-dim_arg1-False-bf16-32x128x128] - builder.base.builder_runtime.TTBuilderRuntimeException: No golden function found for TTIR operation: <class 'ttmlir.dialects._ttnn_ops_gen.ProdOp'>
FAILED test/python/golden/ttir_ops/reduction/test_reduction.py::test_reduction_ops[ttnn-prod-dim_arg1-False-bf16-1x1x1] - builder.base.builder_runtime.TTBuilderRuntimeException: No golden function found for TTIR operation: <class 'ttmlir.dialects._ttnn_ops_gen.PadOp'>
FAILED test/python/golden/ttir_ops/reduction/test_reduction.py::test_reduction_ops[ttnn-prod-dim_arg0-True-f32-32x128x128] - builder.base.builder_runtime.TTBuilderRuntimeException: No golden function found for TTIR operation: <class 'ttmlir.dialects._ttnn_ops_gen.ProdOp'>
FAILED test/python/golden/ttir_ops/reduction/test_reduction.py::test_reduction_ops[ttnn-prod-dim_arg0-True-f32-1x1x1] - builder.base.builder_runtime.TTBuilderRuntimeException: No golden function found for TTIR operation: <class 'ttmlir.dialects._ttnn_ops_gen.ProdOp'>
FAILED test/python/golden/ttir_ops/reduction/test_reduction.py::test_reduction_ops[ttnn-prod-dim_arg0-True-bf16-32x128x128] - builder.base.builder_runtime.TTBuilderRuntimeException: No golden function found for TTIR operation: <class 'ttmlir.dialects._ttnn_ops_gen.ProdOp'>
FAILED test/python/golden/ttir_ops/reduction/test_reduction.py::test_reduction_ops[ttnn-prod-dim_arg0-True-bf16-1x1x1] - builder.base.builder_runtime.TTBuilderRuntimeException: No golden function found for TTIR operation: <class 'ttmlir.dialects._ttnn_ops_gen.ProdOp'>
FAILED test/python/golden/ttir_ops/reduction/test_reduction.py::test_reduction_ops[ttnn-prod-dim_arg0-False-f32-32x128x128] - builder.base.builder_runtime.TTBuilderRuntimeException: No golden function found for TTIR operation: <class 'ttmlir.dialects._ttnn_ops_gen.ProdOp'>
FAILED test/python/golden/ttir_ops/reduction/test_reduction.py::test_reduction_ops[ttnn-prod-dim_arg0-False-f32-1x1x1] - builder.base.builder_runtime.TTBuilderRuntimeException: No golden function found for TTIR operation: <class 'ttmlir.dialects._ttnn_ops_gen.ProdOp'>
FAILED test/python/golden/ttir_ops/reduction/test_reduction.py::test_reduction_ops[ttnn-prod-dim_arg0-False-bf16-32x128x128] - builder.base.builder_runtime.TTBuilderRuntimeException: No golden function found for TTIR operation: <class 'ttmlir.dialects._ttnn_ops_gen.ProdOp'>
FAILED test/python/golden/ttir_ops/reduction/test_reduction.py::test_reduction_ops[ttnn-prod-dim_arg0-False-bf16-1x1x1] - builder.base.builder_runtime.TTBuilderRuntimeException: No golden function found for TTIR operation: <class 'ttmlir.dialects._ttnn_ops_gen.ProdOp'>
FAILED test/python/golden/ttir_ops/reduction/test_reduction.py::test_reduction_ops[ttnn-prod-None-True-f32-32x128x128] - builder.base.builder_runtime.TTBuilderRuntimeException: No golden function found for TTIR operation: <class 'ttmlir.dialects._ttnn_ops_gen.ProdOp'>
FAILED test/python/golden/ttir_ops/reduction/test_reduction.py::test_reduction_ops[ttnn-prod-None-True-f32-1x1x1] - builder.base.builder_runtime.TTBuilderRuntimeException: No golden function found for TTIR operation: <class 'ttmlir.dialects._ttnn_ops_gen.PadOp'>
FAILED test/python/golden/ttir_ops/reduction/test_reduction.py::test_reduction_ops[ttnn-prod-None-True-bf16-32x128x128] - builder.base.builder_runtime.TTBuilderRuntimeException: No golden function found for TTIR operation: <class 'ttmlir.dialects._ttnn_ops_gen.ProdOp'>
FAILED test/python/golden/ttir_ops/reduction/test_reduction.py::test_reduction_ops[ttnn-prod-None-True-bf16-1x1x1] - builder.base.builder_runtime.TTBuilderRuntimeException: No golden function found for TTIR operation: <class 'ttmlir.dialects._ttnn_ops_gen.PadOp'>
FAILED test/python/golden/ttir_ops/reduction/test_reduction.py::test_reduction_ops[ttnn-prod-None-False-f32-32x128x128] - builder.base.builder_runtime.TTBuilderRuntimeException: No golden function found for TTIR operation: <class 'ttmlir.dialects._ttnn_ops_gen.ProdOp'>
FAILED test/python/golden/ttir_ops/reduction/test_reduction.py::test_reduction_ops[ttnn-prod-None-False-f32-1x1x1] - builder.base.builder_runtime.TTBuilderRuntimeException: No golden function found for TTIR operation: <class 'ttmlir.dialects._ttnn_ops_gen.PadOp'>
FAILED test/python/golden/ttir_ops/reduction/test_reduction.py::test_reduction_ops[ttnn-prod-None-False-bf16-32x128x128] - builder.base.builder_runtime.TTBuilderRuntimeException: No golden function found for TTIR operation: <class 'ttmlir.dialects._ttnn_ops_gen.ProdOp'>
FAILED test/python/golden/ttir_ops/reduction/test_reduction.py::test_reduction_ops[ttnn-prod-None-False-bf16-1x1x1] - builder.base.builder_runtime.TTBuilderRuntimeException: No golden function found for TTIR operation: <class 'ttmlir.dialects._ttnn_ops_gen.PadOp'>
FAILED test/python/golden/ttir_ops/reduction/test_reduction.py::test_reduction_ops[ttnn-min-dim_arg2-True-f32-32x128x128] - builder.base.builder_runtime.TTBuilderRuntimeException: No golden function found for TTIR operation: <class 'ttmlir.dialects._ttnn_ops_gen.MinOp'>
FAILED test/python/golden/ttir_ops/reduction/test_reduction.py::test_reduction_ops[ttnn-min-dim_arg2-True-f32-1x1x1] - builder.base.builder_runtime.TTBuilderRuntimeException: No golden function found for TTIR operation: <class 'ttmlir.dialects._ttnn_ops_gen.MinOp'>
FAILED test/python/golden/ttir_ops/reduction/test_reduction.py::test_reduction_ops[ttnn-min-dim_arg2-True-bf16-32x128x128] - builder.base.builder_runtime.TTBuilderRuntimeException: No golden function found for TTIR operation: <class 'ttmlir.dialects._ttnn_ops_gen.MinOp'>
FAILED test/python/golden/ttir_ops/reduction/test_reduction.py::test_reduction_ops[ttnn-min-dim_arg2-True-bf16-1x1x1] - builder.base.builder_runtime.TTBuilderRuntimeException: No golden function found for TTIR operation: <class 'ttmlir.dialects._ttnn_ops_gen.MinOp'>
FAILED test/python/golden/ttir_ops/reduction/test_reduction.py::test_reduction_ops[ttnn-min-dim_arg2-False-f32-32x128x128] - builder.base.builder_runtime.TTBuilderRuntimeException: No golden function found for TTIR operation: <class 'ttmlir.dialects._ttnn_ops_gen.MinOp'>
FAILED test/python/golden/ttir_ops/reduction/test_reduction.py::test_reduction_ops[ttnn-min-dim_arg2-False-f32-1x1x1] - builder.base.builder_runtime.TTBuilderRuntimeException: No golden function found for TTIR operation: <class 'ttmlir.dialects._ttnn_ops_gen.MinOp'>
FAILED test/python/golden/ttir_ops/reduction/test_reduction.py::test_reduction_ops[ttnn-min-dim_arg2-False-bf16-32x128x128] - builder.base.builder_runtime.TTBuilderRuntimeException: No golden function found for TTIR operation: <class 'ttmlir.dialects._ttnn_ops_gen.MinOp'>
FAILED test/python/golden/ttir_ops/reduction/test_reduction.py::test_reduction_ops[ttnn-min-dim_arg2-False-bf16-1x1x1] - builder.base.builder_runtime.TTBuilderRuntimeException: No golden function found for TTIR operation: <class 'ttmlir.dialects._ttnn_ops_gen.MinOp'>
FAILED test/python/golden/ttir_ops/reduction/test_reduction.py::test_reduction_ops[ttnn-min-dim_arg1-True-f32-32x128x128] - builder.base.builder_runtime.TTBuilderRuntimeException: No golden function found for TTIR operation: <class 'ttmlir.dialects._ttnn_ops_gen.MinOp'>
FAILED test/python/golden/ttir_ops/reduction/test_reduction.py::test_reduction_ops[ttnn-min-dim_arg1-True-f32-1x1x1] - builder.base.builder_runtime.TTBuilderRuntimeException: No golden function found for TTIR operation: <class 'ttmlir.dialects._ttnn_ops_gen.MinOp'>
FAILED test/python/golden/ttir_ops/reduction/test_reduction.py::test_reduction_ops[ttnn-min-dim_arg1-True-bf16-32x128x128] - builder.base.builder_runtime.TTBuilderRuntimeException: No golden function found for TTIR operation: <class 'ttmlir.dialects._ttnn_ops_gen.MinOp'>
FAILED test/python/golden/ttir_ops/reduction/test_reduction.py::test_reduction_ops[ttnn-min-dim_arg1-True-bf16-1x1x1] - builder.base.builder_runtime.TTBuilderRuntimeException: No golden function found for TTIR operation: <class 'ttmlir.dialects._ttnn_ops_gen.MinOp'>
FAILED test/python/golden/ttir_ops/reduction/test_reduction.py::test_reduction_ops[ttnn-min-dim_arg1-False-f32-32x128x128] - builder.base.builder_runtime.TTBuilderRuntimeException: No golden function found for TTIR operation: <class 'ttmlir.dialects._ttnn_ops_gen.MinOp'>
FAILED test/python/golden/ttir_ops/reduction/test_reduction.py::test_reduction_ops[ttnn-min-dim_arg1-False-f32-1x1x1] - builder.base.builder_runtime.TTBuilderRuntimeException: No golden function found for TTIR operation: <class 'ttmlir.dialects._ttnn_ops_gen.MinOp'>
FAILED test/python/golden/ttir_ops/reduction/test_reduction.py::test_reduction_ops[ttnn-min-dim_arg1-False-bf16-32x128x128] - builder.base.builder_runtime.TTBuilderRuntimeException: No golden function found for TTIR operation: <class 'ttmlir.dialects._ttnn_ops_gen.MinOp'>
FAILED test/python/golden/ttir_ops/reduction/test_reduction.py::test_reduction_ops[ttnn-min-dim_arg1-False-bf16-1x1x1] - builder.base.builder_runtime.TTBuilderRuntimeException: No golden function found for TTIR operation: <class 'ttmlir.dialects._ttnn_ops_gen.MinOp'>
FAILED test/python/golden/ttir_ops/reduction/test_reduction.py::test_reduction_ops[ttnn-min-dim_arg0-True-f32-32x128x128] - builder.base.builder_runtime.TTBuilderRuntimeException: No golden function found for TTIR operation: <class 'ttmlir.dialects._ttnn_ops_gen.MinOp'>
FAILED test/python/golden/ttir_ops/reduction/test_reduction.py::test_reduction_ops[ttnn-min-dim_arg0-True-f32-1x1x1] - builder.base.builder_runtime.TTBuilderRuntimeException: No golden function found for TTIR operation: <class 'ttmlir.dialects._ttnn_ops_gen.MinOp'>
FAILED test/python/golden/ttir_ops/reduction/test_reduction.py::test_reduction_ops[ttnn-min-dim_arg0-True-bf16-32x128x128] - builder.base.builder_runtime.TTBuilderRuntimeException: No golden function found for TTIR operation: <class 'ttmlir.dialects._ttnn_ops_gen.MinOp'>
FAILED test/python/golden/ttir_ops/reduction/test_reduction.py::test_reduction_ops[ttnn-min-dim_arg0-True-bf16-1x1x1] - builder.base.builder_runtime.TTBuilderRuntimeException: No golden function found for TTIR operation: <class 'ttmlir.dialects._ttnn_ops_gen.MinOp'>
FAILED test/python/golden/ttir_ops/reduction/test_reduction.py::test_reduction_ops[ttnn-min-dim_arg0-False-f32-32x128x128] - builder.base.builder_runtime.TTBuilderRuntimeException: No golden function found for TTIR operation: <class 'ttmlir.dialects._ttnn_ops_gen.MinOp'>
FAILED test/python/golden/ttir_ops/reduction/test_reduction.py::test_reduction_ops[ttnn-min-dim_arg0-False-f32-1x1x1] - builder.base.builder_runtime.TTBuilderRuntimeException: No golden function found for TTIR operation: <class 'ttmlir.dialects._ttnn_ops_gen.MinOp'>
FAILED test/python/golden/ttir_ops/reduction/test_reduction.py::test_reduction_ops[ttnn-min-dim_arg0-False-bf16-32x128x128] - builder.base.builder_runtime.TTBuilderRuntimeException: No golden function found for TTIR operation: <class 'ttmlir.dialects._ttnn_ops_gen.MinOp'>
FAILED test/python/golden/ttir_ops/reduction/test_reduction.py::test_reduction_ops[ttnn-min-dim_arg0-False-bf16-1x1x1] - builder.base.builder_runtime.TTBuilderRuntimeException: No golden function found for TTIR operation: <class 'ttmlir.dialects._ttnn_ops_gen.MinOp'>
FAILED test/python/golden/ttir_ops/reduction/test_reduction.py::test_reduction_ops[ttnn-min-None-True-f32-32x128x128] - builder.base.builder_runtime.TTBuilderRuntimeException: No golden function found for TTIR operation: <class 'ttmlir.dialects._ttnn_ops_gen.MinOp'>
FAILED test/python/golden/ttir_ops/reduction/test_reduction.py::test_reduction_ops[ttnn-min-None-True-f32-1x1x1] - builder.base.builder_runtime.TTBuilderRuntimeException: No golden function found for TTIR operation: <class 'ttmlir.dialects._ttnn_ops_gen.MinOp'>
FAILED test/python/golden/ttir_ops/reduction/test_reduction.py::test_reduction_ops[ttnn-min-None-True-bf16-32x128x128] - builder.base.builder_runtime.TTBuilderRuntimeException: No golden function found for TTIR operation: <class 'ttmlir.dialects._ttnn_ops_gen.MinOp'>
FAILED test/python/golden/ttir_ops/reduction/test_reduction.py::test_reduction_ops[ttnn-min-None-True-bf16-1x1x1] - builder.base.builder_runtime.TTBuilderRuntimeException: No golden function found for TTIR operation: <class 'ttmlir.dialects._ttnn_ops_gen.MinOp'>
FAILED test/python/golden/ttir_ops/reduction/test_reduction.py::test_reduction_ops[ttnn-min-None-False-f32-32x128x128] - builder.base.builder_runtime.TTBuilderRuntimeException: No golden function found for TTIR operation: <class 'ttmlir.dialects._ttnn_ops_gen.MinOp'>
FAILED test/python/golden/ttir_ops/reduction/test_reduction.py::test_reduction_ops[ttnn-min-None-False-f32-1x1x1] - builder.base.builder_runtime.TTBuilderRuntimeException: No golden function found for TTIR operation: <class 'ttmlir.dialects._ttnn_ops_gen.MinOp'>
FAILED test/python/golden/ttir_ops/reduction/test_reduction.py::test_reduction_ops[ttnn-min-None-False-bf16-32x128x128] - builder.base.builder_runtime.TTBuilderRuntimeException: No golden function found for TTIR operation: <class 'ttmlir.dialects._ttnn_ops_gen.MinOp'>
FAILED test/python/golden/ttir_ops/reduction/test_reduction.py::test_reduction_ops[ttnn-min-None-False-bf16-1x1x1] - builder.base.builder_runtime.TTBuilderRuntimeException: No golden function found for TTIR operation: <class 'ttmlir.dialects._ttnn_ops_gen.MinOp'>
FAILED test/python/golden/ttir_ops/reduction/test_reduction.py::test_reduction_ops[ttnn-mean-dim_arg2-True-f32-32x128x128] - builder.base.builder_runtime.TTBuilderRuntimeException: No golden function found for TTIR operation: <class 'ttmlir.dialects._ttnn_ops_gen.MeanOp'>
FAILED test/python/golden/ttir_ops/reduction/test_reduction.py::test_reduction_ops[ttnn-mean-dim_arg2-True-f32-1x1x1] - builder.base.builder_runtime.TTBuilderRuntimeException: No golden function found for TTIR operation: <class 'ttmlir.dialects._ttnn_ops_gen.MeanOp'>
FAILED test/python/golden/ttir_ops/reduction/test_reduction.py::test_reduction_ops[ttnn-mean-dim_arg2-True-bf16-32x128x128] - builder.base.builder_runtime.TTBuilderRuntimeException: No golden function found for TTIR operation: <class 'ttmlir.dialects._ttnn_ops_gen.MeanOp'>
FAILED test/python/golden/ttir_ops/reduction/test_reduction.py::test_reduction_ops[ttnn-mean-dim_arg2-True-bf16-1x1x1] - builder.base.builder_runtime.TTBuilderRuntimeException: No golden function found for TTIR operation: <class 'ttmlir.dialects._ttnn_ops_gen.MeanOp'>
FAILED test/python/golden/ttir_ops/reduction/test_reduction.py::test_reduction_ops[ttnn-mean-dim_arg2-False-f32-32x128x128] - builder.base.builder_runtime.TTBuilderRuntimeException: No golden function found for TTIR operation: <class 'ttmlir.dialects._ttnn_ops_gen.MeanOp'>
FAILED test/python/golden/ttir_ops/reduction/test_reduction.py::test_reduction_ops[ttnn-mean-dim_arg2-False-f32-1x1x1] - builder.base.builder_runtime.TTBuilderRuntimeException: No golden function found for TTIR operation: <class 'ttmlir.dialects._ttnn_ops_gen.MeanOp'>
FAILED test/python/golden/ttir_ops/reduction/test_reduction.py::test_reduction_ops[ttnn-mean-dim_arg2-False-bf16-32x128x128] - builder.base.builder_runtime.TTBuilderRuntimeException: No golden function found for TTIR operation: <class 'ttmlir.dialects._ttnn_ops_gen.MeanOp'>
FAILED test/python/golden/ttir_ops/reduction/test_reduction.py::test_reduction_ops[ttnn-mean-dim_arg2-False-bf16-1x1x1] - builder.base.builder_runtime.TTBuilderRuntimeException: No golden function found for TTIR operation: <class 'ttmlir.dialects._ttnn_ops_gen.MeanOp'>
FAILED test/python/golden/ttir_ops/reduction/test_reduction.py::test_reduction_ops[ttnn-mean-dim_arg1-True-f32-32x128x128] - builder.base.builder_runtime.TTBuilderRuntimeException: No golden function found for TTIR operation: <class 'ttmlir.dialects._ttnn_ops_gen.MeanOp'>
FAILED test/python/golden/ttir_ops/reduction/test_reduction.py::test_reduction_ops[ttnn-mean-dim_arg1-True-f32-1x1x1] - builder.base.builder_runtime.TTBuilderRuntimeException: No golden function found for TTIR operation: <class 'ttmlir.dialects._ttnn_ops_gen.MeanOp'>
FAILED test/python/golden/ttir_ops/reduction/test_reduction.py::test_reduction_ops[ttnn-mean-dim_arg1-True-bf16-32x128x128] - builder.base.builder_runtime.TTBuilderRuntimeException: No golden function found for TTIR operation: <class 'ttmlir.dialects._ttnn_ops_gen.MeanOp'>
FAILED test/python/golden/ttir_ops/reduction/test_reduction.py::test_reduction_ops[ttnn-mean-dim_arg1-True-bf16-1x1x1] - builder.base.builder_runtime.TTBuilderRuntimeException: No golden function found for TTIR operation: <class 'ttmlir.dialects._ttnn_ops_gen.MeanOp'>
FAILED test/python/golden/ttir_ops/reduction/test_reduction.py::test_reduction_ops[ttnn-mean-dim_arg1-False-f32-32x128x128] - builder.base.builder_runtime.TTBuilderRuntimeException: No golden function found for TTIR operation: <class 'ttmlir.dialects._ttnn_ops_gen.MeanOp'>
FAILED test/python/golden/ttir_ops/reduction/test_reduction.py::test_reduction_ops[ttnn-mean-dim_arg1-False-f32-1x1x1] - builder.base.builder_runtime.TTBuilderRuntimeException: No golden function found for TTIR operation: <class 'ttmlir.dialects._ttnn_ops_gen.MeanOp'>
FAILED test/python/golden/ttir_ops/reduction/test_reduction.py::test_reduction_ops[ttnn-mean-dim_arg1-False-bf16-32x128x128] - builder.base.builder_runtime.TTBuilderRuntimeException: No golden function found for TTIR operation: <class 'ttmlir.dialects._ttnn_ops_gen.MeanOp'>
FAILED test/python/golden/ttir_ops/reduction/test_reduction.py::test_reduction_ops[ttnn-mean-dim_arg1-False-bf16-1x1x1] - builder.base.builder_runtime.TTBuilderRuntimeException: No golden function found for TTIR operation: <class 'ttmlir.dialects._ttnn_ops_gen.MeanOp'>
FAILED test/python/golden/ttir_ops/reduction/test_reduction.py::test_reduction_ops[ttnn-mean-dim_arg0-True-f32-32x128x128] - builder.base.builder_runtime.TTBuilderRuntimeException: No golden function found for TTIR operation: <class 'ttmlir.dialects._ttnn_ops_gen.MeanOp'>
FAILED test/python/golden/ttir_ops/reduction/test_reduction.py::test_reduction_ops[ttnn-mean-dim_arg0-True-f32-1x1x1] - builder.base.builder_runtime.TTBuilderRuntimeException: No golden function found for TTIR operation: <class 'ttmlir.dialects._ttnn_ops_gen.MeanOp'>
FAILED test/python/golden/ttir_ops/reduction/test_reduction.py::test_reduction_ops[ttnn-mean-dim_arg0-True-bf16-32x128x128] - builder.base.builder_runtime.TTBuilderRuntimeException: No golden function found for TTIR operation: <class 'ttmlir.dialects._ttnn_ops_gen.MeanOp'>
FAILED test/python/golden/ttir_ops/reduction/test_reduction.py::test_reduction_ops[ttnn-mean-dim_arg0-True-bf16-1x1x1] - builder.base.builder_runtime.TTBuilderRuntimeException: No golden function found for TTIR operation: <class 'ttmlir.dialects._ttnn_ops_gen.MeanOp'>
FAILED test/python/golden/ttir_ops/reduction/test_reduction.py::test_reduction_ops[ttnn-mean-dim_arg0-False-f32-32x128x128] - builder.base.builder_runtime.TTBuilderRuntimeException: No golden function found for TTIR operation: <class 'ttmlir.dialects._ttnn_ops_gen.MeanOp'>
FAILED test/python/golden/ttir_ops/reduction/test_reduction.py::test_reduction_ops[ttnn-mean-dim_arg0-False-f32-1x1x1] - builder.base.builder_runtime.TTBuilderRuntimeException: No golden function found for TTIR operation: <class 'ttmlir.dialects._ttnn_ops_gen.MeanOp'>
FAILED test/python/golden/ttir_ops/reduction/test_reduction.py::test_reduction_ops[ttnn-mean-dim_arg0-False-bf16-32x128x128] - builder.base.builder_runtime.TTBuilderRuntimeException: No golden function found for TTIR operation: <class 'ttmlir.dialects._ttnn_ops_gen.MeanOp'>
FAILED test/python/golden/ttir_ops/reduction/test_reduction.py::test_reduction_ops[ttnn-mean-dim_arg0-False-bf16-1x1x1] - builder.base.builder_runtime.TTBuilderRuntimeException: No golden function found for TTIR operation: <class 'ttmlir.dialects._ttnn_ops_gen.MeanOp'>
FAILED test/python/golden/ttir_ops/reduction/test_reduction.py::test_reduction_ops[ttnn-mean-None-True-f32-32x128x128] - builder.base.builder_runtime.TTBuilderRuntimeException: No golden function found for TTIR operation: <class 'ttmlir.dialects._ttnn_ops_gen.MeanOp'>
FAILED test/python/golden/ttir_ops/reduction/test_reduction.py::test_reduction_ops[ttnn-mean-None-True-f32-1x1x1] - builder.base.builder_runtime.TTBuilderRuntimeException: No golden function found for TTIR operation: <class 'ttmlir.dialects._ttnn_ops_gen.MeanOp'>
FAILED test/python/golden/ttir_ops/reduction/test_reduction.py::test_reduction_ops[ttnn-mean-None-True-bf16-32x128x128] - builder.base.builder_runtime.TTBuilderRuntimeException: No golden function found for TTIR operation: <class 'ttmlir.dialects._ttnn_ops_gen.MeanOp'>
FAILED test/python/golden/ttir_ops/reduction/test_reduction.py::test_reduction_ops[ttnn-mean-None-True-bf16-1x1x1] - builder.base.builder_runtime.TTBuilderRuntimeException: No golden function found for TTIR operation: <class 'ttmlir.dialects._ttnn_ops_gen.MeanOp'>
FAILED test/python/golden/ttir_ops/reduction/test_reduction.py::test_reduction_ops[ttnn-mean-None-False-f32-32x128x128] - builder.base.builder_runtime.TTBuilderRuntimeException: No golden function found for TTIR operation: <class 'ttmlir.dialects._ttnn_ops_gen.MeanOp'>
FAILED test/python/golden/ttir_ops/reduction/test_reduction.py::test_reduction_ops[ttnn-mean-None-False-f32-1x1x1] - builder.base.builder_runtime.TTBuilderRuntimeException: No golden function found for TTIR operation: <class 'ttmlir.dialects._ttnn_ops_gen.MeanOp'>
FAILED test/python/golden/ttir_ops/reduction/test_reduction.py::test_reduction_ops[ttnn-mean-None-False-bf16-32x128x128] - builder.base.builder_runtime.TTBuilderRuntimeException: No golden function found for TTIR operation: <class 'ttmlir.dialects._ttnn_ops_gen.MeanOp'>
FAILED test/python/golden/ttir_ops/reduction/test_reduction.py::test_reduction_ops[ttnn-mean-None-False-bf16-1x1x1] - builder.base.builder_runtime.TTBuilderRuntimeException: No golden function found for TTIR operation: <class 'ttmlir.dialects._ttnn_ops_gen.MeanOp'>
FAILED test/python/golden/ttir_ops/reduction/test_reduction.py::test_reduction_ops[ttnn-max-dim_arg2-True-f32-32x128x128] - builder.base.builder_runtime.TTBuilderRuntimeException: No golden function found for TTIR operation: <class 'ttmlir.dialects._ttnn_ops_gen.MaxOp'>
FAILED test/python/golden/ttir_ops/reduction/test_reduction.py::test_reduction_ops[ttnn-max-dim_arg2-True-f32-1x1x1] - builder.base.builder_runtime.TTBuilderRuntimeException: No golden function found for TTIR operation: <class 'ttmlir.dialects._ttnn_ops_gen.MaxOp'>
FAILED test/python/golden/ttir_ops/reduction/test_reduction.py::test_reduction_ops[ttnn-max-dim_arg2-True-bf16-32x128x128] - builder.base.builder_runtime.TTBuilderRuntimeException: No golden function found for TTIR operation: <class 'ttmlir.dialects._ttnn_ops_gen.MaxOp'>
FAILED test/python/golden/ttir_ops/reduction/test_reduction.py::test_reduction_ops[ttnn-max-dim_arg2-True-bf16-1x1x1] - builder.base.builder_runtime.TTBuilderRuntimeException: No golden function found for TTIR operation: <class 'ttmlir.dialects._ttnn_ops_gen.MaxOp'>
FAILED test/python/golden/ttir_ops/reduction/test_reduction.py::test_reduction_ops[ttnn-max-dim_arg2-False-f32-32x128x128] - builder.base.builder_runtime.TTBuilderRuntimeException: No golden function found for TTIR operation: <class 'ttmlir.dialects._ttnn_ops_gen.MaxOp'>
FAILED test/python/golden/ttir_ops/reduction/test_reduction.py::test_reduction_ops[ttnn-max-dim_arg2-False-f32-1x1x1] - builder.base.builder_runtime.TTBuilderRuntimeException: No golden function found for TTIR operation: <class 'ttmlir.dialects._ttnn_ops_gen.MaxOp'>
FAILED test/python/golden/ttir_ops/reduction/test_reduction.py::test_reduction_ops[ttnn-max-dim_arg2-False-bf16-32x128x128] - builder.base.builder_runtime.TTBuilderRuntimeException: No golden function found for TTIR operation: <class 'ttmlir.dialects._ttnn_ops_gen.MaxOp'>
FAILED test/python/golden/ttir_ops/reduction/test_reduction.py::test_reduction_ops[ttnn-max-dim_arg2-False-bf16-1x1x1] - builder.base.builder_runtime.TTBuilderRuntimeException: No golden function found for TTIR operation: <class 'ttmlir.dialects._ttnn_ops_gen.MaxOp'>
FAILED test/python/golden/ttir_ops/reduction/test_reduction.py::test_reduction_ops[ttnn-max-dim_arg1-True-f32-32x128x128] - builder.base.builder_runtime.TTBuilderRuntimeException: No golden function found for TTIR operation: <class 'ttmlir.dialects._ttnn_ops_gen.MaxOp'>
FAILED test/python/golden/ttir_ops/reduction/test_reduction.py::test_reduction_ops[ttnn-max-dim_arg1-True-f32-1x1x1] - builder.base.builder_runtime.TTBuilderRuntimeException: No golden function found for TTIR operation: <class 'ttmlir.dialects._ttnn_ops_gen.MaxOp'>
FAILED test/python/golden/ttir_ops/reduction/test_reduction.py::test_reduction_ops[ttnn-max-dim_arg1-True-bf16-32x128x128] - builder.base.builder_runtime.TTBuilderRuntimeException: No golden function found for TTIR operation: <class 'ttmlir.dialects._ttnn_ops_gen.MaxOp'>
FAILED test/python/golden/ttir_ops/reduction/test_reduction.py::test_reduction_ops[ttnn-max-dim_arg1-True-bf16-1x1x1] - builder.base.builder_runtime.TTBuilderRuntimeException: No golden function found for TTIR operation: <class 'ttmlir.dialects._ttnn_ops_gen.MaxOp'>
FAILED test/python/golden/ttir_ops/reduction/test_reduction.py::test_reduction_ops[ttnn-max-dim_arg1-False-f32-32x128x128] - builder.base.builder_runtime.TTBuilderRuntimeException: No golden function found for TTIR operation: <class 'ttmlir.dialects._ttnn_ops_gen.MaxOp'>
FAILED test/python/golden/ttir_ops/reduction/test_reduction.py::test_reduction_ops[ttnn-max-dim_arg1-False-f32-1x1x1] - builder.base.builder_runtime.TTBuilderRuntimeException: No golden function found for TTIR operation: <class 'ttmlir.dialects._ttnn_ops_gen.MaxOp'>
FAILED test/python/golden/ttir_ops/reduction/test_reduction.py::test_reduction_ops[ttnn-max-dim_arg1-False-bf16-32x128x128] - builder.base.builder_runtime.TTBuilderRuntimeException: No golden function found for TTIR operation: <class 'ttmlir.dialects._ttnn_ops_gen.MaxOp'>
FAILED test/python/golden/ttir_ops/reduction/test_reduction.py::test_reduction_ops[ttnn-max-dim_arg1-False-bf16-1x1x1] - builder.base.builder_runtime.TTBuilderRuntimeException: No golden function found for TTIR operation: <class 'ttmlir.dialects._ttnn_ops_gen.MaxOp'>
FAILED test/python/golden/ttir_ops/reduction/test_reduction.py::test_reduction_ops[ttnn-max-dim_arg0-True-f32-32x128x128] - builder.base.builder_runtime.TTBuilderRuntimeException: No golden function found for TTIR operation: <class 'ttmlir.dialects._ttnn_ops_gen.MaxOp'>
FAILED test/python/golden/ttir_ops/reduction/test_reduction.py::test_reduction_ops[ttnn-max-dim_arg0-True-f32-1x1x1] - builder.base.builder_runtime.TTBuilderRuntimeException: No golden function found for TTIR operation: <class 'ttmlir.dialects._ttnn_ops_gen.MaxOp'>
FAILED test/python/golden/ttir_ops/reduction/test_reduction.py::test_reduction_ops[ttnn-max-dim_arg0-True-bf16-32x128x128] - builder.base.builder_runtime.TTBuilderRuntimeException: No golden function found for TTIR operation: <class 'ttmlir.dialects._ttnn_ops_gen.MaxOp'>
FAILED test/python/golden/ttir_ops/reduction/test_reduction.py::test_reduction_ops[ttnn-max-dim_arg0-True-bf16-1x1x1] - builder.base.builder_runtime.TTBuilderRuntimeException: No golden function found for TTIR operation: <class 'ttmlir.dialects._ttnn_ops_gen.MaxOp'>
FAILED test/python/golden/ttir_ops/reduction/test_reduction.py::test_reduction_ops[ttnn-max-dim_arg0-False-f32-32x128x128] - builder.base.builder_runtime.TTBuilderRuntimeException: No golden function found for TTIR operation: <class 'ttmlir.dialects._ttnn_ops_gen.MaxOp'>
FAILED test/python/golden/ttir_ops/reduction/test_reduction.py::test_reduction_ops[ttnn-max-dim_arg0-False-f32-1x1x1] - builder.base.builder_runtime.TTBuilderRuntimeException: No golden function found for TTIR operation: <class 'ttmlir.dialects._ttnn_ops_gen.MaxOp'>
FAILED test/python/golden/ttir_ops/reduction/test_reduction.py::test_reduction_ops[ttnn-max-dim_arg0-False-bf16-32x128x128] - builder.base.builder_runtime.TTBuilderRuntimeException: No golden function found for TTIR operation: <class 'ttmlir.dialects._ttnn_ops_gen.MaxOp'>
FAILED test/python/golden/ttir_ops/reduction/test_reduction.py::test_reduction_ops[ttnn-max-dim_arg0-False-bf16-1x1x1] - builder.base.builder_runtime.TTBuilderRuntimeException: No golden function found for TTIR operation: <class 'ttmlir.dialects._ttnn_ops_gen.MaxOp'>
FAILED test/python/golden/ttir_ops/reduction/test_reduction.py::test_reduction_ops[ttnn-max-None-True-f32-32x128x128] - builder.base.builder_runtime.TTBuilderRuntimeException: No golden function found for TTIR operation: <class 'ttmlir.dialects._ttnn_ops_gen.MaxOp'>
FAILED test/python/golden/ttir_ops/reduction/test_reduction.py::test_reduction_ops[ttnn-max-None-True-f32-1x1x1] - builder.base.builder_runtime.TTBuilderRuntimeException: No golden function found for TTIR operation: <class 'ttmlir.dialects._ttnn_ops_gen.MaxOp'>
FAILED test/python/golden/ttir_ops/reduction/test_reduction.py::test_reduction_ops[ttnn-max-None-True-bf16-32x128x128] - builder.base.builder_runtime.TTBuilderRuntimeException: No golden function found for TTIR operation: <class 'ttmlir.dialects._ttnn_ops_gen.MaxOp'>
FAILED test/python/golden/ttir_ops/reduction/test_reduction.py::test_reduction_ops[ttnn-max-None-True-bf16-1x1x1] - builder.base.builder_runtime.TTBuilderRuntimeException: No golden function found for TTIR operation: <class 'ttmlir.dialects._ttnn_ops_gen.MaxOp'>
FAILED test/python/golden/ttir_ops/reduction/test_reduction.py::test_reduction_ops[ttnn-max-None-False-f32-32x128x128] - builder.base.builder_runtime.TTBuilderRuntimeException: No golden function found for TTIR operation: <class 'ttmlir.dialects._ttnn_ops_gen.MaxOp'>
FAILED test/python/golden/ttir_ops/reduction/test_reduction.py::test_reduction_ops[ttnn-max-None-False-f32-1x1x1] - builder.base.builder_runtime.TTBuilderRuntimeException: No golden function found for TTIR operation: <class 'ttmlir.dialects._ttnn_ops_gen.MaxOp'>
FAILED test/python/golden/ttir_ops/reduction/test_reduction.py::test_reduction_ops[ttnn-max-None-False-bf16-32x128x128] - builder.base.builder_runtime.TTBuilderRuntimeException: No golden function found for TTIR operation: <class 'ttmlir.dialects._ttnn_ops_gen.MaxOp'>
FAILED test/python/golden/ttir_ops/reduction/test_reduction.py::test_reduction_ops[ttnn-max-None-False-bf16-1x1x1] - builder.base.builder_runtime.TTBuilderRuntimeException: No golden function found for TTIR operation: <class 'ttmlir.dialects._ttnn_ops_gen.MaxOp'>
FAILED test/python/golden/ttir_ops/reduction/test_reduction.py::test_reduction_ops[ttnn-argmax-dim_arg2-True-f32-32x128x128] - builder.base.builder_runtime.TTBuilderRuntimeException: No golden function found for TTIR operation: <class 'ttmlir.dialects._ttnn_ops_gen.ReshapeOp'>
FAILED test/python/golden/ttir_ops/reduction/test_reduction.py::test_reduction_ops[ttnn-argmax-dim_arg2-True-f32-1x1x1] - builder.base.builder_runtime.TTBuilderRuntimeException: No golden function found for TTIR operation: <class 'ttmlir.dialects._ttnn_ops_gen.ReshapeOp'>
FAILED test/python/golden/ttir_ops/reduction/test_reduction.py::test_reduction_ops[ttnn-argmax-dim_arg2-True-bf16-32x128x128] - builder.base.builder_runtime.TTBuilderRuntimeException: No golden function found for TTIR operation: <class 'ttmlir.dialects._ttnn_ops_gen.ReshapeOp'>
FAILED test/python/golden/ttir_ops/reduction/test_reduction.py::test_reduction_ops[ttnn-argmax-dim_arg2-True-bf16-1x1x1] - builder.base.builder_runtime.TTBuilderRuntimeException: No golden function found for TTIR operation: <class 'ttmlir.dialects._ttnn_ops_gen.ReshapeOp'>
FAILED test/python/golden/ttir_ops/reduction/test_reduction.py::test_reduction_ops[ttnn-argmax-dim_arg2-False-f32-32x128x128] - builder.base.builder_runtime.TTBuilderRuntimeException: No golden function found for TTIR operation: <class 'ttmlir.dialects._ttnn_ops_gen.ReshapeOp'>
FAILED test/python/golden/ttir_ops/reduction/test_reduction.py::test_reduction_ops[ttnn-argmax-dim_arg2-False-f32-1x1x1] - builder.base.builder_runtime.TTBuilderRuntimeException: No golden function found for TTIR operation: <class 'ttmlir.dialects._ttnn_ops_gen.ReshapeOp'>
FAILED test/python/golden/ttir_ops/reduction/test_reduction.py::test_reduction_ops[ttnn-argmax-dim_arg2-False-bf16-32x128x128] - builder.base.builder_runtime.TTBuilderRuntimeException: No golden function found for TTIR operation: <class 'ttmlir.dialects._ttnn_ops_gen.ReshapeOp'>
FAILED test/python/golden/ttir_ops/reduction/test_reduction.py::test_reduction_ops[ttnn-argmax-dim_arg2-False-bf16-1x1x1] - builder.base.builder_runtime.TTBuilderRuntimeException: No golden function found for TTIR operation: <class 'ttmlir.dialects._ttnn_ops_gen.ReshapeOp'>
FAILED test/python/golden/ttir_ops/reduction/test_reduction.py::test_reduction_ops[ttnn-argmax-dim_arg1-True-f32-32x128x128] - builder.base.builder_runtime.TTBuilderRuntimeException: 'ttmlir._mlir_libs._mlir.ir.F32Type' object has no attribute 'element_type'
FAILED test/python/golden/ttir_ops/reduction/test_reduction.py::test_reduction_ops[ttnn-argmax-dim_arg1-True-f32-1x1x1] - builder.base.builder_runtime.TTBuilderRuntimeException: 'ttmlir._mlir_libs._mlir.ir.F32Type' object has no attribute 'element_type'
FAILED test/python/golden/ttir_ops/reduction/test_reduction.py::test_reduction_ops[ttnn-argmax-dim_arg1-True-bf16-32x128x128] - builder.base.builder_runtime.TTBuilderRuntimeException: 'ttmlir._mlir_libs._mlir.ir.BF16Type' object has no attribute 'element_type'
FAILED test/python/golden/ttir_ops/reduction/test_reduction.py::test_reduction_ops[ttnn-argmax-dim_arg1-True-bf16-1x1x1] - builder.base.builder_runtime.TTBuilderRuntimeException: 'ttmlir._mlir_libs._mlir.ir.BF16Type' object has no attribute 'element_type'
FAILED test/python/golden/ttir_ops/reduction/test_reduction.py::test_reduction_ops[ttnn-argmax-dim_arg1-False-f32-32x128x128] - builder.base.builder_runtime.TTBuilderRuntimeException: 'ttmlir._mlir_libs._mlir.ir.F32Type' object has no attribute 'element_type'
FAILED test/python/golden/ttir_ops/reduction/test_reduction.py::test_reduction_ops[ttnn-argmax-dim_arg1-False-f32-1x1x1] - builder.base.builder_runtime.TTBuilderRuntimeException: 'ttmlir._mlir_libs._mlir.ir.F32Type' object has no attribute 'element_type'
FAILED test/python/golden/ttir_ops/reduction/test_reduction.py::test_reduction_ops[ttnn-argmax-dim_arg1-False-bf16-32x128x128] - builder.base.builder_runtime.TTBuilderRuntimeException: 'ttmlir._mlir_libs._mlir.ir.BF16Type' object has no attribute 'element_type'
FAILED test/python/golden/ttir_ops/reduction/test_reduction.py::test_reduction_ops[ttnn-argmax-dim_arg1-False-bf16-1x1x1] - builder.base.builder_runtime.TTBuilderRuntimeException: 'ttmlir._mlir_libs._mlir.ir.BF16Type' object has no attribute 'element_type'
FAILED test/python/golden/ttir_ops/reduction/test_reduction.py::test_reduction_ops[ttnn-argmax-dim_arg0-True-f32-32x128x128] - builder.base.builder_runtime.TTBuilderRuntimeException: No golden function found for TTIR operation: <class 'ttmlir.dialects._ttnn_ops_gen.PermuteOp'>
FAILED test/python/golden/ttir_ops/reduction/test_reduction.py::test_reduction_ops[ttnn-argmax-dim_arg0-True-f32-1x1x1] - builder.base.builder_runtime.TTBuilderRuntimeException: No golden function found for TTIR operation: <class 'ttmlir.dialects._ttnn_ops_gen.PermuteOp'>
FAILED test/python/golden/ttir_ops/reduction/test_reduction.py::test_reduction_ops[ttnn-argmax-dim_arg0-True-bf16-32x128x128] - builder.base.builder_runtime.TTBuilderRuntimeException: No golden function found for TTIR operation: <class 'ttmlir.dialects._ttnn_ops_gen.PermuteOp'>
FAILED test/python/golden/ttir_ops/reduction/test_reduction.py::test_reduction_ops[ttnn-argmax-dim_arg0-True-bf16-1x1x1] - builder.base.builder_runtime.TTBuilderRuntimeException: No golden function found for TTIR operation: <class 'ttmlir.dialects._ttnn_ops_gen.PermuteOp'>
FAILED test/python/golden/ttir_ops/reduction/test_reduction.py::test_reduction_ops[ttnn-argmax-dim_arg0-False-f32-32x128x128] - builder.base.builder_runtime.TTBuilderRuntimeException: No golden function found for TTIR operation: <class 'ttmlir.dialects._ttnn_ops_gen.PermuteOp'>
FAILED test/python/golden/ttir_ops/reduction/test_reduction.py::test_reduction_ops[ttnn-argmax-dim_arg0-False-f32-1x1x1] - builder.base.builder_runtime.TTBuilderRuntimeException: No golden function found for TTIR operation: <class 'ttmlir.dialects._ttnn_ops_gen.PermuteOp'>
FAILED test/python/golden/ttir_ops/reduction/test_reduction.py::test_reduction_ops[ttnn-argmax-dim_arg0-False-bf16-32x128x128] - builder.base.builder_runtime.TTBuilderRuntimeException: No golden function found for TTIR operation: <class 'ttmlir.dialects._ttnn_ops_gen.PermuteOp'>
FAILED test/python/golden/ttir_ops/reduction/test_reduction.py::test_reduction_ops[ttnn-argmax-dim_arg0-False-bf16-1x1x1] - builder.base.builder_runtime.TTBuilderRuntimeException: No golden function found for TTIR operation: <class 'ttmlir.dialects._ttnn_ops_gen.PermuteOp'>
FAILED test/python/golden/ttir_ops/reduction/test_reduction.py::test_reduction_ops[ttnn-argmax-None-True-f32-32x128x128] - builder.base.builder_runtime.TTBuilderRuntimeException: 'ttmlir._mlir_libs._mlir.ir.F32Type' object has no attribute 'element_type'
FAILED test/python/golden/ttir_ops/reduction/test_reduction.py::test_reduction_ops[ttnn-argmax-None-True-f32-1x1x1] - builder.base.builder_runtime.TTBuilderRuntimeException: 'ttmlir._mlir_libs._mlir.ir.F32Type' object has no attribute 'element_type'
FAILED test/python/golden/ttir_ops/reduction/test_reduction.py::test_reduction_ops[ttnn-argmax-None-True-bf16-32x128x128] - builder.base.builder_runtime.TTBuilderRuntimeException: 'ttmlir._mlir_libs._mlir.ir.BF16Type' object has no attribute 'element_type'
FAILED test/python/golden/ttir_ops/reduction/test_reduction.py::test_reduction_ops[ttnn-argmax-None-True-bf16-1x1x1] - builder.base.builder_runtime.TTBuilderRuntimeException: 'ttmlir._mlir_libs._mlir.ir.BF16Type' object has no attribute 'element_type'
FAILED test/python/golden/ttir_ops/reduction/test_reduction.py::test_reduction_ops[ttnn-argmax-None-False-f32-32x128x128] - builder.base.builder_runtime.TTBuilderRuntimeException: 'ttmlir._mlir_libs._mlir.ir.F32Type' object has no attribute 'element_type'
FAILED test/python/golden/ttir_ops/reduction/test_reduction.py::test_reduction_ops[ttnn-argmax-None-False-f32-1x1x1] - builder.base.builder_runtime.TTBuilderRuntimeException: 'ttmlir._mlir_libs._mlir.ir.F32Type' object has no attribute 'element_type'
FAILED test/python/golden/ttir_ops/reduction/test_reduction.py::test_reduction_ops[ttnn-argmax-None-False-bf16-32x128x128] - builder.base.builder_runtime.TTBuilderRuntimeException: 'ttmlir._mlir_libs._mlir.ir.BF16Type' object has no attribute 'element_type'
FAILED test/python/golden/ttir_ops/reduction/test_reduction.py::test_reduction_ops[ttnn-argmax-None-False-bf16-1x1x1] - builder.base.builder_runtime.TTBuilderRuntimeException: 'ttmlir._mlir_libs._mlir.ir.BF16Type' object has no attribute 'element_type'
FAILED test/python/golden/ttir_ops/reduction/test_reduction.py::test_reduction_cpu_hoisted_ops[ttnn-sum-dim_arg2-True-i32-32x128x128] - builder.base.builder_runtime.TTBuilderRuntimeException: ttnn_from_device_golden() takes 1 positional argument but 2 were given
FAILED test/python/golden/ttir_ops/reduction/test_reduction.py::test_reduction_cpu_hoisted_ops[ttnn-sum-dim_arg2-True-f32-32x128x128] - builder.base.builder_runtime.TTBuilderRuntimeException: ttnn_from_device_golden() takes 1 positional argument but 2 were given
FAILED test/python/golden/ttir_ops/reduction/test_reduction.py::test_reduction_cpu_hoisted_ops[ttnn-sum-dim_arg2-True-bf16-32x128x128] - builder.base.builder_runtime.TTBuilderRuntimeException: ttnn_from_device_golden() takes 1 positional argument but 2 were given
FAILED test/python/golden/ttir_ops/reduction/test_reduction.py::test_reduction_cpu_hoisted_ops[ttnn-sum-dim_arg2-False-i32-32x128x128] - builder.base.builder_runtime.TTBuilderRuntimeException: ttnn_from_device_golden() takes 1 positional argument but 2 were given
FAILED test/python/golden/ttir_ops/reduction/test_reduction.py::test_reduction_cpu_hoisted_ops[ttnn-sum-dim_arg2-False-f32-32x128x128] - builder.base.builder_runtime.TTBuilderRuntimeException: ttnn_from_device_golden() takes 1 positional argument but 2 were given
FAILED test/python/golden/ttir_ops/reduction/test_reduction.py::test_reduction_cpu_hoisted_ops[ttnn-sum-dim_arg2-False-bf16-32x128x128] - builder.base.builder_runtime.TTBuilderRuntimeException: ttnn_from_device_golden() takes 1 positional argument but 2 were given
FAILED test/python/golden/ttir_ops/reduction/test_reduction.py::test_reduction_cpu_hoisted_ops[ttnn-sum-dim_arg1-True-i32-32x128x128] - builder.base.builder_runtime.TTBuilderRuntimeException: ttnn_from_device_golden() takes 1 positional argument but 2 were given
FAILED test/python/golden/ttir_ops/reduction/test_reduction.py::test_reduction_cpu_hoisted_ops[ttnn-sum-dim_arg1-True-f32-32x128x128] - builder.base.builder_runtime.TTBuilderRuntimeException: ttnn_from_device_golden() takes 1 positional argument but 2 were given
FAILED test/python/golden/ttir_ops/reduction/test_reduction.py::test_reduction_cpu_hoisted_ops[ttnn-sum-dim_arg1-True-bf16-32x128x128] - builder.base.builder_runtime.TTBuilderRuntimeException: ttnn_from_device_golden() takes 1 positional argument but 2 were given
FAILED test/python/golden/ttir_ops/reduction/test_reduction.py::test_reduction_cpu_hoisted_ops[ttnn-sum-dim_arg1-False-i32-32x128x128] - builder.base.builder_runtime.TTBuilderRuntimeException: ttnn_from_device_golden() takes 1 positional argument but 2 were given
FAILED test/python/golden/ttir_ops/reduction/test_reduction.py::test_reduction_cpu_hoisted_ops[ttnn-sum-dim_arg1-False-f32-32x128x128] - builder.base.builder_runtime.TTBuilderRuntimeException: ttnn_from_device_golden() takes 1 positional argument but 2 were given
FAILED test/python/golden/ttir_ops/reduction/test_reduction.py::test_reduction_cpu_hoisted_ops[ttnn-sum-dim_arg1-False-bf16-32x128x128] - builder.base.builder_runtime.TTBuilderRuntimeException: ttnn_from_device_golden() takes 1 positional argument but 2 were given
FAILED test/python/golden/ttir_ops/reduction/test_reduction.py::test_reduction_cpu_hoisted_ops[ttnn-sum-dim_arg0-True-i32-32x128x128] - builder.base.builder_runtime.TTBuilderRuntimeException: ttnn_from_device_golden() takes 1 positional argument but 2 were given
FAILED test/python/golden/ttir_ops/reduction/test_reduction.py::test_reduction_cpu_hoisted_ops[ttnn-sum-dim_arg0-True-f32-32x128x128] - builder.base.builder_runtime.TTBuilderRuntimeException: ttnn_from_device_golden() takes 1 positional argument but 2 were given
FAILED test/python/golden/ttir_ops/reduction/test_reduction.py::test_reduction_cpu_hoisted_ops[ttnn-sum-dim_arg0-True-bf16-32x128x128] - builder.base.builder_runtime.TTBuilderRuntimeException: ttnn_from_device_golden() takes 1 positional argument but 2 were given
FAILED test/python/golden/ttir_ops/reduction/test_reduction.py::test_reduction_cpu_hoisted_ops[ttnn-sum-dim_arg0-False-i32-32x128x128] - builder.base.builder_runtime.TTBuilderRuntimeException: ttnn_from_device_golden() takes 1 positional argument but 2 were given
FAILED test/python/golden/ttir_ops/reduction/test_reduction.py::test_reduction_cpu_hoisted_ops[ttnn-sum-dim_arg0-False-f32-32x128x128] - builder.base.builder_runtime.TTBuilderRuntimeException: ttnn_from_device_golden() takes 1 positional argument but 2 were given
FAILED test/python/golden/ttir_ops/reduction/test_reduction.py::test_reduction_cpu_hoisted_ops[ttnn-sum-dim_arg0-False-bf16-32x128x128] - builder.base.builder_runtime.TTBuilderRuntimeException: ttnn_from_device_golden() takes 1 positional argument but 2 were given
FAILED test/python/golden/ttir_ops/reduction/test_reduction.py::test_reduction_cpu_hoisted_ops[ttnn-sum-None-True-i32-32x128x128] - builder.base.builder_runtime.TTBuilderRuntimeException: ttnn_from_device_golden() takes 1 positional argument but 2 were given
FAILED test/python/golden/ttir_ops/reduction/test_reduction.py::test_reduction_cpu_hoisted_ops[ttnn-sum-None-True-f32-32x128x128] - builder.base.builder_runtime.TTBuilderRuntimeException: ttnn_from_device_golden() takes 1 positional argument but 2 were given
FAILED test/python/golden/ttir_ops/reduction/test_reduction.py::test_reduction_cpu_hoisted_ops[ttnn-sum-None-True-bf16-32x128x128] - builder.base.builder_runtime.TTBuilderRuntimeException: ttnn_from_device_golden() takes 1 positional argument but 2 were given
FAILED test/python/golden/ttir_ops/reduction/test_reduction.py::test_reduction_cpu_hoisted_ops[ttnn-sum-None-False-i32-32x128x128] - builder.base.builder_runtime.TTBuilderRuntimeException: ttnn_from_device_golden() takes 1 positional argument but 2 were given
FAILED test/python/golden/ttir_ops/reduction/test_reduction.py::test_reduction_cpu_hoisted_ops[ttnn-sum-None-False-f32-32x128x128] - builder.base.builder_runtime.TTBuilderRuntimeException: ttnn_from_device_golden() takes 1 positional argument but 2 were given
FAILED test/python/golden/ttir_ops/reduction/test_reduction.py::test_reduction_cpu_hoisted_ops[ttnn-sum-None-False-bf16-32x128x128] - builder.base.builder_runtime.TTBuilderRuntimeException: ttnn_from_device_golden() takes 1 positional argument but 2 were given
FAILED test/python/golden/ttir_ops/reduction/test_reduction.py::test_reduction_cpu_hoisted_ops[ttnn-prod-dim_arg2-True-i32-32x128x128] - builder.base.builder_runtime.TTBuilderRuntimeException: ttnn_from_device_golden() takes 1 positional argument but 2 were given
FAILED test/python/golden/ttir_ops/reduction/test_reduction.py::test_reduction_cpu_hoisted_ops[ttnn-prod-dim_arg2-True-f32-32x128x128] - builder.base.builder_runtime.TTBuilderRuntimeException: ttnn_from_device_golden() takes 1 positional argument but 2 were given
FAILED test/python/golden/ttir_ops/reduction/test_reduction.py::test_reduction_cpu_hoisted_ops[ttnn-prod-dim_arg2-True-bf16-32x128x128] - builder.base.builder_runtime.TTBuilderRuntimeException: ttnn_from_device_golden() takes 1 positional argument but 2 were given
FAILED test/python/golden/ttir_ops/reduction/test_reduction.py::test_reduction_cpu_hoisted_ops[ttnn-prod-dim_arg2-False-i32-32x128x128] - builder.base.builder_runtime.TTBuilderRuntimeException: ttnn_from_device_golden() takes 1 positional argument but 2 were given
FAILED test/python/golden/ttir_ops/reduction/test_reduction.py::test_reduction_cpu_hoisted_ops[ttnn-prod-dim_arg2-False-f32-32x128x128] - builder.base.builder_runtime.TTBuilderRuntimeException: ttnn_from_device_golden() takes 1 positional argument but 2 were given
FAILED test/python/golden/ttir_ops/reduction/test_reduction.py::test_reduction_cpu_hoisted_ops[ttnn-prod-dim_arg2-False-bf16-32x128x128] - builder.base.builder_runtime.TTBuilderRuntimeException: ttnn_from_device_golden() takes 1 positional argument but 2 were given
FAILED test/python/golden/ttir_ops/reduction/test_reduction.py::test_reduction_cpu_hoisted_ops[ttnn-prod-dim_arg1-True-i32-32x128x128] - builder.base.builder_runtime.TTBuilderRuntimeException: ttnn_from_device_golden() takes 1 positional argument but 2 were given
FAILED test/python/golden/ttir_ops/reduction/test_reduction.py::test_reduction_cpu_hoisted_ops[ttnn-prod-dim_arg1-True-f32-32x128x128] - builder.base.builder_runtime.TTBuilderRuntimeException: ttnn_from_device_golden() takes 1 positional argument but 2 were given
FAILED test/python/golden/ttir_ops/reduction/test_reduction.py::test_reduction_cpu_hoisted_ops[ttnn-prod-dim_arg1-True-bf16-32x128x128] - builder.base.builder_runtime.TTBuilderRuntimeException: ttnn_from_device_golden() takes 1 positional argument but 2 were given
FAILED test/python/golden/ttir_ops/reduction/test_reduction.py::test_reduction_cpu_hoisted_ops[ttnn-prod-dim_arg1-False-i32-32x128x128] - builder.base.builder_runtime.TTBuilderRuntimeException: ttnn_from_device_golden() takes 1 positional argument but 2 were given
FAILED test/python/golden/ttir_ops/reduction/test_reduction.py::test_reduction_cpu_hoisted_ops[ttnn-prod-dim_arg1-False-f32-32x128x128] - builder.base.builder_runtime.TTBuilderRuntimeException: ttnn_from_device_golden() takes 1 positional argument but 2 were given
FAILED test/python/golden/ttir_ops/reduction/test_reduction.py::test_reduction_cpu_hoisted_ops[ttnn-prod-dim_arg1-False-bf16-32x128x128] - builder.base.builder_runtime.TTBuilderRuntimeException: ttnn_from_device_golden() takes 1 positional argument but 2 were given
FAILED test/python/golden/ttir_ops/reduction/test_reduction.py::test_reduction_cpu_hoisted_ops[ttnn-prod-dim_arg0-True-i32-32x128x128] - builder.base.builder_runtime.TTBuilderRuntimeException: ttnn_from_device_golden() takes 1 positional argument but 2 were given
FAILED test/python/golden/ttir_ops/reduction/test_reduction.py::test_reduction_cpu_hoisted_ops[ttnn-prod-dim_arg0-True-f32-32x128x128] - builder.base.builder_runtime.TTBuilderRuntimeException: ttnn_from_device_golden() takes 1 positional argument but 2 were given
FAILED test/python/golden/ttir_ops/reduction/test_reduction.py::test_reduction_cpu_hoisted_ops[ttnn-prod-dim_arg0-True-bf16-32x128x128] - builder.base.builder_runtime.TTBuilderRuntimeException: ttnn_from_device_golden() takes 1 positional argument but 2 were given
FAILED test/python/golden/ttir_ops/reduction/test_reduction.py::test_reduction_cpu_hoisted_ops[ttnn-prod-dim_arg0-False-i32-32x128x128] - builder.base.builder_runtime.TTBuilderRuntimeException: ttnn_from_device_golden() takes 1 positional argument but 2 were given
FAILED test/python/golden/ttir_ops/reduction/test_reduction.py::test_reduction_cpu_hoisted_ops[ttnn-prod-dim_arg0-False-f32-32x128x128] - builder.base.builder_runtime.TTBuilderRuntimeException: ttnn_from_device_golden() takes 1 positional argument but 2 were given
FAILED test/python/golden/ttir_ops/reduction/test_reduction.py::test_reduction_cpu_hoisted_ops[ttnn-prod-dim_arg0-False-bf16-32x128x128] - builder.base.builder_runtime.TTBuilderRuntimeException: ttnn_from_device_golden() takes 1 positional argument but 2 were given
FAILED test/python/golden/ttir_ops/reduction/test_reduction.py::test_reduction_cpu_hoisted_ops[ttnn-prod-None-True-i32-32x128x128] - builder.base.builder_runtime.TTBuilderRuntimeException: ttnn_from_device_golden() takes 1 positional argument but 2 were given
FAILED test/python/golden/ttir_ops/reduction/test_reduction.py::test_reduction_cpu_hoisted_ops[ttnn-prod-None-True-f32-32x128x128] - builder.base.builder_runtime.TTBuilderRuntimeException: ttnn_from_device_golden() takes 1 positional argument but 2 were given
FAILED test/python/golden/ttir_ops/reduction/test_reduction.py::test_reduction_cpu_hoisted_ops[ttnn-prod-None-True-bf16-32x128x128] - builder.base.builder_runtime.TTBuilderRuntimeException: ttnn_from_device_golden() takes 1 positional argument but 2 were given
FAILED test/python/golden/ttir_ops/reduction/test_reduction.py::test_reduction_cpu_hoisted_ops[ttnn-prod-None-False-i32-32x128x128] - builder.base.builder_runtime.TTBuilderRuntimeException: ttnn_from_device_golden() takes 1 positional argument but 2 were given
FAILED test/python/golden/ttir_ops/reduction/test_reduction.py::test_reduction_cpu_hoisted_ops[ttnn-prod-None-False-f32-32x128x128] - builder.base.builder_runtime.TTBuilderRuntimeException: ttnn_from_device_golden() takes 1 positional argument but 2 were given
FAILED test/python/golden/ttir_ops/reduction/test_reduction.py::test_reduction_cpu_hoisted_ops[ttnn-prod-None-False-bf16-32x128x128] - builder.base.builder_runtime.TTBuilderRuntimeException: ttnn_from_device_golden() takes 1 positional argument but 2 were given
FAILED test/python/golden/ttir_ops/reduction/test_reduction.py::test_reduction_cpu_hoisted_ops[ttnn-min-dim_arg2-True-i32-32x128x128] - builder.base.builder_runtime.TTBuilderRuntimeException: ttnn_from_device_golden() takes 1 positional argument but 2 were given
FAILED test/python/golden/ttir_ops/reduction/test_reduction.py::test_reduction_cpu_hoisted_ops[ttnn-min-dim_arg2-True-f32-32x128x128] - builder.base.builder_runtime.TTBuilderRuntimeException: ttnn_from_device_golden() takes 1 positional argument but 2 were given
FAILED test/python/golden/ttir_ops/reduction/test_reduction.py::test_reduction_cpu_hoisted_ops[ttnn-min-dim_arg2-True-bf16-32x128x128] - builder.base.builder_runtime.TTBuilderRuntimeException: ttnn_from_device_golden() takes 1 positional argument but 2 were given
FAILED test/python/golden/ttir_ops/reduction/test_reduction.py::test_reduction_cpu_hoisted_ops[ttnn-min-dim_arg2-False-i32-32x128x128] - builder.base.builder_runtime.TTBuilderRuntimeException: ttnn_from_device_golden() takes 1 positional argument but 2 were given
FAILED test/python/golden/ttir_ops/reduction/test_reduction.py::test_reduction_cpu_hoisted_ops[ttnn-min-dim_arg2-False-f32-32x128x128] - builder.base.builder_runtime.TTBuilderRuntimeException: ttnn_from_device_golden() takes 1 positional argument but 2 were given
FAILED test/python/golden/ttir_ops/reduction/test_reduction.py::test_reduction_cpu_hoisted_ops[ttnn-min-dim_arg2-False-bf16-32x128x128] - builder.base.builder_runtime.TTBuilderRuntimeException: ttnn_from_device_golden() takes 1 positional argument but 2 were given
FAILED test/python/golden/ttir_ops/reduction/test_reduction.py::test_reduction_cpu_hoisted_ops[ttnn-min-dim_arg1-True-i32-32x128x128] - builder.base.builder_runtime.TTBuilderRuntimeException: ttnn_from_device_golden() takes 1 positional argument but 2 were given
FAILED test/python/golden/ttir_ops/reduction/test_reduction.py::test_reduction_cpu_hoisted_ops[ttnn-min-dim_arg1-True-f32-32x128x128] - builder.base.builder_runtime.TTBuilderRuntimeException: ttnn_from_device_golden() takes 1 positional argument but 2 were given
FAILED test/python/golden/ttir_ops/reduction/test_reduction.py::test_reduction_cpu_hoisted_ops[ttnn-min-dim_arg1-True-bf16-32x128x128] - builder.base.builder_runtime.TTBuilderRuntimeException: ttnn_from_device_golden() takes 1 positional argument but 2 were given
FAILED test/python/golden/ttir_ops/reduction/test_reduction.py::test_reduction_cpu_hoisted_ops[ttnn-min-dim_arg1-False-i32-32x128x128] - builder.base.builder_runtime.TTBuilderRuntimeException: ttnn_from_device_golden() takes 1 positional argument but 2 were given
FAILED test/python/golden/ttir_ops/reduction/test_reduction.py::test_reduction_cpu_hoisted_ops[ttnn-min-dim_arg1-False-f32-32x128x128] - builder.base.builder_runtime.TTBuilderRuntimeException: ttnn_from_device_golden() takes 1 positional argument but 2 were given
FAILED test/python/golden/ttir_ops/reduction/test_reduction.py::test_reduction_cpu_hoisted_ops[ttnn-min-dim_arg1-False-bf16-32x128x128] - builder.base.builder_runtime.TTBuilderRuntimeException: ttnn_from_device_golden() takes 1 positional argument but 2 were given
FAILED test/python/golden/ttir_ops/reduction/test_reduction.py::test_reduction_cpu_hoisted_ops[ttnn-min-dim_arg0-True-i32-32x128x128] - builder.base.builder_runtime.TTBuilderRuntimeException: ttnn_from_device_golden() takes 1 positional argument but 2 were given
FAILED test/python/golden/ttir_ops/reduction/test_reduction.py::test_reduction_cpu_hoisted_ops[ttnn-min-dim_arg0-True-f32-32x128x128] - builder.base.builder_runtime.TTBuilderRuntimeException: ttnn_from_device_golden() takes 1 positional argument but 2 were given
FAILED test/python/golden/ttir_ops/reduction/test_reduction.py::test_reduction_cpu_hoisted_ops[ttnn-min-dim_arg0-True-bf16-32x128x128] - builder.base.builder_runtime.TTBuilderRuntimeException: ttnn_from_device_golden() takes 1 positional argument but 2 were given
FAILED test/python/golden/ttir_ops/reduction/test_reduction.py::test_reduction_cpu_hoisted_ops[ttnn-min-dim_arg0-False-i32-32x128x128] - builder.base.builder_runtime.TTBuilderRuntimeException: ttnn_from_device_golden() takes 1 positional argument but 2 were given
FAILED test/python/golden/ttir_ops/reduction/test_reduction.py::test_reduction_cpu_hoisted_ops[ttnn-min-dim_arg0-False-f32-32x128x128] - builder.base.builder_runtime.TTBuilderRuntimeException: ttnn_from_device_golden() takes 1 positional argument but 2 were given
FAILED test/python/golden/ttir_ops/reduction/test_reduction.py::test_reduction_cpu_hoisted_ops[ttnn-min-dim_arg0-False-bf16-32x128x128] - builder.base.builder_runtime.TTBuilderRuntimeException: ttnn_from_device_golden() takes 1 positional argument but 2 were given
FAILED test/python/golden/ttir_ops/reduction/test_reduction.py::test_reduction_cpu_hoisted_ops[ttnn-min-None-True-i32-32x128x128] - builder.base.builder_runtime.TTBuilderRuntimeException: ttnn_from_device_golden() takes 1 positional argument but 2 were given
FAILED test/python/golden/ttir_ops/reduction/test_reduction.py::test_reduction_cpu_hoisted_ops[ttnn-min-None-True-f32-32x128x128] - builder.base.builder_runtime.TTBuilderRuntimeException: ttnn_from_device_golden() takes 1 positional argument but 2 were given
FAILED test/python/golden/ttir_ops/reduction/test_reduction.py::test_reduction_cpu_hoisted_ops[ttnn-min-None-True-bf16-32x128x128] - builder.base.builder_runtime.TTBuilderRuntimeException: ttnn_from_device_golden() takes 1 positional argument but 2 were given
FAILED test/python/golden/ttir_ops/reduction/test_reduction.py::test_reduction_cpu_hoisted_ops[ttnn-min-None-False-i32-32x128x128] - builder.base.builder_runtime.TTBuilderRuntimeException: ttnn_from_device_golden() takes 1 positional argument but 2 were given
FAILED test/python/golden/ttir_ops/reduction/test_reduction.py::test_reduction_cpu_hoisted_ops[ttnn-min-None-False-f32-32x128x128] - builder.base.builder_runtime.TTBuilderRuntimeException: ttnn_from_device_golden() takes 1 positional argument but 2 were given
FAILED test/python/golden/ttir_ops/reduction/test_reduction.py::test_reduction_cpu_hoisted_ops[ttnn-min-None-False-bf16-32x128x128] - builder.base.builder_runtime.TTBuilderRuntimeException: ttnn_from_device_golden() takes 1 positional argument but 2 were given
FAILED test/python/golden/ttir_ops/reduction/test_reduction.py::test_reduction_cpu_hoisted_ops[ttnn-mean-dim_arg2-True-i32-32x128x128] - builder.base.builder_runtime.TTBuilderRuntimeException: ttnn_from_device_golden() takes 1 positional argument but 2 were given
FAILED test/python/golden/ttir_ops/reduction/test_reduction.py::test_reduction_cpu_hoisted_ops[ttnn-mean-dim_arg2-True-f32-32x128x128] - builder.base.builder_runtime.TTBuilderRuntimeException: ttnn_from_device_golden() takes 1 positional argument but 2 were given
FAILED test/python/golden/ttir_ops/reduction/test_reduction.py::test_reduction_cpu_hoisted_ops[ttnn-mean-dim_arg2-True-bf16-32x128x128] - builder.base.builder_runtime.TTBuilderRuntimeException: ttnn_from_device_golden() takes 1 positional argument but 2 were given
FAILED test/python/golden/ttir_ops/reduction/test_reduction.py::test_reduction_cpu_hoisted_ops[ttnn-mean-dim_arg2-False-i32-32x128x128] - builder.base.builder_runtime.TTBuilderRuntimeException: ttnn_from_device_golden() takes 1 positional argument but 2 were given
FAILED test/python/golden/ttir_ops/reduction/test_reduction.py::test_reduction_cpu_hoisted_ops[ttnn-mean-dim_arg2-False-f32-32x128x128] - builder.base.builder_runtime.TTBuilderRuntimeException: ttnn_from_device_golden() takes 1 positional argument but 2 were given
FAILED test/python/golden/ttir_ops/reduction/test_reduction.py::test_reduction_cpu_hoisted_ops[ttnn-mean-dim_arg2-False-bf16-32x128x128] - builder.base.builder_runtime.TTBuilderRuntimeException: ttnn_from_device_golden() takes 1 positional argument but 2 were given
FAILED test/python/golden/ttir_ops/reduction/test_reduction.py::test_reduction_cpu_hoisted_ops[ttnn-mean-dim_arg1-True-i32-32x128x128] - builder.base.builder_runtime.TTBuilderRuntimeException: ttnn_from_device_golden() takes 1 positional argument but 2 were given
FAILED test/python/golden/ttir_ops/reduction/test_reduction.py::test_reduction_cpu_hoisted_ops[ttnn-mean-dim_arg1-True-f32-32x128x128] - builder.base.builder_runtime.TTBuilderRuntimeException: ttnn_from_device_golden() takes 1 positional argument but 2 were given
FAILED test/python/golden/ttir_ops/reduction/test_reduction.py::test_reduction_cpu_hoisted_ops[ttnn-mean-dim_arg1-True-bf16-32x128x128] - builder.base.builder_runtime.TTBuilderRuntimeException: ttnn_from_device_golden() takes 1 positional argument but 2 were given
FAILED test/python/golden/ttir_ops/reduction/test_reduction.py::test_reduction_cpu_hoisted_ops[ttnn-mean-dim_arg1-False-i32-32x128x128] - builder.base.builder_runtime.TTBuilderRuntimeException: ttnn_from_device_golden() takes 1 positional argument but 2 were given
FAILED test/python/golden/ttir_ops/reduction/test_reduction.py::test_reduction_cpu_hoisted_ops[ttnn-mean-dim_arg1-False-f32-32x128x128] - builder.base.builder_runtime.TTBuilderRuntimeException: ttnn_from_device_golden() takes 1 positional argument but 2 were given
FAILED test/python/golden/ttir_ops/reduction/test_reduction.py::test_reduction_cpu_hoisted_ops[ttnn-mean-dim_arg1-False-bf16-32x128x128] - builder.base.builder_runtime.TTBuilderRuntimeException: ttnn_from_device_golden() takes 1 positional argument but 2 were given
FAILED test/python/golden/ttir_ops/reduction/test_reduction.py::test_reduction_cpu_hoisted_ops[ttnn-mean-dim_arg0-True-i32-32x128x128] - builder.base.builder_runtime.TTBuilderRuntimeException: ttnn_from_device_golden() takes 1 positional argument but 2 were given
FAILED test/python/golden/ttir_ops/reduction/test_reduction.py::test_reduction_cpu_hoisted_ops[ttnn-mean-dim_arg0-True-f32-32x128x128] - builder.base.builder_runtime.TTBuilderRuntimeException: ttnn_from_device_golden() takes 1 positional argument but 2 were given
FAILED test/python/golden/ttir_ops/reduction/test_reduction.py::test_reduction_cpu_hoisted_ops[ttnn-mean-dim_arg0-True-bf16-32x128x128] - builder.base.builder_runtime.TTBuilderRuntimeException: ttnn_from_device_golden() takes 1 positional argument but 2 were given
FAILED test/python/golden/ttir_ops/reduction/test_reduction.py::test_reduction_cpu_hoisted_ops[ttnn-mean-dim_arg0-False-i32-32x128x128] - builder.base.builder_runtime.TTBuilderRuntimeException: ttnn_from_device_golden() takes 1 positional argument but 2 were given
FAILED test/python/golden/ttir_ops/reduction/test_reduction.py::test_reduction_cpu_hoisted_ops[ttnn-mean-dim_arg0-False-f32-32x128x128] - builder.base.builder_runtime.TTBuilderRuntimeException: ttnn_from_device_golden() takes 1 positional argument but 2 were given
FAILED test/python/golden/ttir_ops/reduction/test_reduction.py::test_reduction_cpu_hoisted_ops[ttnn-mean-dim_arg0-False-bf16-32x128x128] - builder.base.builder_runtime.TTBuilderRuntimeException: ttnn_from_device_golden() takes 1 positional argument but 2 were given
FAILED test/python/golden/ttir_ops/reduction/test_reduction.py::test_reduction_cpu_hoisted_ops[ttnn-mean-None-True-i32-32x128x128] - builder.base.builder_runtime.TTBuilderRuntimeException: ttnn_from_device_golden() takes 1 positional argument but 2 were given
FAILED test/python/golden/ttir_ops/reduction/test_reduction.py::test_reduction_cpu_hoisted_ops[ttnn-mean-None-True-f32-32x128x128] - builder.base.builder_runtime.TTBuilderRuntimeException: ttnn_from_device_golden() takes 1 positional argument but 2 were given
FAILED test/python/golden/ttir_ops/reduction/test_reduction.py::test_reduction_cpu_hoisted_ops[ttnn-mean-None-True-bf16-32x128x128] - builder.base.builder_runtime.TTBuilderRuntimeException: ttnn_from_device_golden() takes 1 positional argument but 2 were given
FAILED test/python/golden/ttir_ops/reduction/test_reduction.py::test_reduction_cpu_hoisted_ops[ttnn-mean-None-False-i32-32x128x128] - builder.base.builder_runtime.TTBuilderRuntimeException: ttnn_from_device_golden() takes 1 positional argument but 2 were given
FAILED test/python/golden/ttir_ops/reduction/test_reduction.py::test_reduction_cpu_hoisted_ops[ttnn-mean-None-False-f32-32x128x128] - builder.base.builder_runtime.TTBuilderRuntimeException: ttnn_from_device_golden() takes 1 positional argument but 2 were given
FAILED test/python/golden/ttir_ops/reduction/test_reduction.py::test_reduction_cpu_hoisted_ops[ttnn-mean-None-False-bf16-32x128x128] - builder.base.builder_runtime.TTBuilderRuntimeException: ttnn_from_device_golden() takes 1 positional argument but 2 were given
FAILED test/python/golden/ttir_ops/reduction/test_reduction.py::test_reduction_cpu_hoisted_ops[ttnn-max-dim_arg2-True-i32-32x128x128] - builder.base.builder_runtime.TTBuilderRuntimeException: ttnn_from_device_golden() takes 1 positional argument but 2 were given
FAILED test/python/golden/ttir_ops/reduction/test_reduction.py::test_reduction_cpu_hoisted_ops[ttnn-max-dim_arg2-True-f32-32x128x128] - builder.base.builder_runtime.TTBuilderRuntimeException: ttnn_from_device_golden() takes 1 positional argument but 2 were given
FAILED test/python/golden/ttir_ops/reduction/test_reduction.py::test_reduction_cpu_hoisted_ops[ttnn-max-dim_arg2-True-bf16-32x128x128] - builder.base.builder_runtime.TTBuilderRuntimeException: ttnn_from_device_golden() takes 1 positional argument but 2 were given
FAILED test/python/golden/ttir_ops/reduction/test_reduction.py::test_reduction_cpu_hoisted_ops[ttnn-max-dim_arg2-False-i32-32x128x128] - builder.base.builder_runtime.TTBuilderRuntimeException: ttnn_from_device_golden() takes 1 positional argument but 2 were given
FAILED test/python/golden/ttir_ops/reduction/test_reduction.py::test_reduction_cpu_hoisted_ops[ttnn-max-dim_arg2-False-f32-32x128x128] - builder.base.builder_runtime.TTBuilderRuntimeException: ttnn_from_device_golden() takes 1 positional argument but 2 were given
FAILED test/python/golden/ttir_ops/reduction/test_reduction.py::test_reduction_cpu_hoisted_ops[ttnn-max-dim_arg2-False-bf16-32x128x128] - builder.base.builder_runtime.TTBuilderRuntimeException: ttnn_from_device_golden() takes 1 positional argument but 2 were given
FAILED test/python/golden/ttir_ops/reduction/test_reduction.py::test_reduction_cpu_hoisted_ops[ttnn-max-dim_arg1-True-i32-32x128x128] - builder.base.builder_runtime.TTBuilderRuntimeException: ttnn_from_device_golden() takes 1 positional argument but 2 were given
FAILED test/python/golden/ttir_ops/reduction/test_reduction.py::test_reduction_cpu_hoisted_ops[ttnn-max-dim_arg1-True-f32-32x128x128] - builder.base.builder_runtime.TTBuilderRuntimeException: ttnn_from_device_golden() takes 1 positional argument but 2 were given
FAILED test/python/golden/ttir_ops/reduction/test_reduction.py::test_reduction_cpu_hoisted_ops[ttnn-max-dim_arg1-True-bf16-32x128x128] - builder.base.builder_runtime.TTBuilderRuntimeException: ttnn_from_device_golden() takes 1 positional argument but 2 were given
FAILED test/python/golden/ttir_ops/reduction/test_reduction.py::test_reduction_cpu_hoisted_ops[ttnn-max-dim_arg1-False-i32-32x128x128] - builder.base.builder_runtime.TTBuilderRuntimeException: ttnn_from_device_golden() takes 1 positional argument but 2 were given
FAILED test/python/golden/ttir_ops/reduction/test_reduction.py::test_reduction_cpu_hoisted_ops[ttnn-max-dim_arg1-False-f32-32x128x128] - builder.base.builder_runtime.TTBuilderRuntimeException: ttnn_from_device_golden() takes 1 positional argument but 2 were given
FAILED test/python/golden/ttir_ops/reduction/test_reduction.py::test_reduction_cpu_hoisted_ops[ttnn-max-dim_arg1-False-bf16-32x128x128] - builder.base.builder_runtime.TTBuilderRuntimeException: ttnn_from_device_golden() takes 1 positional argument but 2 were given
FAILED test/python/golden/ttir_ops/reduction/test_reduction.py::test_reduction_cpu_hoisted_ops[ttnn-max-dim_arg0-True-i32-32x128x128] - builder.base.builder_runtime.TTBuilderRuntimeException: ttnn_from_device_golden() takes 1 positional argument but 2 were given
FAILED test/python/golden/ttir_ops/reduction/test_reduction.py::test_reduction_cpu_hoisted_ops[ttnn-max-dim_arg0-True-f32-32x128x128] - builder.base.builder_runtime.TTBuilderRuntimeException: ttnn_from_device_golden() takes 1 positional argument but 2 were given
FAILED test/python/golden/ttir_ops/reduction/test_reduction.py::test_reduction_cpu_hoisted_ops[ttnn-max-dim_arg0-True-bf16-32x128x128] - builder.base.builder_runtime.TTBuilderRuntimeException: ttnn_from_device_golden() takes 1 positional argument but 2 were given
FAILED test/python/golden/ttir_ops/reduction/test_reduction.py::test_reduction_cpu_hoisted_ops[ttnn-max-dim_arg0-False-i32-32x128x128] - builder.base.builder_runtime.TTBuilderRuntimeException: ttnn_from_device_golden() takes 1 positional argument but 2 were given
FAILED test/python/golden/ttir_ops/reduction/test_reduction.py::test_reduction_cpu_hoisted_ops[ttnn-max-dim_arg0-False-f32-32x128x128] - builder.base.builder_runtime.TTBuilderRuntimeException: ttnn_from_device_golden() takes 1 positional argument but 2 were given
FAILED test/python/golden/ttir_ops/reduction/test_reduction.py::test_reduction_cpu_hoisted_ops[ttnn-max-dim_arg0-False-bf16-32x128x128] - builder.base.builder_runtime.TTBuilderRuntimeException: ttnn_from_device_golden() takes 1 positional argument but 2 were given
FAILED test/python/golden/ttir_ops/reduction/test_reduction.py::test_reduction_cpu_hoisted_ops[ttnn-max-None-True-i32-32x128x128] - builder.base.builder_runtime.TTBuilderRuntimeException: ttnn_from_device_golden() takes 1 positional argument but 2 were given
FAILED test/python/golden/ttir_ops/reduction/test_reduction.py::test_reduction_cpu_hoisted_ops[ttnn-max-None-True-f32-32x128x128] - builder.base.builder_runtime.TTBuilderRuntimeException: ttnn_from_device_golden() takes 1 positional argument but 2 were given
FAILED test/python/golden/ttir_ops/reduction/test_reduction.py::test_reduction_cpu_hoisted_ops[ttnn-max-None-True-bf16-32x128x128] - builder.base.builder_runtime.TTBuilderRuntimeException: ttnn_from_device_golden() takes 1 positional argument but 2 were given
FAILED test/python/golden/ttir_ops/reduction/test_reduction.py::test_reduction_cpu_hoisted_ops[ttnn-max-None-False-i32-32x128x128] - builder.base.builder_runtime.TTBuilderRuntimeException: ttnn_from_device_golden() takes 1 positional argument but 2 were given
FAILED test/python/golden/ttir_ops/reduction/test_reduction.py::test_reduction_cpu_hoisted_ops[ttnn-max-None-False-f32-32x128x128] - builder.base.builder_runtime.TTBuilderRuntimeException: ttnn_from_device_golden() takes 1 positional argument but 2 were given
FAILED test/python/golden/ttir_ops/reduction/test_reduction.py::test_reduction_cpu_hoisted_ops[ttnn-max-None-False-bf16-32x128x128] - builder.base.builder_runtime.TTBuilderRuntimeException: ttnn_from_device_golden() takes 1 positional argument but 2 were given
FAILED test/python/golden/ttir_ops/reduction/test_reduction.py::test_reduction_cpu_hoisted_ops[ttnn-argmax-dim_arg2-True-i32-32x128x128] - builder.base.builder_runtime.TTBuilderRuntimeException: ttnn_from_device_golden() takes 1 positional argument but 2 were given
FAILED test/python/golden/ttir_ops/reduction/test_reduction.py::test_reduction_cpu_hoisted_ops[ttnn-argmax-dim_arg2-True-f32-32x128x128] - builder.base.builder_runtime.TTBuilderRuntimeException: ttnn_from_device_golden() takes 1 positional argument but 2 were given
FAILED test/python/golden/ttir_ops/reduction/test_reduction.py::test_reduction_cpu_hoisted_ops[ttnn-argmax-dim_arg2-True-bf16-32x128x128] - builder.base.builder_runtime.TTBuilderRuntimeException: ttnn_from_device_golden() takes 1 positional argument but 2 were given
FAILED test/python/golden/ttir_ops/reduction/test_reduction.py::test_reduction_cpu_hoisted_ops[ttnn-argmax-dim_arg2-False-i32-32x128x128] - builder.base.builder_runtime.TTBuilderRuntimeException: ttnn_from_device_golden() takes 1 positional argument but 2 were given
FAILED test/python/golden/ttir_ops/reduction/test_reduction.py::test_reduction_cpu_hoisted_ops[ttnn-argmax-dim_arg2-False-f32-32x128x128] - builder.base.builder_runtime.TTBuilderRuntimeException: ttnn_from_device_golden() takes 1 positional argument but 2 were given
FAILED test/python/golden/ttir_ops/reduction/test_reduction.py::test_reduction_cpu_hoisted_ops[ttnn-argmax-dim_arg2-False-bf16-32x128x128] - builder.base.builder_runtime.TTBuilderRuntimeException: ttnn_from_device_golden() takes 1 positional argument but 2 were given
FAILED test/python/golden/ttir_ops/reduction/test_reduction.py::test_reduction_cpu_hoisted_ops[ttnn-argmax-dim_arg1-True-i32-32x128x128] - builder.base.builder_runtime.TTBuilderRuntimeException: ttnn_from_device_golden() takes 1 positional argument but 2 were given
FAILED test/python/golden/ttir_ops/reduction/test_reduction.py::test_reduction_cpu_hoisted_ops[ttnn-argmax-dim_arg1-True-f32-32x128x128] - builder.base.builder_runtime.TTBuilderRuntimeException: ttnn_from_device_golden() takes 1 positional argument but 2 were given
FAILED test/python/golden/ttir_ops/reduction/test_reduction.py::test_reduction_cpu_hoisted_ops[ttnn-argmax-dim_arg1-True-bf16-32x128x128] - builder.base.builder_runtime.TTBuilderRuntimeException: ttnn_from_device_golden() takes 1 positional argument but 2 were given
FAILED test/python/golden/ttir_ops/reduction/test_reduction.py::test_reduction_cpu_hoisted_ops[ttnn-argmax-dim_arg1-False-i32-32x128x128] - builder.base.builder_runtime.TTBuilderRuntimeException: ttnn_from_device_golden() takes 1 positional argument but 2 were given
FAILED test/python/golden/ttir_ops/reduction/test_reduction.py::test_reduction_cpu_hoisted_ops[ttnn-argmax-dim_arg1-False-f32-32x128x128] - builder.base.builder_runtime.TTBuilderRuntimeException: ttnn_from_device_golden() takes 1 positional argument but 2 were given
FAILED test/python/golden/ttir_ops/reduction/test_reduction.py::test_reduction_cpu_hoisted_ops[ttnn-argmax-dim_arg1-False-bf16-32x128x128] - builder.base.builder_runtime.TTBuilderRuntimeException: ttnn_from_device_golden() takes 1 positional argument but 2 were given
FAILED test/python/golden/ttir_ops/reduction/test_reduction.py::test_reduction_cpu_hoisted_ops[ttnn-argmax-dim_arg0-True-i32-32x128x128] - builder.base.builder_runtime.TTBuilderRuntimeException: ttnn_from_device_golden() takes 1 positional argument but 2 were given
FAILED test/python/golden/ttir_ops/reduction/test_reduction.py::test_reduction_cpu_hoisted_ops[ttnn-argmax-dim_arg0-True-f32-32x128x128] - builder.base.builder_runtime.TTBuilderRuntimeException: ttnn_from_device_golden() takes 1 positional argument but 2 were given
FAILED test/python/golden/ttir_ops/reduction/test_reduction.py::test_reduction_cpu_hoisted_ops[ttnn-argmax-dim_arg0-True-bf16-32x128x128] - builder.base.builder_runtime.TTBuilderRuntimeException: ttnn_from_device_golden() takes 1 positional argument but 2 were given
FAILED test/python/golden/ttir_ops/reduction/test_reduction.py::test_reduction_cpu_hoisted_ops[ttnn-argmax-dim_arg0-False-i32-32x128x128] - builder.base.builder_runtime.TTBuilderRuntimeException: ttnn_from_device_golden() takes 1 positional argument but 2 were given
FAILED test/python/golden/ttir_ops/reduction/test_reduction.py::test_reduction_cpu_hoisted_ops[ttnn-argmax-dim_arg0-False-f32-32x128x128] - builder.base.builder_runtime.TTBuilderRuntimeException: ttnn_from_device_golden() takes 1 positional argument but 2 were given
FAILED test/python/golden/ttir_ops/reduction/test_reduction.py::test_reduction_cpu_hoisted_ops[ttnn-argmax-dim_arg0-False-bf16-32x128x128] - builder.base.builder_runtime.TTBuilderRuntimeException: ttnn_from_device_golden() takes 1 positional argument but 2 were given
FAILED test/python/golden/ttir_ops/reduction/test_reduction.py::test_reduction_cpu_hoisted_ops[ttnn-argmax-None-True-i32-32x128x128] - builder.base.builder_runtime.TTBuilderRuntimeException: ttnn_from_device_golden() takes 1 positional argument but 2 were given
FAILED test/python/golden/ttir_ops/reduction/test_reduction.py::test_reduction_cpu_hoisted_ops[ttnn-argmax-None-True-f32-32x128x128] - builder.base.builder_runtime.TTBuilderRuntimeException: ttnn_from_device_golden() takes 1 positional argument but 2 were given
FAILED test/python/golden/ttir_ops/reduction/test_reduction.py::test_reduction_cpu_hoisted_ops[ttnn-argmax-None-True-bf16-32x128x128] - builder.base.builder_runtime.TTBuilderRuntimeException: ttnn_from_device_golden() takes 1 positional argument but 2 were given
FAILED test/python/golden/ttir_ops/reduction/test_reduction.py::test_reduction_cpu_hoisted_ops[ttnn-argmax-None-False-i32-32x128x128] - builder.base.builder_runtime.TTBuilderRuntimeException: ttnn_from_device_golden() takes 1 positional argument but 2 were given
FAILED test/python/golden/ttir_ops/reduction/test_reduction.py::test_reduction_cpu_hoisted_ops[ttnn-argmax-None-False-f32-32x128x128] - builder.base.builder_runtime.TTBuilderRuntimeException: ttnn_from_device_golden() takes 1 positional argument but 2 were given
FAILED test/python/golden/ttir_ops/reduction/test_reduction.py::test_reduction_cpu_hoisted_ops[ttnn-argmax-None-False-bf16-32x128x128] - builder.base.builder_runtime.TTBuilderRuntimeException: ttnn_from_device_golden() takes 1 positional argument but 2 were given
FAILED test/python/golden/ttir_ops/reduction/test_reduction.py::test_cumsum[ttnn-rank4_dim2] - builder.base.builder_runtime.TTBuilderRuntimeException: No golden function found for TTIR operation: <class 'ttmlir.dialects._ttnn_ops_gen.CumSumOp'>
FAILED test/python/golden/ttir_ops/reduction/test_reduction.py::test_cumsum[ttnn-rank4_dim1] - builder.base.builder_runtime.TTBuilderRuntimeException: No golden function found for TTIR operation: <class 'ttmlir.dialects._ttnn_ops_gen.CumSumOp'>
FAILED test/python/golden/ttir_ops/reduction/test_reduction.py::test_cumsum[ttnn-rank3_dim2] - builder.base.builder_runtime.TTBuilderRuntimeException: No golden function found for TTIR operation: <class 'ttmlir.dialects._ttnn_ops_gen.CumSumOp'>
FAILED test/python/golden/ttir_ops/reduction/test_reduction.py::test_cumsum[ttnn-rank3_dim1] - builder.base.builder_runtime.TTBuilderRuntimeException: No golden function found for TTIR operation: <class 'ttmlir.dialects._ttnn_ops_gen.CumSumOp'>
FAILED test/python/golden/ttir_ops/reduction/test_reduction.py::test_cumsum[ttnn-rank2_dim0] - builder.base.builder_runtime.TTBuilderRuntimeException: No golden function found for TTIR operation: <class 'ttmlir.dialects._ttnn_ops_gen.CumSumOp'>
FAILED test/python/golden/ttir_ops/reduction/test_reduction.py::test_cumsum[ttnn-rank1_dim0] - builder.base.builder_runtime.TTBuilderRuntimeException: No golden function found for TTIR operation: <class 'ttmlir.dialects._ttnn_ops_gen.CumSumOp'>
FAILED test/python/golden/ttir_ops/pooling/test_pooling.py::test_max_pool2d_with_indices[ttnn-kernel4-stride4-dilation4-padding4-True-f32-1x32x32x64] - builder.base.builder_runtime.TTBuilderRuntimeException: No golden function found for TTIR operation: <class 'ttmlir.dialects._ttnn_ops_gen.ReshapeOp'>
FAILED test/python/golden/ttir_ops/pooling/test_pooling.py::test_max_pool2d_with_indices[ttnn-kernel4-stride4-dilation4-padding4-True-bf16-1x32x32x64] - builder.base.builder_runtime.TTBuilderRuntimeException: No golden function found for TTIR operation: <class 'ttmlir.dialects._ttnn_ops_gen.ReshapeOp'>
FAILED test/python/golden/ttir_ops/pooling/test_pooling.py::test_max_pool2d_with_indices[ttnn-kernel3-stride3-dilation3-padding3-False-f32-1x32x32x64] - builder.base.builder_runtime.TTBuilderRuntimeException: No golden function found for TTIR operation: <class 'ttmlir.dialects._ttnn_ops_gen.ReshapeOp'>
FAILED test/python/golden/ttir_ops/pooling/test_pooling.py::test_max_pool2d_with_indices[ttnn-kernel3-stride3-dilation3-padding3-False-bf16-1x32x32x64] - builder.base.builder_runtime.TTBuilderRuntimeException: No golden function found for TTIR operation: <class 'ttmlir.dialects._ttnn_ops_gen.ReshapeOp'>
FAILED test/python/golden/ttir_ops/pooling/test_pooling.py::test_max_pool2d_with_indices[ttnn-kernel2-stride2-dilation2-padding2-False-f32-1x32x32x64] - builder.base.builder_runtime.TTBuilderRuntimeException: No golden function found for TTIR operation: <class 'ttmlir.dialects._ttnn_ops_gen.ReshapeOp'>
FAILED test/python/golden/ttir_ops/pooling/test_pooling.py::test_max_pool2d_with_indices[ttnn-kernel2-stride2-dilation2-padding2-False-bf16-1x32x32x64] - builder.base.builder_runtime.TTBuilderRuntimeException: No golden function found for TTIR operation: <class 'ttmlir.dialects._ttnn_ops_gen.ReshapeOp'>
FAILED test/python/golden/ttir_ops/pooling/test_pooling.py::test_max_pool2d_with_indices[ttnn-kernel1-stride1-dilation1-padding1-False-f32-1x32x32x64] - builder.base.builder_runtime.TTBuilderRuntimeException: No golden function found for TTIR operation: <class 'ttmlir.dialects._ttnn_ops_gen.ReshapeOp'>
FAILED test/python/golden/ttir_ops/pooling/test_pooling.py::test_max_pool2d_with_indices[ttnn-kernel1-stride1-dilation1-padding1-False-bf16-1x32x32x64] - builder.base.builder_runtime.TTBuilderRuntimeException: No golden function found for TTIR operation: <class 'ttmlir.dialects._ttnn_ops_gen.ReshapeOp'>
FAILED test/python/golden/ttir_ops/pooling/test_pooling.py::test_max_pool2d_with_indices[ttnn-kernel0-stride0-dilation0-padding0-False-f32-1x32x32x64] - builder.base.builder_runtime.TTBuilderRuntimeException: No golden function found for TTIR operation: <class 'ttmlir.dialects._ttnn_ops_gen.ReshapeOp'>
FAILED test/python/golden/ttir_ops/pooling/test_pooling.py::test_max_pool2d_with_indices[ttnn-kernel0-stride0-dilation0-padding0-False-bf16-1x32x32x64] - builder.base.builder_runtime.TTBuilderRuntimeException: No golden function found for TTIR operation: <class 'ttmlir.dialects._ttnn_ops_gen.ReshapeOp'>
FAILED test/python/golden/ttir_ops/pooling/test_pooling.py::test_max_pool2d[ttnn-kernel4-stride4-dilation4-padding4-True-f32-1x32x32x64] - builder.base.builder_runtime.TTBuilderRuntimeException: No golden function found for TTIR operation: <class 'ttmlir.dialects._ttnn_ops_gen.ReshapeOp'>
FAILED test/python/golden/ttir_ops/pooling/test_pooling.py::test_max_pool2d[ttnn-kernel4-stride4-dilation4-padding4-True-bf16-1x32x32x64] - builder.base.builder_runtime.TTBuilderRuntimeException: No golden function found for TTIR operation: <class 'ttmlir.dialects._ttnn_ops_gen.ReshapeOp'>
FAILED test/python/golden/ttir_ops/pooling/test_pooling.py::test_max_pool2d[ttnn-kernel3-stride3-dilation3-padding3-False-f32-1x32x32x64] - builder.base.builder_runtime.TTBuilderRuntimeException: No golden function found for TTIR operation: <class 'ttmlir.dialects._ttnn_ops_gen.ReshapeOp'>
FAILED test/python/golden/ttir_ops/pooling/test_pooling.py::test_max_pool2d[ttnn-kernel3-stride3-dilation3-padding3-False-bf16-1x32x32x64] - builder.base.builder_runtime.TTBuilderRuntimeException: No golden function found for TTIR operation: <class 'ttmlir.dialects._ttnn_ops_gen.ReshapeOp'>
FAILED test/python/golden/ttir_ops/pooling/test_pooling.py::test_max_pool2d[ttnn-kernel2-stride2-dilation2-padding2-False-f32-1x32x32x64] - builder.base.builder_runtime.TTBuilderRuntimeException: No golden function found for TTIR operation: <class 'ttmlir.dialects._ttnn_ops_gen.ReshapeOp'>
FAILED test/python/golden/ttir_ops/pooling/test_pooling.py::test_max_pool2d[ttnn-kernel2-stride2-dilation2-padding2-False-bf16-1x32x32x64] - builder.base.builder_runtime.TTBuilderRuntimeException: No golden function found for TTIR operation: <class 'ttmlir.dialects._ttnn_ops_gen.ReshapeOp'>
FAILED test/python/golden/ttir_ops/pooling/test_pooling.py::test_max_pool2d[ttnn-kernel1-stride1-dilation1-padding1-False-f32-1x32x32x64] - builder.base.builder_runtime.TTBuilderRuntimeException: No golden function found for TTIR operation: <class 'ttmlir.dialects._ttnn_ops_gen.ReshapeOp'>
FAILED test/python/golden/ttir_ops/pooling/test_pooling.py::test_max_pool2d[ttnn-kernel1-stride1-dilation1-padding1-False-bf16-1x32x32x64] - builder.base.builder_runtime.TTBuilderRuntimeException: No golden function found for TTIR operation: <class 'ttmlir.dialects._ttnn_ops_gen.ReshapeOp'>
FAILED test/python/golden/ttir_ops/pooling/test_pooling.py::test_max_pool2d[ttnn-kernel0-stride0-dilation0-padding0-False-f32-1x32x32x64] - builder.base.builder_runtime.TTBuilderRuntimeException: No golden function found for TTIR operation: <class 'ttmlir.dialects._ttnn_ops_gen.ReshapeOp'>
FAILED test/python/golden/ttir_ops/pooling/test_pooling.py::test_max_pool2d[ttnn-kernel0-stride0-dilation0-padding0-False-bf16-1x32x32x64] - builder.base.builder_runtime.TTBuilderRuntimeException: No golden function found for TTIR operation: <class 'ttmlir.dialects._ttnn_ops_gen.ReshapeOp'>
FAILED test/python/golden/ttir_ops/pooling/test_pooling.py::test_hoisted_max_pool2d_with_indices[ttnn-kernel9-stride9-dilation9-padding9-True-i32-4x14x14x64] - builder.base.builder_runtime.TTBuilderRuntimeException: '%arg0'
FAILED test/python/golden/ttir_ops/pooling/test_pooling.py::test_hoisted_max_pool2d_with_indices[ttnn-kernel9-stride9-dilation9-padding9-True-i32-2x8x8x32] - builder.base.builder_runtime.TTBuilderRuntimeException: '%arg0'
FAILED test/python/golden/ttir_ops/pooling/test_pooling.py::test_hoisted_max_pool2d_with_indices[ttnn-kernel9-stride9-dilation9-padding9-True-i32-1x7x7x256] - builder.base.builder_runtime.TTBuilderRuntimeException: '%arg0'
FAILED test/python/golden/ttir_ops/pooling/test_pooling.py::test_hoisted_max_pool2d_with_indices[ttnn-kernel9-stride9-dilation9-padding9-True-i32-1x32x32x64] - builder.base.builder_runtime.TTBuilderRuntimeException: '%arg0'
FAILED test/python/golden/ttir_ops/pooling/test_pooling.py::test_hoisted_max_pool2d_with_indices[ttnn-kernel9-stride9-dilation9-padding9-True-i32-1x28x28x3] - builder.base.builder_runtime.TTBuilderRuntimeException: '%arg0'
FAILED test/python/golden/ttir_ops/pooling/test_pooling.py::test_hoisted_max_pool2d_with_indices[ttnn-kernel9-stride9-dilation9-padding9-True-i32-1x16x16x128] - builder.base.builder_runtime.TTBuilderRuntimeException: '%arg0'
FAILED test/python/golden/ttir_ops/pooling/test_pooling.py::test_hoisted_max_pool2d_with_indices[ttnn-kernel9-stride9-dilation9-padding9-True-f32-4x14x14x64] - builder.base.builder_runtime.TTBuilderRuntimeException: No golden function found for TTIR operation: <class 'ttmlir.dialects._ttcore_ops_gen.LoadCachedOp'>
FAILED test/python/golden/ttir_ops/pooling/test_pooling.py::test_hoisted_max_pool2d_with_indices[ttnn-kernel9-stride9-dilation9-padding9-True-f32-2x8x8x32] - builder.base.builder_runtime.TTBuilderRuntimeException: No golden function found for TTIR operation: <class 'ttmlir.dialects._ttcore_ops_gen.LoadCachedOp'>
FAILED test/python/golden/ttir_ops/pooling/test_pooling.py::test_hoisted_max_pool2d_with_indices[ttnn-kernel9-stride9-dilation9-padding9-True-f32-1x7x7x256] - builder.base.builder_runtime.TTBuilderRuntimeException: No golden function found for TTIR operation: <class 'ttmlir.dialects._ttcore_ops_gen.LoadCachedOp'>
FAILED test/python/golden/ttir_ops/pooling/test_pooling.py::test_hoisted_max_pool2d_with_indices[ttnn-kernel9-stride9-dilation9-padding9-True-f32-1x32x32x64] - builder.base.builder_runtime.TTBuilderRuntimeException: No golden function found for TTIR operation: <class 'ttmlir.dialects._ttcore_ops_gen.LoadCachedOp'>
FAILED test/python/golden/ttir_ops/pooling/test_pooling.py::test_hoisted_max_pool2d_with_indices[ttnn-kernel9-stride9-dilation9-padding9-True-f32-1x28x28x3] - builder.base.builder_runtime.TTBuilderRuntimeException: No golden function found for TTIR operation: <class 'ttmlir.dialects._ttcore_ops_gen.LoadCachedOp'>
FAILED test/python/golden/ttir_ops/pooling/test_pooling.py::test_hoisted_max_pool2d_with_indices[ttnn-kernel9-stride9-dilation9-padding9-True-f32-1x16x16x128] - builder.base.builder_runtime.TTBuilderRuntimeException: No golden function found for TTIR operation: <class 'ttmlir.dialects._ttcore_ops_gen.LoadCachedOp'>
FAILED test/python/golden/ttir_ops/pooling/test_pooling.py::test_hoisted_max_pool2d_with_indices[ttnn-kernel8-stride8-dilation8-padding8-True-i32-4x14x14x64] - builder.base.builder_runtime.TTBuilderRuntimeException: '%arg0'
FAILED test/python/golden/ttir_ops/pooling/test_pooling.py::test_hoisted_max_pool2d_with_indices[ttnn-kernel8-stride8-dilation8-padding8-True-i32-2x8x8x32] - builder.base.builder_runtime.TTBuilderRuntimeException: '%arg0'
FAILED test/python/golden/ttir_ops/pooling/test_pooling.py::test_hoisted_max_pool2d_with_indices[ttnn-kernel8-stride8-dilation8-padding8-True-i32-1x7x7x256] - builder.base.builder_runtime.TTBuilderRuntimeException: '%arg0'
FAILED test/python/golden/ttir_ops/pooling/test_pooling.py::test_hoisted_max_pool2d_with_indices[ttnn-kernel8-stride8-dilation8-padding8-True-i32-1x32x32x64] - builder.base.builder_runtime.TTBuilderRuntimeException: '%arg0'
FAILED test/python/golden/ttir_ops/pooling/test_pooling.py::test_hoisted_max_pool2d_with_indices[ttnn-kernel8-stride8-dilation8-padding8-True-i32-1x28x28x3] - builder.base.builder_runtime.TTBuilderRuntimeException: '%arg0'
FAILED test/python/golden/ttir_ops/pooling/test_pooling.py::test_hoisted_max_pool2d_with_indices[ttnn-kernel8-stride8-dilation8-padding8-True-i32-1x16x16x128] - builder.base.builder_runtime.TTBuilderRuntimeException: '%arg0'
FAILED test/python/golden/ttir_ops/pooling/test_pooling.py::test_hoisted_max_pool2d_with_indices[ttnn-kernel8-stride8-dilation8-padding8-True-f32-4x14x14x64] - builder.base.builder_runtime.TTBuilderRuntimeException: No golden function found for TTIR operation: <class 'ttmlir.dialects._ttcore_ops_gen.LoadCachedOp'>
FAILED test/python/golden/ttir_ops/pooling/test_pooling.py::test_hoisted_max_pool2d_with_indices[ttnn-kernel8-stride8-dilation8-padding8-True-f32-2x8x8x32] - builder.base.builder_runtime.TTBuilderRuntimeException: No golden function found for TTIR operation: <class 'ttmlir.dialects._ttcore_ops_gen.LoadCachedOp'>
FAILED test/python/golden/ttir_ops/pooling/test_pooling.py::test_hoisted_max_pool2d_with_indices[ttnn-kernel8-stride8-dilation8-padding8-True-f32-1x7x7x256] - builder.base.builder_runtime.TTBuilderRuntimeException: No golden function found for TTIR operation: <class 'ttmlir.dialects._ttcore_ops_gen.LoadCachedOp'>
FAILED test/python/golden/ttir_ops/pooling/test_pooling.py::test_hoisted_max_pool2d_with_indices[ttnn-kernel8-stride8-dilation8-padding8-True-f32-1x32x32x64] - builder.base.builder_runtime.TTBuilderRuntimeException: No golden function found for TTIR operation: <class 'ttmlir.dialects._ttcore_ops_gen.LoadCachedOp'>
FAILED test/python/golden/ttir_ops/pooling/test_pooling.py::test_hoisted_max_pool2d_with_indices[ttnn-kernel8-stride8-dilation8-padding8-True-f32-1x28x28x3] - builder.base.builder_runtime.TTBuilderRuntimeException: No golden function found for TTIR operation: <class 'ttmlir.dialects._ttcore_ops_gen.LoadCachedOp'>
FAILED test/python/golden/ttir_ops/pooling/test_pooling.py::test_hoisted_max_pool2d_with_indices[ttnn-kernel8-stride8-dilation8-padding8-True-f32-1x16x16x128] - builder.base.builder_runtime.TTBuilderRuntimeException: No golden function found for TTIR operation: <class 'ttmlir.dialects._ttcore_ops_gen.LoadCachedOp'>
FAILED test/python/golden/ttir_ops/pooling/test_pooling.py::test_hoisted_max_pool2d_with_indices[ttnn-kernel7-stride7-dilation7-padding7-True-i32-4x14x14x64] - builder.base.builder_runtime.TTBuilderRuntimeException: '%arg0'
FAILED test/python/golden/ttir_ops/pooling/test_pooling.py::test_hoisted_max_pool2d_with_indices[ttnn-kernel7-stride7-dilation7-padding7-True-i32-2x8x8x32] - builder.base.builder_runtime.TTBuilderRuntimeException: '%arg0'
FAILED test/python/golden/ttir_ops/pooling/test_pooling.py::test_hoisted_max_pool2d_with_indices[ttnn-kernel7-stride7-dilation7-padding7-True-i32-1x7x7x256] - builder.base.builder_runtime.TTBuilderRuntimeException: '%arg0'
FAILED test/python/golden/ttir_ops/pooling/test_pooling.py::test_hoisted_max_pool2d_with_indices[ttnn-kernel7-stride7-dilation7-padding7-True-i32-1x32x32x64] - builder.base.builder_runtime.TTBuilderRuntimeException: '%arg0'
FAILED test/python/golden/ttir_ops/pooling/test_pooling.py::test_hoisted_max_pool2d_with_indices[ttnn-kernel7-stride7-dilation7-padding7-True-i32-1x28x28x3] - builder.base.builder_runtime.TTBuilderRuntimeException: '%arg0'
FAILED test/python/golden/ttir_ops/pooling/test_pooling.py::test_hoisted_max_pool2d_with_indices[ttnn-kernel7-stride7-dilation7-padding7-True-i32-1x16x16x128] - builder.base.builder_runtime.TTBuilderRuntimeException: '%arg0'
FAILED test/python/golden/ttir_ops/pooling/test_pooling.py::test_hoisted_max_pool2d_with_indices[ttnn-kernel7-stride7-dilation7-padding7-True-f32-4x14x14x64] - builder.base.builder_runtime.TTBuilderRuntimeException: No golden function found for TTIR operation: <class 'ttmlir.dialects._ttcore_ops_gen.LoadCachedOp'>
FAILED test/python/golden/ttir_ops/pooling/test_pooling.py::test_hoisted_max_pool2d_with_indices[ttnn-kernel7-stride7-dilation7-padding7-True-f32-2x8x8x32] - builder.base.builder_runtime.TTBuilderRuntimeException: No golden function found for TTIR operation: <class 'ttmlir.dialects._ttcore_ops_gen.LoadCachedOp'>
FAILED test/python/golden/ttir_ops/pooling/test_pooling.py::test_hoisted_max_pool2d_with_indices[ttnn-kernel7-stride7-dilation7-padding7-True-f32-1x7x7x256] - builder.base.builder_runtime.TTBuilderRuntimeException: No golden function found for TTIR operation: <class 'ttmlir.dialects._ttcore_ops_gen.LoadCachedOp'>
FAILED test/python/golden/ttir_ops/pooling/test_pooling.py::test_hoisted_max_pool2d_with_indices[ttnn-kernel7-stride7-dilation7-padding7-True-f32-1x32x32x64] - builder.base.builder_runtime.TTBuilderRuntimeException: No golden function found for TTIR operation: <class 'ttmlir.dialects._ttcore_ops_gen.LoadCachedOp'>
FAILED test/python/golden/ttir_ops/pooling/test_pooling.py::test_hoisted_max_pool2d_with_indices[ttnn-kernel7-stride7-dilation7-padding7-True-f32-1x28x28x3] - builder.base.builder_runtime.TTBuilderRuntimeException: No golden function found for TTIR operation: <class 'ttmlir.dialects._ttcore_ops_gen.LoadCachedOp'>
FAILED test/python/golden/ttir_ops/pooling/test_pooling.py::test_hoisted_max_pool2d_with_indices[ttnn-kernel7-stride7-dilation7-padding7-True-f32-1x16x16x128] - builder.base.builder_runtime.TTBuilderRuntimeException: No golden function found for TTIR operation: <class 'ttmlir.dialects._ttcore_ops_gen.LoadCachedOp'>
FAILED test/python/golden/ttir_ops/pooling/test_pooling.py::test_hoisted_max_pool2d_with_indices[ttnn-kernel6-stride6-dilation6-padding6-False-i32-4x14x14x64] - builder.base.builder_runtime.TTBuilderRuntimeException: '%arg0'
FAILED test/python/golden/ttir_ops/pooling/test_pooling.py::test_hoisted_max_pool2d_with_indices[ttnn-kernel6-stride6-dilation6-padding6-False-i32-2x8x8x32] - builder.base.builder_runtime.TTBuilderRuntimeException: '%arg0'
FAILED test/python/golden/ttir_ops/pooling/test_pooling.py::test_hoisted_max_pool2d_with_indices[ttnn-kernel6-stride6-dilation6-padding6-False-i32-1x7x7x256] - builder.base.builder_runtime.TTBuilderRuntimeException: '%arg0'
FAILED test/python/golden/ttir_ops/pooling/test_pooling.py::test_hoisted_max_pool2d_with_indices[ttnn-kernel6-stride6-dilation6-padding6-False-i32-1x32x32x64] - builder.base.builder_runtime.TTBuilderRuntimeException: '%arg0'
FAILED test/python/golden/ttir_ops/pooling/test_pooling.py::test_hoisted_max_pool2d_with_indices[ttnn-kernel6-stride6-dilation6-padding6-False-i32-1x28x28x3] - builder.base.builder_runtime.TTBuilderRuntimeException: '%arg0'
FAILED test/python/golden/ttir_ops/pooling/test_pooling.py::test_hoisted_max_pool2d_with_indices[ttnn-kernel6-stride6-dilation6-padding6-False-i32-1x16x16x128] - builder.base.builder_runtime.TTBuilderRuntimeException: '%arg0'
FAILED test/python/golden/ttir_ops/pooling/test_pooling.py::test_hoisted_max_pool2d_with_indices[ttnn-kernel6-stride6-dilation6-padding6-False-f32-4x14x14x64] - builder.base.builder_runtime.TTBuilderRuntimeException: No golden function found for TTIR operation: <class 'ttmlir.dialects._ttcore_ops_gen.LoadCachedOp'>
FAILED test/python/golden/ttir_ops/pooling/test_pooling.py::test_hoisted_max_pool2d_with_indices[ttnn-kernel6-stride6-dilation6-padding6-False-f32-2x8x8x32] - builder.base.builder_runtime.TTBuilderRuntimeException: No golden function found for TTIR operation: <class 'ttmlir.dialects._ttcore_ops_gen.LoadCachedOp'>
FAILED test/python/golden/ttir_ops/pooling/test_pooling.py::test_hoisted_max_pool2d_with_indices[ttnn-kernel6-stride6-dilation6-padding6-False-f32-1x7x7x256] - builder.base.builder_runtime.TTBuilderRuntimeException: No golden function found for TTIR operation: <class 'ttmlir.dialects._ttcore_ops_gen.LoadCachedOp'>
FAILED test/python/golden/ttir_ops/pooling/test_pooling.py::test_hoisted_max_pool2d_with_indices[ttnn-kernel6-stride6-dilation6-padding6-False-f32-1x32x32x64] - builder.base.builder_runtime.TTBuilderRuntimeException: No golden function found for TTIR operation: <class 'ttmlir.dialects._ttcore_ops_gen.LoadCachedOp'>
FAILED test/python/golden/ttir_ops/pooling/test_pooling.py::test_hoisted_max_pool2d_with_indices[ttnn-kernel6-stride6-dilation6-padding6-False-f32-1x28x28x3] - builder.base.builder_runtime.TTBuilderRuntimeException: No golden function found for TTIR operation: <class 'ttmlir.dialects._ttcore_ops_gen.LoadCachedOp'>
FAILED test/python/golden/ttir_ops/pooling/test_pooling.py::test_hoisted_max_pool2d_with_indices[ttnn-kernel6-stride6-dilation6-padding6-False-f32-1x16x16x128] - builder.base.builder_runtime.TTBuilderRuntimeException: No golden function found for TTIR operation: <class 'ttmlir.dialects._ttcore_ops_gen.LoadCachedOp'>
FAILED test/python/golden/ttir_ops/pooling/test_pooling.py::test_hoisted_max_pool2d_with_indices[ttnn-kernel5-stride5-dilation5-padding5-False-i32-4x14x14x64] - builder.base.builder_runtime.TTBuilderRuntimeException: '%arg0'
FAILED test/python/golden/ttir_ops/pooling/test_pooling.py::test_hoisted_max_pool2d_with_indices[ttnn-kernel5-stride5-dilation5-padding5-False-i32-2x8x8x32] - builder.base.builder_runtime.TTBuilderRuntimeException: '%arg0'
FAILED test/python/golden/ttir_ops/pooling/test_pooling.py::test_hoisted_max_pool2d_with_indices[ttnn-kernel5-stride5-dilation5-padding5-False-i32-1x7x7x256] - builder.base.builder_runtime.TTBuilderRuntimeException: '%arg0'
FAILED test/python/golden/ttir_ops/pooling/test_pooling.py::test_hoisted_max_pool2d_with_indices[ttnn-kernel5-stride5-dilation5-padding5-False-i32-1x32x32x64] - builder.base.builder_runtime.TTBuilderRuntimeException: '%arg0'
FAILED test/python/golden/ttir_ops/pooling/test_pooling.py::test_hoisted_max_pool2d_with_indices[ttnn-kernel5-stride5-dilation5-padding5-False-i32-1x28x28x3] - builder.base.builder_runtime.TTBuilderRuntimeException: '%arg0'
FAILED test/python/golden/ttir_ops/pooling/test_pooling.py::test_hoisted_max_pool2d_with_indices[ttnn-kernel5-stride5-dilation5-padding5-False-i32-1x16x16x128] - builder.base.builder_runtime.TTBuilderRuntimeException: '%arg0'
FAILED test/python/golden/ttir_ops/pooling/test_pooling.py::test_hoisted_max_pool2d_with_indices[ttnn-kernel5-stride5-dilation5-padding5-False-f32-4x14x14x64] - builder.base.builder_runtime.TTBuilderRuntimeException: No golden function found for TTIR operation: <class 'ttmlir.dialects._ttcore_ops_gen.LoadCachedOp'>
FAILED test/python/golden/ttir_ops/pooling/test_pooling.py::test_hoisted_max_pool2d_with_indices[ttnn-kernel5-stride5-dilation5-padding5-False-f32-2x8x8x32] - builder.base.builder_runtime.TTBuilderRuntimeException: No golden function found for TTIR operation: <class 'ttmlir.dialects._ttcore_ops_gen.LoadCachedOp'>
FAILED test/python/golden/ttir_ops/pooling/test_pooling.py::test_hoisted_max_pool2d_with_indices[ttnn-kernel5-stride5-dilation5-padding5-False-f32-1x7x7x256] - builder.base.builder_runtime.TTBuilderRuntimeException: No golden function found for TTIR operation: <class 'ttmlir.dialects._ttcore_ops_gen.LoadCachedOp'>
FAILED test/python/golden/ttir_ops/pooling/test_pooling.py::test_hoisted_max_pool2d_with_indices[ttnn-kernel5-stride5-dilation5-padding5-False-f32-1x32x32x64] - builder.base.builder_runtime.TTBuilderRuntimeException: No golden function found for TTIR operation: <class 'ttmlir.dialects._ttcore_ops_gen.LoadCachedOp'>
FAILED test/python/golden/ttir_ops/pooling/test_pooling.py::test_hoisted_max_pool2d_with_indices[ttnn-kernel5-stride5-dilation5-padding5-False-f32-1x28x28x3] - builder.base.builder_runtime.TTBuilderRuntimeException: No golden function found for TTIR operation: <class 'ttmlir.dialects._ttcore_ops_gen.LoadCachedOp'>
FAILED test/python/golden/ttir_ops/pooling/test_pooling.py::test_hoisted_max_pool2d_with_indices[ttnn-kernel5-stride5-dilation5-padding5-False-f32-1x16x16x128] - builder.base.builder_runtime.TTBuilderRuntimeException: No golden function found for TTIR operation: <class 'ttmlir.dialects._ttcore_ops_gen.LoadCachedOp'>
FAILED test/python/golden/ttir_ops/pooling/test_pooling.py::test_hoisted_max_pool2d_with_indices[ttnn-kernel4-stride4-dilation4-padding4-False-i32-4x14x14x64] - builder.base.builder_runtime.TTBuilderRuntimeException: '%arg0'
FAILED test/python/golden/ttir_ops/pooling/test_pooling.py::test_hoisted_max_pool2d_with_indices[ttnn-kernel4-stride4-dilation4-padding4-False-i32-2x8x8x32] - builder.base.builder_runtime.TTBuilderRuntimeException: '%arg0'
FAILED test/python/golden/ttir_ops/pooling/test_pooling.py::test_hoisted_max_pool2d_with_indices[ttnn-kernel4-stride4-dilation4-padding4-False-i32-1x7x7x256] - builder.base.builder_runtime.TTBuilderRuntimeException: '%arg0'
FAILED test/python/golden/ttir_ops/pooling/test_pooling.py::test_hoisted_max_pool2d_with_indices[ttnn-kernel4-stride4-dilation4-padding4-False-i32-1x32x32x64] - builder.base.builder_runtime.TTBuilderRuntimeException: '%arg0'
FAILED test/python/golden/ttir_ops/pooling/test_pooling.py::test_hoisted_max_pool2d_with_indices[ttnn-kernel4-stride4-dilation4-padding4-False-i32-1x28x28x3] - builder.base.builder_runtime.TTBuilderRuntimeException: '%arg0'
FAILED test/python/golden/ttir_ops/pooling/test_pooling.py::test_hoisted_max_pool2d_with_indices[ttnn-kernel4-stride4-dilation4-padding4-False-i32-1x16x16x128] - builder.base.builder_runtime.TTBuilderRuntimeException: '%arg0'
FAILED test/python/golden/ttir_ops/pooling/test_pooling.py::test_hoisted_max_pool2d_with_indices[ttnn-kernel4-stride4-dilation4-padding4-False-f32-4x14x14x64] - builder.base.builder_runtime.TTBuilderRuntimeException: No golden function found for TTIR operation: <class 'ttmlir.dialects._ttcore_ops_gen.LoadCachedOp'>
FAILED test/python/golden/ttir_ops/pooling/test_pooling.py::test_hoisted_max_pool2d_with_indices[ttnn-kernel4-stride4-dilation4-padding4-False-f32-2x8x8x32] - builder.base.builder_runtime.TTBuilderRuntimeException: No golden function found for TTIR operation: <class 'ttmlir.dialects._ttcore_ops_gen.LoadCachedOp'>
FAILED test/python/golden/ttir_ops/pooling/test_pooling.py::test_hoisted_max_pool2d_with_indices[ttnn-kernel4-stride4-dilation4-padding4-False-f32-1x7x7x256] - builder.base.builder_runtime.TTBuilderRuntimeException: No golden function found for TTIR operation: <class 'ttmlir.dialects._ttcore_ops_gen.LoadCachedOp'>
FAILED test/python/golden/ttir_ops/pooling/test_pooling.py::test_hoisted_max_pool2d_with_indices[ttnn-kernel4-stride4-dilation4-padding4-False-f32-1x32x32x64] - builder.base.builder_runtime.TTBuilderRuntimeException: No golden function found for TTIR operation: <class 'ttmlir.dialects._ttcore_ops_gen.LoadCachedOp'>
FAILED test/python/golden/ttir_ops/pooling/test_pooling.py::test_hoisted_max_pool2d_with_indices[ttnn-kernel4-stride4-dilation4-padding4-False-f32-1x28x28x3] - builder.base.builder_runtime.TTBuilderRuntimeException: No golden function found for TTIR operation: <class 'ttmlir.dialects._ttcore_ops_gen.LoadCachedOp'>
FAILED test/python/golden/ttir_ops/pooling/test_pooling.py::test_hoisted_max_pool2d_with_indices[ttnn-kernel4-stride4-dilation4-padding4-False-f32-1x16x16x128] - builder.base.builder_runtime.TTBuilderRuntimeException: No golden function found for TTIR operation: <class 'ttmlir.dialects._ttcore_ops_gen.LoadCachedOp'>
FAILED test/python/golden/ttir_ops/pooling/test_pooling.py::test_hoisted_max_pool2d_with_indices[ttnn-kernel3-stride3-dilation3-padding3-False-i32-4x14x14x64] - builder.base.builder_runtime.TTBuilderRuntimeException: '%arg0'
FAILED test/python/golden/ttir_ops/pooling/test_pooling.py::test_hoisted_max_pool2d_with_indices[ttnn-kernel3-stride3-dilation3-padding3-False-i32-2x8x8x32] - builder.base.builder_runtime.TTBuilderRuntimeException: '%arg0'
FAILED test/python/golden/ttir_ops/pooling/test_pooling.py::test_hoisted_max_pool2d_with_indices[ttnn-kernel3-stride3-dilation3-padding3-False-i32-1x7x7x256] - builder.base.builder_runtime.TTBuilderRuntimeException: '%arg0'
FAILED test/python/golden/ttir_ops/pooling/test_pooling.py::test_hoisted_max_pool2d_with_indices[ttnn-kernel3-stride3-dilation3-padding3-False-i32-1x32x32x64] - builder.base.builder_runtime.TTBuilderRuntimeException: '%arg0'
FAILED test/python/golden/ttir_ops/pooling/test_pooling.py::test_hoisted_max_pool2d_with_indices[ttnn-kernel3-stride3-dilation3-padding3-False-i32-1x28x28x3] - builder.base.builder_runtime.TTBuilderRuntimeException: '%arg0'
FAILED test/python/golden/ttir_ops/pooling/test_pooling.py::test_hoisted_max_pool2d_with_indices[ttnn-kernel3-stride3-dilation3-padding3-False-i32-1x16x16x128] - builder.base.builder_runtime.TTBuilderRuntimeException: '%arg0'
FAILED test/python/golden/ttir_ops/pooling/test_pooling.py::test_hoisted_max_pool2d_with_indices[ttnn-kernel3-stride3-dilation3-padding3-False-f32-4x14x14x64] - builder.base.builder_runtime.TTBuilderRuntimeException: No golden function found for TTIR operation: <class 'ttmlir.dialects._ttcore_ops_gen.LoadCachedOp'>
FAILED test/python/golden/ttir_ops/pooling/test_pooling.py::test_hoisted_max_pool2d_with_indices[ttnn-kernel3-stride3-dilation3-padding3-False-f32-2x8x8x32] - builder.base.builder_runtime.TTBuilderRuntimeException: No golden function found for TTIR operation: <class 'ttmlir.dialects._ttcore_ops_gen.LoadCachedOp'>
FAILED test/python/golden/ttir_ops/pooling/test_pooling.py::test_hoisted_max_pool2d_with_indices[ttnn-kernel3-stride3-dilation3-padding3-False-f32-1x7x7x256] - builder.base.builder_runtime.TTBuilderRuntimeException: No golden function found for TTIR operation: <class 'ttmlir.dialects._ttcore_ops_gen.LoadCachedOp'>
FAILED test/python/golden/ttir_ops/pooling/test_pooling.py::test_hoisted_max_pool2d_with_indices[ttnn-kernel3-stride3-dilation3-padding3-False-f32-1x32x32x64] - builder.base.builder_runtime.TTBuilderRuntimeException: No golden function found for TTIR operation: <class 'ttmlir.dialects._ttcore_ops_gen.LoadCachedOp'>
FAILED test/python/golden/ttir_ops/pooling/test_pooling.py::test_hoisted_max_pool2d_with_indices[ttnn-kernel3-stride3-dilation3-padding3-False-f32-1x28x28x3] - builder.base.builder_runtime.TTBuilderRuntimeException: No golden function found for TTIR operation: <class 'ttmlir.dialects._ttcore_ops_gen.LoadCachedOp'>
FAILED test/python/golden/ttir_ops/pooling/test_pooling.py::test_hoisted_max_pool2d_with_indices[ttnn-kernel3-stride3-dilation3-padding3-False-f32-1x16x16x128] - builder.base.builder_runtime.TTBuilderRuntimeException: No golden function found for TTIR operation: <class 'ttmlir.dialects._ttcore_ops_gen.LoadCachedOp'>
FAILED test/python/golden/ttir_ops/pooling/test_pooling.py::test_hoisted_max_pool2d_with_indices[ttnn-kernel2-stride2-dilation2-padding2-False-i32-4x14x14x64] - builder.base.builder_runtime.TTBuilderRuntimeException: '%arg0'
FAILED test/python/golden/ttir_ops/pooling/test_pooling.py::test_hoisted_max_pool2d_with_indices[ttnn-kernel2-stride2-dilation2-padding2-False-i32-2x8x8x32] - builder.base.builder_runtime.TTBuilderRuntimeException: '%arg0'
FAILED test/python/golden/ttir_ops/pooling/test_pooling.py::test_hoisted_max_pool2d_with_indices[ttnn-kernel2-stride2-dilation2-padding2-False-i32-1x7x7x256] - builder.base.builder_runtime.TTBuilderRuntimeException: '%arg0'
FAILED test/python/golden/ttir_ops/pooling/test_pooling.py::test_hoisted_max_pool2d_with_indices[ttnn-kernel2-stride2-dilation2-padding2-False-i32-1x32x32x64] - builder.base.builder_runtime.TTBuilderRuntimeException: '%arg0'
FAILED test/python/golden/ttir_ops/pooling/test_pooling.py::test_hoisted_max_pool2d_with_indices[ttnn-kernel2-stride2-dilation2-padding2-False-i32-1x28x28x3] - builder.base.builder_runtime.TTBuilderRuntimeException: '%arg0'
FAILED test/python/golden/ttir_ops/pooling/test_pooling.py::test_hoisted_max_pool2d_with_indices[ttnn-kernel2-stride2-dilation2-padding2-False-i32-1x16x16x128] - builder.base.builder_runtime.TTBuilderRuntimeException: '%arg0'
FAILED test/python/golden/ttir_ops/pooling/test_pooling.py::test_hoisted_max_pool2d_with_indices[ttnn-kernel2-stride2-dilation2-padding2-False-f32-4x14x14x64] - builder.base.builder_runtime.TTBuilderRuntimeException: No golden function found for TTIR operation: <class 'ttmlir.dialects._ttcore_ops_gen.LoadCachedOp'>
FAILED test/python/golden/ttir_ops/pooling/test_pooling.py::test_hoisted_max_pool2d_with_indices[ttnn-kernel2-stride2-dilation2-padding2-False-f32-2x8x8x32] - builder.base.builder_runtime.TTBuilderRuntimeException: No golden function found for TTIR operation: <class 'ttmlir.dialects._ttcore_ops_gen.LoadCachedOp'>
FAILED test/python/golden/ttir_ops/pooling/test_pooling.py::test_hoisted_max_pool2d_with_indices[ttnn-kernel2-stride2-dilation2-padding2-False-f32-1x7x7x256] - builder.base.builder_runtime.TTBuilderRuntimeException: No golden function found for TTIR operation: <class 'ttmlir.dialects._ttcore_ops_gen.LoadCachedOp'>
FAILED test/python/golden/ttir_ops/pooling/test_pooling.py::test_hoisted_max_pool2d_with_indices[ttnn-kernel2-stride2-dilation2-padding2-False-f32-1x32x32x64] - builder.base.builder_runtime.TTBuilderRuntimeException: No golden function found for TTIR operation: <class 'ttmlir.dialects._ttcore_ops_gen.LoadCachedOp'>
FAILED test/python/golden/ttir_ops/pooling/test_pooling.py::test_hoisted_max_pool2d_with_indices[ttnn-kernel2-stride2-dilation2-padding2-False-f32-1x28x28x3] - builder.base.builder_runtime.TTBuilderRuntimeException: No golden function found for TTIR operation: <class 'ttmlir.dialects._ttcore_ops_gen.LoadCachedOp'>
FAILED test/python/golden/ttir_ops/pooling/test_pooling.py::test_hoisted_max_pool2d_with_indices[ttnn-kernel2-stride2-dilation2-padding2-False-f32-1x16x16x128] - builder.base.builder_runtime.TTBuilderRuntimeException: No golden function found for TTIR operation: <class 'ttmlir.dialects._ttcore_ops_gen.LoadCachedOp'>
FAILED test/python/golden/ttir_ops/pooling/test_pooling.py::test_hoisted_max_pool2d_with_indices[ttnn-kernel1-stride1-dilation1-padding1-False-i32-4x14x14x64] - builder.base.builder_runtime.TTBuilderRuntimeException: '%arg0'
FAILED test/python/golden/ttir_ops/pooling/test_pooling.py::test_hoisted_max_pool2d_with_indices[ttnn-kernel1-stride1-dilation1-padding1-False-i32-2x8x8x32] - builder.base.builder_runtime.TTBuilderRuntimeException: '%arg0'
FAILED test/python/golden/ttir_ops/pooling/test_pooling.py::test_hoisted_max_pool2d_with_indices[ttnn-kernel1-stride1-dilation1-padding1-False-i32-1x7x7x256] - builder.base.builder_runtime.TTBuilderRuntimeException: '%arg0'
FAILED test/python/golden/ttir_ops/pooling/test_pooling.py::test_hoisted_max_pool2d_with_indices[ttnn-kernel1-stride1-dilation1-padding1-False-i32-1x32x32x64] - builder.base.builder_runtime.TTBuilderRuntimeException: '%arg0'
FAILED test/python/golden/ttir_ops/pooling/test_pooling.py::test_hoisted_max_pool2d_with_indices[ttnn-kernel1-stride1-dilation1-padding1-False-i32-1x28x28x3] - builder.base.builder_runtime.TTBuilderRuntimeException: '%arg0'
FAILED test/python/golden/ttir_ops/pooling/test_pooling.py::test_hoisted_max_pool2d_with_indices[ttnn-kernel1-stride1-dilation1-padding1-False-i32-1x16x16x128] - builder.base.builder_runtime.TTBuilderRuntimeException: '%arg0'
FAILED test/python/golden/ttir_ops/pooling/test_pooling.py::test_hoisted_max_pool2d_with_indices[ttnn-kernel1-stride1-dilation1-padding1-False-f32-4x14x14x64] - builder.base.builder_runtime.TTBuilderRuntimeException: No golden function found for TTIR operation: <class 'ttmlir.dialects._ttcore_ops_gen.LoadCachedOp'>
FAILED test/python/golden/ttir_ops/pooling/test_pooling.py::test_hoisted_max_pool2d_with_indices[ttnn-kernel1-stride1-dilation1-padding1-False-f32-2x8x8x32] - builder.base.builder_runtime.TTBuilderRuntimeException: No golden function found for TTIR operation: <class 'ttmlir.dialects._ttcore_ops_gen.LoadCachedOp'>
FAILED test/python/golden/ttir_ops/pooling/test_pooling.py::test_hoisted_max_pool2d_with_indices[ttnn-kernel1-stride1-dilation1-padding1-False-f32-1x7x7x256] - builder.base.builder_runtime.TTBuilderRuntimeException: No golden function found for TTIR operation: <class 'ttmlir.dialects._ttcore_ops_gen.LoadCachedOp'>
FAILED test/python/golden/ttir_ops/pooling/test_pooling.py::test_hoisted_max_pool2d_with_indices[ttnn-kernel1-stride1-dilation1-padding1-False-f32-1x32x32x64] - builder.base.builder_runtime.TTBuilderRuntimeException: No golden function found for TTIR operation: <class 'ttmlir.dialects._ttcore_ops_gen.LoadCachedOp'>
FAILED test/python/golden/ttir_ops/pooling/test_pooling.py::test_hoisted_max_pool2d_with_indices[ttnn-kernel1-stride1-dilation1-padding1-False-f32-1x28x28x3] - builder.base.builder_runtime.TTBuilderRuntimeException: No golden function found for TTIR operation: <class 'ttmlir.dialects._ttcore_ops_gen.LoadCachedOp'>
FAILED test/python/golden/ttir_ops/pooling/test_pooling.py::test_hoisted_max_pool2d_with_indices[ttnn-kernel1-stride1-dilation1-padding1-False-f32-1x16x16x128] - builder.base.builder_runtime.TTBuilderRuntimeException: No golden function found for TTIR operation: <class 'ttmlir.dialects._ttcore_ops_gen.LoadCachedOp'>
FAILED test/python/golden/ttir_ops/pooling/test_pooling.py::test_hoisted_max_pool2d_with_indices[ttnn-kernel0-stride0-dilation0-padding0-False-i32-4x14x14x64] - builder.base.builder_runtime.TTBuilderRuntimeException: '%arg0'
FAILED test/python/golden/ttir_ops/pooling/test_pooling.py::test_hoisted_max_pool2d_with_indices[ttnn-kernel0-stride0-dilation0-padding0-False-i32-2x8x8x32] - builder.base.builder_runtime.TTBuilderRuntimeException: '%arg0'
FAILED test/python/golden/ttir_ops/pooling/test_pooling.py::test_hoisted_max_pool2d_with_indices[ttnn-kernel0-stride0-dilation0-padding0-False-i32-1x7x7x256] - builder.base.builder_runtime.TTBuilderRuntimeException: '%arg0'
FAILED test/python/golden/ttir_ops/pooling/test_pooling.py::test_hoisted_max_pool2d_with_indices[ttnn-kernel0-stride0-dilation0-padding0-False-i32-1x32x32x64] - builder.base.builder_runtime.TTBuilderRuntimeException: '%arg0'
FAILED test/python/golden/ttir_ops/pooling/test_pooling.py::test_hoisted_max_pool2d_with_indices[ttnn-kernel0-stride0-dilation0-padding0-False-i32-1x28x28x3] - builder.base.builder_runtime.TTBuilderRuntimeException: '%arg0'
FAILED test/python/golden/ttir_ops/pooling/test_pooling.py::test_hoisted_max_pool2d_with_indices[ttnn-kernel0-stride0-dilation0-padding0-False-i32-1x16x16x128] - builder.base.builder_runtime.TTBuilderRuntimeException: '%arg0'
FAILED test/python/golden/ttir_ops/pooling/test_pooling.py::test_hoisted_max_pool2d_with_indices[ttnn-kernel0-stride0-dilation0-padding0-False-f32-4x14x14x64] - builder.base.builder_runtime.TTBuilderRuntimeException: No golden function found for TTIR operation: <class 'ttmlir.dialects._ttcore_ops_gen.LoadCachedOp'>
FAILED test/python/golden/ttir_ops/pooling/test_pooling.py::test_hoisted_max_pool2d_with_indices[ttnn-kernel0-stride0-dilation0-padding0-False-f32-2x8x8x32] - builder.base.builder_runtime.TTBuilderRuntimeException: No golden function found for TTIR operation: <class 'ttmlir.dialects._ttcore_ops_gen.LoadCachedOp'>
FAILED test/python/golden/ttir_ops/pooling/test_pooling.py::test_hoisted_max_pool2d_with_indices[ttnn-kernel0-stride0-dilation0-padding0-False-f32-1x7x7x256] - builder.base.builder_runtime.TTBuilderRuntimeException: No golden function found for TTIR operation: <class 'ttmlir.dialects._ttcore_ops_gen.LoadCachedOp'>
FAILED test/python/golden/ttir_ops/pooling/test_pooling.py::test_hoisted_max_pool2d_with_indices[ttnn-kernel0-stride0-dilation0-padding0-False-f32-1x32x32x64] - builder.base.builder_runtime.TTBuilderRuntimeException: No golden function found for TTIR operation: <class 'ttmlir.dialects._ttcore_ops_gen.LoadCachedOp'>
FAILED test/python/golden/ttir_ops/pooling/test_pooling.py::test_hoisted_max_pool2d_with_indices[ttnn-kernel0-stride0-dilation0-padding0-False-f32-1x28x28x3] - builder.base.builder_runtime.TTBuilderRuntimeException: No golden function found for TTIR operation: <class 'ttmlir.dialects._ttcore_ops_gen.LoadCachedOp'>
FAILED test/python/golden/ttir_ops/pooling/test_pooling.py::test_hoisted_max_pool2d_with_indices[ttnn-kernel0-stride0-dilation0-padding0-False-f32-1x16x16x128] - builder.base.builder_runtime.TTBuilderRuntimeException: No golden function found for TTIR operation: <class 'ttmlir.dialects._ttcore_ops_gen.LoadCachedOp'>
FAILED test/python/golden/ttir_ops/pooling/test_pooling.py::test_hoisted_max_pool2d[ttnn-kernel9-stride9-dilation9-padding9-True-i32-4x14x14x64] - builder.base.builder_runtime.TTBuilderRuntimeException: ttnn_from_device_golden() takes 1 positional argument but 2 were given
FAILED test/python/golden/ttir_ops/pooling/test_pooling.py::test_hoisted_max_pool2d[ttnn-kernel9-stride9-dilation9-padding9-True-i32-2x8x8x32] - builder.base.builder_runtime.TTBuilderRuntimeException: ttnn_from_device_golden() takes 1 positional argument but 2 were given
FAILED test/python/golden/ttir_ops/pooling/test_pooling.py::test_hoisted_max_pool2d[ttnn-kernel9-stride9-dilation9-padding9-True-i32-1x7x7x256] - builder.base.builder_runtime.TTBuilderRuntimeException: ttnn_from_device_golden() takes 1 positional argument but 2 were given
FAILED test/python/golden/ttir_ops/pooling/test_pooling.py::test_hoisted_max_pool2d[ttnn-kernel9-stride9-dilation9-padding9-True-i32-1x32x32x64] - builder.base.builder_runtime.TTBuilderRuntimeException: ttnn_from_device_golden() takes 1 positional argument but 2 were given
FAILED test/python/golden/ttir_ops/pooling/test_pooling.py::test_hoisted_max_pool2d[ttnn-kernel9-stride9-dilation9-padding9-True-i32-1x28x28x3] - builder.base.builder_runtime.TTBuilderRuntimeException: ttnn_from_device_golden() takes 1 positional argument but 2 were given
FAILED test/python/golden/ttir_ops/pooling/test_pooling.py::test_hoisted_max_pool2d[ttnn-kernel9-stride9-dilation9-padding9-True-i32-1x16x16x128] - builder.base.builder_runtime.TTBuilderRuntimeException: ttnn_from_device_golden() takes 1 positional argument but 2 were given
FAILED test/python/golden/ttir_ops/pooling/test_pooling.py::test_hoisted_max_pool2d[ttnn-kernel9-stride9-dilation9-padding9-True-f32-4x14x14x64] - builder.base.builder_runtime.TTBuilderRuntimeException: ttnn_from_device_golden() takes 1 positional argument but 2 were given
FAILED test/python/golden/ttir_ops/pooling/test_pooling.py::test_hoisted_max_pool2d[ttnn-kernel9-stride9-dilation9-padding9-True-f32-2x8x8x32] - builder.base.builder_runtime.TTBuilderRuntimeException: ttnn_from_device_golden() takes 1 positional argument but 2 were given
FAILED test/python/golden/ttir_ops/pooling/test_pooling.py::test_hoisted_max_pool2d[ttnn-kernel9-stride9-dilation9-padding9-True-f32-1x7x7x256] - builder.base.builder_runtime.TTBuilderRuntimeException: ttnn_from_device_golden() takes 1 positional argument but 2 were given
FAILED test/python/golden/ttir_ops/pooling/test_pooling.py::test_hoisted_max_pool2d[ttnn-kernel9-stride9-dilation9-padding9-True-f32-1x32x32x64] - builder.base.builder_runtime.TTBuilderRuntimeException: ttnn_from_device_golden() takes 1 positional argument but 2 were given
FAILED test/python/golden/ttir_ops/pooling/test_pooling.py::test_hoisted_max_pool2d[ttnn-kernel9-stride9-dilation9-padding9-True-f32-1x28x28x3] - builder.base.builder_runtime.TTBuilderRuntimeException: ttnn_from_device_golden() takes 1 positional argument but 2 were given
FAILED test/python/golden/ttir_ops/pooling/test_pooling.py::test_hoisted_max_pool2d[ttnn-kernel9-stride9-dilation9-padding9-True-f32-1x16x16x128] - builder.base.builder_runtime.TTBuilderRuntimeException: ttnn_from_device_golden() takes 1 positional argument but 2 were given
FAILED test/python/golden/ttir_ops/pooling/test_pooling.py::test_hoisted_max_pool2d[ttnn-kernel8-stride8-dilation8-padding8-True-i32-4x14x14x64] - builder.base.builder_runtime.TTBuilderRuntimeException: ttnn_from_device_golden() takes 1 positional argument but 2 were given
FAILED test/python/golden/ttir_ops/pooling/test_pooling.py::test_hoisted_max_pool2d[ttnn-kernel8-stride8-dilation8-padding8-True-i32-2x8x8x32] - builder.base.builder_runtime.TTBuilderRuntimeException: ttnn_from_device_golden() takes 1 positional argument but 2 were given
FAILED test/python/golden/ttir_ops/pooling/test_pooling.py::test_hoisted_max_pool2d[ttnn-kernel8-stride8-dilation8-padding8-True-i32-1x7x7x256] - builder.base.builder_runtime.TTBuilderRuntimeException: ttnn_from_device_golden() takes 1 positional argument but 2 were given
FAILED test/python/golden/ttir_ops/pooling/test_pooling.py::test_hoisted_max_pool2d[ttnn-kernel8-stride8-dilation8-padding8-True-i32-1x32x32x64] - builder.base.builder_runtime.TTBuilderRuntimeException: ttnn_from_device_golden() takes 1 positional argument but 2 were given
FAILED test/python/golden/ttir_ops/pooling/test_pooling.py::test_hoisted_max_pool2d[ttnn-kernel8-stride8-dilation8-padding8-True-i32-1x28x28x3] - builder.base.builder_runtime.TTBuilderRuntimeException: ttnn_from_device_golden() takes 1 positional argument but 2 were given
FAILED test/python/golden/ttir_ops/pooling/test_pooling.py::test_hoisted_max_pool2d[ttnn-kernel8-stride8-dilation8-padding8-True-i32-1x16x16x128] - builder.base.builder_runtime.TTBuilderRuntimeException: ttnn_from_device_golden() takes 1 positional argument but 2 were given
FAILED test/python/golden/ttir_ops/pooling/test_pooling.py::test_hoisted_max_pool2d[ttnn-kernel8-stride8-dilation8-padding8-True-f32-4x14x14x64] - builder.base.builder_runtime.TTBuilderRuntimeException: ttnn_from_device_golden() takes 1 positional argument but 2 were given
FAILED test/python/golden/ttir_ops/pooling/test_pooling.py::test_hoisted_max_pool2d[ttnn-kernel8-stride8-dilation8-padding8-True-f32-2x8x8x32] - builder.base.builder_runtime.TTBuilderRuntimeException: ttnn_from_device_golden() takes 1 positional argument but 2 were given
FAILED test/python/golden/ttir_ops/pooling/test_pooling.py::test_hoisted_max_pool2d[ttnn-kernel8-stride8-dilation8-padding8-True-f32-1x7x7x256] - builder.base.builder_runtime.TTBuilderRuntimeException: ttnn_from_device_golden() takes 1 positional argument but 2 were given
FAILED test/python/golden/ttir_ops/pooling/test_pooling.py::test_hoisted_max_pool2d[ttnn-kernel8-stride8-dilation8-padding8-True-f32-1x32x32x64] - builder.base.builder_runtime.TTBuilderRuntimeException: ttnn_from_device_golden() takes 1 positional argument but 2 were given
FAILED test/python/golden/ttir_ops/pooling/test_pooling.py::test_hoisted_max_pool2d[ttnn-kernel8-stride8-dilation8-padding8-True-f32-1x28x28x3] - builder.base.builder_runtime.TTBuilderRuntimeException: ttnn_from_device_golden() takes 1 positional argument but 2 were given
FAILED test/python/golden/ttir_ops/pooling/test_pooling.py::test_hoisted_max_pool2d[ttnn-kernel8-stride8-dilation8-padding8-True-f32-1x16x16x128] - builder.base.builder_runtime.TTBuilderRuntimeException: ttnn_from_device_golden() takes 1 positional argument but 2 were given
FAILED test/python/golden/ttir_ops/pooling/test_pooling.py::test_hoisted_max_pool2d[ttnn-kernel7-stride7-dilation7-padding7-True-i32-4x14x14x64] - builder.base.builder_runtime.TTBuilderRuntimeException: ttnn_from_device_golden() takes 1 positional argument but 2 were given
FAILED test/python/golden/ttir_ops/pooling/test_pooling.py::test_hoisted_max_pool2d[ttnn-kernel7-stride7-dilation7-padding7-True-i32-2x8x8x32] - builder.base.builder_runtime.TTBuilderRuntimeException: ttnn_from_device_golden() takes 1 positional argument but 2 were given
FAILED test/python/golden/ttir_ops/pooling/test_pooling.py::test_hoisted_max_pool2d[ttnn-kernel7-stride7-dilation7-padding7-True-i32-1x7x7x256] - builder.base.builder_runtime.TTBuilderRuntimeException: ttnn_from_device_golden() takes 1 positional argument but 2 were given
FAILED test/python/golden/ttir_ops/pooling/test_pooling.py::test_hoisted_max_pool2d[ttnn-kernel7-stride7-dilation7-padding7-True-i32-1x32x32x64] - builder.base.builder_runtime.TTBuilderRuntimeException: ttnn_from_device_golden() takes 1 positional argument but 2 were given
FAILED test/python/golden/ttir_ops/pooling/test_pooling.py::test_hoisted_max_pool2d[ttnn-kernel7-stride7-dilation7-padding7-True-i32-1x28x28x3] - builder.base.builder_runtime.TTBuilderRuntimeException: ttnn_from_device_golden() takes 1 positional argument but 2 were given
FAILED test/python/golden/ttir_ops/pooling/test_pooling.py::test_hoisted_max_pool2d[ttnn-kernel7-stride7-dilation7-padding7-True-i32-1x16x16x128] - builder.base.builder_runtime.TTBuilderRuntimeException: ttnn_from_device_golden() takes 1 positional argument but 2 were given
FAILED test/python/golden/ttir_ops/pooling/test_pooling.py::test_hoisted_max_pool2d[ttnn-kernel7-stride7-dilation7-padding7-True-f32-4x14x14x64] - builder.base.builder_runtime.TTBuilderRuntimeException: ttnn_from_device_golden() takes 1 positional argument but 2 were given
FAILED test/python/golden/ttir_ops/pooling/test_pooling.py::test_hoisted_max_pool2d[ttnn-kernel7-stride7-dilation7-padding7-True-f32-2x8x8x32] - builder.base.builder_runtime.TTBuilderRuntimeException: ttnn_from_device_golden() takes 1 positional argument but 2 were given
FAILED test/python/golden/ttir_ops/pooling/test_pooling.py::test_hoisted_max_pool2d[ttnn-kernel7-stride7-dilation7-padding7-True-f32-1x7x7x256] - builder.base.builder_runtime.TTBuilderRuntimeException: ttnn_from_device_golden() takes 1 positional argument but 2 were given
FAILED test/python/golden/ttir_ops/pooling/test_pooling.py::test_hoisted_max_pool2d[ttnn-kernel7-stride7-dilation7-padding7-True-f32-1x32x32x64] - builder.base.builder_runtime.TTBuilderRuntimeException: ttnn_from_device_golden() takes 1 positional argument but 2 were given
FAILED test/python/golden/ttir_ops/pooling/test_pooling.py::test_hoisted_max_pool2d[ttnn-kernel7-stride7-dilation7-padding7-True-f32-1x28x28x3] - builder.base.builder_runtime.TTBuilderRuntimeException: ttnn_from_device_golden() takes 1 positional argument but 2 were given
FAILED test/python/golden/ttir_ops/pooling/test_pooling.py::test_hoisted_max_pool2d[ttnn-kernel7-stride7-dilation7-padding7-True-f32-1x16x16x128] - builder.base.builder_runtime.TTBuilderRuntimeException: ttnn_from_device_golden() takes 1 positional argument but 2 were given
FAILED test/python/golden/ttir_ops/pooling/test_pooling.py::test_hoisted_max_pool2d[ttnn-kernel6-stride6-dilation6-padding6-False-i32-4x14x14x64] - builder.base.builder_runtime.TTBuilderRuntimeException: ttnn_from_device_golden() takes 1 positional argument but 2 were given
FAILED test/python/golden/ttir_ops/pooling/test_pooling.py::test_hoisted_max_pool2d[ttnn-kernel6-stride6-dilation6-padding6-False-i32-2x8x8x32] - builder.base.builder_runtime.TTBuilderRuntimeException: ttnn_from_device_golden() takes 1 positional argument but 2 were given
FAILED test/python/golden/ttir_ops/pooling/test_pooling.py::test_hoisted_max_pool2d[ttnn-kernel6-stride6-dilation6-padding6-False-i32-1x7x7x256] - builder.base.builder_runtime.TTBuilderRuntimeException: ttnn_from_device_golden() takes 1 positional argument but 2 were given
FAILED test/python/golden/ttir_ops/pooling/test_pooling.py::test_hoisted_max_pool2d[ttnn-kernel6-stride6-dilation6-padding6-False-i32-1x32x32x64] - builder.base.builder_runtime.TTBuilderRuntimeException: ttnn_from_device_golden() takes 1 positional argument but 2 were given
FAILED test/python/golden/ttir_ops/pooling/test_pooling.py::test_hoisted_max_pool2d[ttnn-kernel6-stride6-dilation6-padding6-False-i32-1x28x28x3] - builder.base.builder_runtime.TTBuilderRuntimeException: ttnn_from_device_golden() takes 1 positional argument but 2 were given
FAILED test/python/golden/ttir_ops/pooling/test_pooling.py::test_hoisted_max_pool2d[ttnn-kernel6-stride6-dilation6-padding6-False-i32-1x16x16x128] - builder.base.builder_runtime.TTBuilderRuntimeException: ttnn_from_device_golden() takes 1 positional argument but 2 were given
FAILED test/python/golden/ttir_ops/pooling/test_pooling.py::test_hoisted_max_pool2d[ttnn-kernel6-stride6-dilation6-padding6-False-f32-4x14x14x64] - builder.base.builder_runtime.TTBuilderRuntimeException: ttnn_from_device_golden() takes 1 positional argument but 2 were given
FAILED test/python/golden/ttir_ops/pooling/test_pooling.py::test_hoisted_max_pool2d[ttnn-kernel6-stride6-dilation6-padding6-False-f32-2x8x8x32] - builder.base.builder_runtime.TTBuilderRuntimeException: ttnn_from_device_golden() takes 1 positional argument but 2 were given
FAILED test/python/golden/ttir_ops/pooling/test_pooling.py::test_hoisted_max_pool2d[ttnn-kernel6-stride6-dilation6-padding6-False-f32-1x7x7x256] - builder.base.builder_runtime.TTBuilderRuntimeException: ttnn_from_device_golden() takes 1 positional argument but 2 were given
FAILED test/python/golden/ttir_ops/pooling/test_pooling.py::test_hoisted_max_pool2d[ttnn-kernel6-stride6-dilation6-padding6-False-f32-1x32x32x64] - builder.base.builder_runtime.TTBuilderRuntimeException: ttnn_from_device_golden() takes 1 positional argument but 2 were given
FAILED test/python/golden/ttir_ops/pooling/test_pooling.py::test_hoisted_max_pool2d[ttnn-kernel6-stride6-dilation6-padding6-False-f32-1x28x28x3] - builder.base.builder_runtime.TTBuilderRuntimeException: ttnn_from_device_golden() takes 1 positional argument but 2 were given
FAILED test/python/golden/ttir_ops/pooling/test_pooling.py::test_hoisted_max_pool2d[ttnn-kernel6-stride6-dilation6-padding6-False-f32-1x16x16x128] - builder.base.builder_runtime.TTBuilderRuntimeException: ttnn_from_device_golden() takes 1 positional argument but 2 were given
FAILED test/python/golden/ttir_ops/pooling/test_pooling.py::test_hoisted_max_pool2d[ttnn-kernel5-stride5-dilation5-padding5-False-i32-4x14x14x64] - builder.base.builder_runtime.TTBuilderRuntimeException: ttnn_from_device_golden() takes 1 positional argument but 2 were given
FAILED test/python/golden/ttir_ops/pooling/test_pooling.py::test_hoisted_max_pool2d[ttnn-kernel5-stride5-dilation5-padding5-False-i32-2x8x8x32] - builder.base.builder_runtime.TTBuilderRuntimeException: ttnn_from_device_golden() takes 1 positional argument but 2 were given
FAILED test/python/golden/ttir_ops/pooling/test_pooling.py::test_hoisted_max_pool2d[ttnn-kernel5-stride5-dilation5-padding5-False-i32-1x7x7x256] - builder.base.builder_runtime.TTBuilderRuntimeException: ttnn_from_device_golden() takes 1 positional argument but 2 were given
FAILED test/python/golden/ttir_ops/pooling/test_pooling.py::test_hoisted_max_pool2d[ttnn-kernel5-stride5-dilation5-padding5-False-i32-1x32x32x64] - builder.base.builder_runtime.TTBuilderRuntimeException: ttnn_from_device_golden() takes 1 positional argument but 2 were given
FAILED test/python/golden/ttir_ops/pooling/test_pooling.py::test_hoisted_max_pool2d[ttnn-kernel5-stride5-dilation5-padding5-False-i32-1x28x28x3] - builder.base.builder_runtime.TTBuilderRuntimeException: ttnn_from_device_golden() takes 1 positional argument but 2 were given
FAILED test/python/golden/ttir_ops/pooling/test_pooling.py::test_hoisted_max_pool2d[ttnn-kernel5-stride5-dilation5-padding5-False-i32-1x16x16x128] - builder.base.builder_runtime.TTBuilderRuntimeException: ttnn_from_device_golden() takes 1 positional argument but 2 were given
FAILED test/python/golden/ttir_ops/pooling/test_pooling.py::test_hoisted_max_pool2d[ttnn-kernel5-stride5-dilation5-padding5-False-f32-4x14x14x64] - builder.base.builder_runtime.TTBuilderRuntimeException: ttnn_from_device_golden() takes 1 positional argument but 2 were given
FAILED test/python/golden/ttir_ops/pooling/test_pooling.py::test_hoisted_max_pool2d[ttnn-kernel5-stride5-dilation5-padding5-False-f32-2x8x8x32] - builder.base.builder_runtime.TTBuilderRuntimeException: ttnn_from_device_golden() takes 1 positional argument but 2 were given
FAILED test/python/golden/ttir_ops/pooling/test_pooling.py::test_hoisted_max_pool2d[ttnn-kernel5-stride5-dilation5-padding5-False-f32-1x7x7x256] - builder.base.builder_runtime.TTBuilderRuntimeException: ttnn_from_device_golden() takes 1 positional argument but 2 were given
FAILED test/python/golden/ttir_ops/pooling/test_pooling.py::test_hoisted_max_pool2d[ttnn-kernel5-stride5-dilation5-padding5-False-f32-1x32x32x64] - builder.base.builder_runtime.TTBuilderRuntimeException: ttnn_from_device_golden() takes 1 positional argument but 2 were given
FAILED test/python/golden/ttir_ops/pooling/test_pooling.py::test_hoisted_max_pool2d[ttnn-kernel5-stride5-dilation5-padding5-False-f32-1x28x28x3] - builder.base.builder_runtime.TTBuilderRuntimeException: ttnn_from_device_golden() takes 1 positional argument but 2 were given
FAILED test/python/golden/ttir_ops/pooling/test_pooling.py::test_hoisted_max_pool2d[ttnn-kernel5-stride5-dilation5-padding5-False-f32-1x16x16x128] - builder.base.builder_runtime.TTBuilderRuntimeException: ttnn_from_device_golden() takes 1 positional argument but 2 were given
FAILED test/python/golden/ttir_ops/pooling/test_pooling.py::test_hoisted_max_pool2d[ttnn-kernel4-stride4-dilation4-padding4-False-i32-4x14x14x64] - builder.base.builder_runtime.TTBuilderRuntimeException: ttnn_from_device_golden() takes 1 positional argument but 2 were given
FAILED test/python/golden/ttir_ops/pooling/test_pooling.py::test_hoisted_max_pool2d[ttnn-kernel4-stride4-dilation4-padding4-False-i32-2x8x8x32] - builder.base.builder_runtime.TTBuilderRuntimeException: ttnn_from_device_golden() takes 1 positional argument but 2 were given
FAILED test/python/golden/ttir_ops/pooling/test_pooling.py::test_hoisted_max_pool2d[ttnn-kernel4-stride4-dilation4-padding4-False-i32-1x7x7x256] - builder.base.builder_runtime.TTBuilderRuntimeException: ttnn_from_device_golden() takes 1 positional argument but 2 were given
FAILED test/python/golden/ttir_ops/pooling/test_pooling.py::test_hoisted_max_pool2d[ttnn-kernel4-stride4-dilation4-padding4-False-i32-1x32x32x64] - builder.base.builder_runtime.TTBuilderRuntimeException: ttnn_from_device_golden() takes 1 positional argument but 2 were given
FAILED test/python/golden/ttir_ops/pooling/test_pooling.py::test_hoisted_max_pool2d[ttnn-kernel4-stride4-dilation4-padding4-False-i32-1x28x28x3] - builder.base.builder_runtime.TTBuilderRuntimeException: ttnn_from_device_golden() takes 1 positional argument but 2 were given
FAILED test/python/golden/ttir_ops/pooling/test_pooling.py::test_hoisted_max_pool2d[ttnn-kernel4-stride4-dilation4-padding4-False-i32-1x16x16x128] - builder.base.builder_runtime.TTBuilderRuntimeException: ttnn_from_device_golden() takes 1 positional argument but 2 were given
FAILED test/python/golden/ttir_ops/pooling/test_pooling.py::test_hoisted_max_pool2d[ttnn-kernel4-stride4-dilation4-padding4-False-f32-4x14x14x64] - builder.base.builder_runtime.TTBuilderRuntimeException: ttnn_from_device_golden() takes 1 positional argument but 2 were given
FAILED test/python/golden/ttir_ops/pooling/test_pooling.py::test_hoisted_max_pool2d[ttnn-kernel4-stride4-dilation4-padding4-False-f32-2x8x8x32] - builder.base.builder_runtime.TTBuilderRuntimeException: ttnn_from_device_golden() takes 1 positional argument but 2 were given
FAILED test/python/golden/ttir_ops/pooling/test_pooling.py::test_hoisted_max_pool2d[ttnn-kernel4-stride4-dilation4-padding4-False-f32-1x7x7x256] - builder.base.builder_runtime.TTBuilderRuntimeException: ttnn_from_device_golden() takes 1 positional argument but 2 were given
FAILED test/python/golden/ttir_ops/pooling/test_pooling.py::test_hoisted_max_pool2d[ttnn-kernel4-stride4-dilation4-padding4-False-f32-1x32x32x64] - builder.base.builder_runtime.TTBuilderRuntimeException: ttnn_from_device_golden() takes 1 positional argument but 2 were given
FAILED test/python/golden/ttir_ops/pooling/test_pooling.py::test_hoisted_max_pool2d[ttnn-kernel4-stride4-dilation4-padding4-False-f32-1x28x28x3] - builder.base.builder_runtime.TTBuilderRuntimeException: ttnn_from_device_golden() takes 1 positional argument but 2 were given
FAILED test/python/golden/ttir_ops/pooling/test_pooling.py::test_hoisted_max_pool2d[ttnn-kernel4-stride4-dilation4-padding4-False-f32-1x16x16x128] - builder.base.builder_runtime.TTBuilderRuntimeException: ttnn_from_device_golden() takes 1 positional argument but 2 were given
FAILED test/python/golden/ttir_ops/pooling/test_pooling.py::test_hoisted_max_pool2d[ttnn-kernel3-stride3-dilation3-padding3-False-i32-4x14x14x64] - builder.base.builder_runtime.TTBuilderRuntimeException: ttnn_from_device_golden() takes 1 positional argument but 2 were given
FAILED test/python/golden/ttir_ops/pooling/test_pooling.py::test_hoisted_max_pool2d[ttnn-kernel3-stride3-dilation3-padding3-False-i32-2x8x8x32] - builder.base.builder_runtime.TTBuilderRuntimeException: ttnn_from_device_golden() takes 1 positional argument but 2 were given
FAILED test/python/golden/ttir_ops/pooling/test_pooling.py::test_hoisted_max_pool2d[ttnn-kernel3-stride3-dilation3-padding3-False-i32-1x7x7x256] - builder.base.builder_runtime.TTBuilderRuntimeException: ttnn_from_device_golden() takes 1 positional argument but 2 were given
FAILED test/python/golden/ttir_ops/pooling/test_pooling.py::test_hoisted_max_pool2d[ttnn-kernel3-stride3-dilation3-padding3-False-i32-1x32x32x64] - builder.base.builder_runtime.TTBuilderRuntimeException: ttnn_from_device_golden() takes 1 positional argument but 2 were given
FAILED test/python/golden/ttir_ops/pooling/test_pooling.py::test_hoisted_max_pool2d[ttnn-kernel3-stride3-dilation3-padding3-False-i32-1x28x28x3] - builder.base.builder_runtime.TTBuilderRuntimeException: ttnn_from_device_golden() takes 1 positional argument but 2 were given
FAILED test/python/golden/ttir_ops/pooling/test_pooling.py::test_hoisted_max_pool2d[ttnn-kernel3-stride3-dilation3-padding3-False-i32-1x16x16x128] - builder.base.builder_runtime.TTBuilderRuntimeException: ttnn_from_device_golden() takes 1 positional argument but 2 were given
FAILED test/python/golden/ttir_ops/pooling/test_pooling.py::test_hoisted_max_pool2d[ttnn-kernel3-stride3-dilation3-padding3-False-f32-4x14x14x64] - builder.base.builder_runtime.TTBuilderRuntimeException: ttnn_from_device_golden() takes 1 positional argument but 2 were given
FAILED test/python/golden/ttir_ops/pooling/test_pooling.py::test_hoisted_max_pool2d[ttnn-kernel3-stride3-dilation3-padding3-False-f32-2x8x8x32] - builder.base.builder_runtime.TTBuilderRuntimeException: ttnn_from_device_golden() takes 1 positional argument but 2 were given
FAILED test/python/golden/ttir_ops/pooling/test_pooling.py::test_hoisted_max_pool2d[ttnn-kernel3-stride3-dilation3-padding3-False-f32-1x7x7x256] - builder.base.builder_runtime.TTBuilderRuntimeException: ttnn_from_device_golden() takes 1 positional argument but 2 were given
FAILED test/python/golden/ttir_ops/pooling/test_pooling.py::test_hoisted_max_pool2d[ttnn-kernel3-stride3-dilation3-padding3-False-f32-1x32x32x64] - builder.base.builder_runtime.TTBuilderRuntimeException: ttnn_from_device_golden() takes 1 positional argument but 2 were given
FAILED test/python/golden/ttir_ops/pooling/test_pooling.py::test_hoisted_max_pool2d[ttnn-kernel3-stride3-dilation3-padding3-False-f32-1x28x28x3] - builder.base.builder_runtime.TTBuilderRuntimeException: ttnn_from_device_golden() takes 1 positional argument but 2 were given
FAILED test/python/golden/ttir_ops/pooling/test_pooling.py::test_hoisted_max_pool2d[ttnn-kernel3-stride3-dilation3-padding3-False-f32-1x16x16x128] - builder.base.builder_runtime.TTBuilderRuntimeException: ttnn_from_device_golden() takes 1 positional argument but 2 were given
FAILED test/python/golden/ttir_ops/pooling/test_pooling.py::test_hoisted_max_pool2d[ttnn-kernel2-stride2-dilation2-padding2-False-i32-4x14x14x64] - builder.base.builder_runtime.TTBuilderRuntimeException: ttnn_from_device_golden() takes 1 positional argument but 2 were given
FAILED test/python/golden/ttir_ops/pooling/test_pooling.py::test_hoisted_max_pool2d[ttnn-kernel2-stride2-dilation2-padding2-False-i32-2x8x8x32] - builder.base.builder_runtime.TTBuilderRuntimeException: ttnn_from_device_golden() takes 1 positional argument but 2 were given
FAILED test/python/golden/ttir_ops/pooling/test_pooling.py::test_hoisted_max_pool2d[ttnn-kernel2-stride2-dilation2-padding2-False-i32-1x7x7x256] - builder.base.builder_runtime.TTBuilderRuntimeException: ttnn_from_device_golden() takes 1 positional argument but 2 were given
FAILED test/python/golden/ttir_ops/pooling/test_pooling.py::test_hoisted_max_pool2d[ttnn-kernel2-stride2-dilation2-padding2-False-i32-1x32x32x64] - builder.base.builder_runtime.TTBuilderRuntimeException: ttnn_from_device_golden() takes 1 positional argument but 2 were given
FAILED test/python/golden/ttir_ops/pooling/test_pooling.py::test_hoisted_max_pool2d[ttnn-kernel2-stride2-dilation2-padding2-False-i32-1x28x28x3] - builder.base.builder_runtime.TTBuilderRuntimeException: ttnn_from_device_golden() takes 1 positional argument but 2 were given
FAILED test/python/golden/ttir_ops/pooling/test_pooling.py::test_hoisted_max_pool2d[ttnn-kernel2-stride2-dilation2-padding2-False-i32-1x16x16x128] - builder.base.builder_runtime.TTBuilderRuntimeException: ttnn_from_device_golden() takes 1 positional argument but 2 were given
FAILED test/python/golden/ttir_ops/pooling/test_pooling.py::test_hoisted_max_pool2d[ttnn-kernel2-stride2-dilation2-padding2-False-f32-4x14x14x64] - builder.base.builder_runtime.TTBuilderRuntimeException: ttnn_from_device_golden() takes 1 positional argument but 2 were given
FAILED test/python/golden/ttir_ops/pooling/test_pooling.py::test_hoisted_max_pool2d[ttnn-kernel2-stride2-dilation2-padding2-False-f32-2x8x8x32] - builder.base.builder_runtime.TTBuilderRuntimeException: ttnn_from_device_golden() takes 1 positional argument but 2 were given
FAILED test/python/golden/ttir_ops/pooling/test_pooling.py::test_hoisted_max_pool2d[ttnn-kernel2-stride2-dilation2-padding2-False-f32-1x7x7x256] - builder.base.builder_runtime.TTBuilderRuntimeException: ttnn_from_device_golden() takes 1 positional argument but 2 were given
FAILED test/python/golden/ttir_ops/pooling/test_pooling.py::test_hoisted_max_pool2d[ttnn-kernel2-stride2-dilation2-padding2-False-f32-1x32x32x64] - builder.base.builder_runtime.TTBuilderRuntimeException: ttnn_from_device_golden() takes 1 positional argument but 2 were given
FAILED test/python/golden/ttir_ops/pooling/test_pooling.py::test_hoisted_max_pool2d[ttnn-kernel2-stride2-dilation2-padding2-False-f32-1x28x28x3] - builder.base.builder_runtime.TTBuilderRuntimeException: ttnn_from_device_golden() takes 1 positional argument but 2 were given
FAILED test/python/golden/ttir_ops/pooling/test_pooling.py::test_hoisted_max_pool2d[ttnn-kernel2-stride2-dilation2-padding2-False-f32-1x16x16x128] - builder.base.builder_runtime.TTBuilderRuntimeException: ttnn_from_device_golden() takes 1 positional argument but 2 were given
FAILED test/python/golden/ttir_ops/pooling/test_pooling.py::test_hoisted_max_pool2d[ttnn-kernel1-stride1-dilation1-padding1-False-i32-4x14x14x64] - builder.base.builder_runtime.TTBuilderRuntimeException: ttnn_from_device_golden() takes 1 positional argument but 2 were given
FAILED test/python/golden/ttir_ops/pooling/test_pooling.py::test_hoisted_max_pool2d[ttnn-kernel1-stride1-dilation1-padding1-False-i32-2x8x8x32] - builder.base.builder_runtime.TTBuilderRuntimeException: ttnn_from_device_golden() takes 1 positional argument but 2 were given
FAILED test/python/golden/ttir_ops/pooling/test_pooling.py::test_hoisted_max_pool2d[ttnn-kernel1-stride1-dilation1-padding1-False-i32-1x7x7x256] - builder.base.builder_runtime.TTBuilderRuntimeException: ttnn_from_device_golden() takes 1 positional argument but 2 were given
FAILED test/python/golden/ttir_ops/pooling/test_pooling.py::test_hoisted_max_pool2d[ttnn-kernel1-stride1-dilation1-padding1-False-i32-1x32x32x64] - builder.base.builder_runtime.TTBuilderRuntimeException: ttnn_from_device_golden() takes 1 positional argument but 2 were given
FAILED test/python/golden/ttir_ops/pooling/test_pooling.py::test_hoisted_max_pool2d[ttnn-kernel1-stride1-dilation1-padding1-False-i32-1x28x28x3] - builder.base.builder_runtime.TTBuilderRuntimeException: ttnn_from_device_golden() takes 1 positional argument but 2 were given
FAILED test/python/golden/ttir_ops/pooling/test_pooling.py::test_hoisted_max_pool2d[ttnn-kernel1-stride1-dilation1-padding1-False-i32-1x16x16x128] - builder.base.builder_runtime.TTBuilderRuntimeException: ttnn_from_device_golden() takes 1 positional argument but 2 were given
FAILED test/python/golden/ttir_ops/pooling/test_pooling.py::test_hoisted_max_pool2d[ttnn-kernel1-stride1-dilation1-padding1-False-f32-4x14x14x64] - builder.base.builder_runtime.TTBuilderRuntimeException: ttnn_from_device_golden() takes 1 positional argument but 2 were given
FAILED test/python/golden/ttir_ops/pooling/test_pooling.py::test_hoisted_max_pool2d[ttnn-kernel1-stride1-dilation1-padding1-False-f32-2x8x8x32] - builder.base.builder_runtime.TTBuilderRuntimeException: ttnn_from_device_golden() takes 1 positional argument but 2 were given
FAILED test/python/golden/ttir_ops/pooling/test_pooling.py::test_hoisted_max_pool2d[ttnn-kernel1-stride1-dilation1-padding1-False-f32-1x7x7x256] - builder.base.builder_runtime.TTBuilderRuntimeException: ttnn_from_device_golden() takes 1 positional argument but 2 were given
FAILED test/python/golden/ttir_ops/pooling/test_pooling.py::test_hoisted_max_pool2d[ttnn-kernel1-stride1-dilation1-padding1-False-f32-1x32x32x64] - builder.base.builder_runtime.TTBuilderRuntimeException: ttnn_from_device_golden() takes 1 positional argument but 2 were given
FAILED test/python/golden/ttir_ops/pooling/test_pooling.py::test_hoisted_max_pool2d[ttnn-kernel1-stride1-dilation1-padding1-False-f32-1x28x28x3] - builder.base.builder_runtime.TTBuilderRuntimeException: ttnn_from_device_golden() takes 1 positional argument but 2 were given
FAILED test/python/golden/ttir_ops/pooling/test_pooling.py::test_hoisted_max_pool2d[ttnn-kernel1-stride1-dilation1-padding1-False-f32-1x16x16x128] - builder.base.builder_runtime.TTBuilderRuntimeException: ttnn_from_device_golden() takes 1 positional argument but 2 were given
FAILED test/python/golden/ttir_ops/pooling/test_pooling.py::test_hoisted_max_pool2d[ttnn-kernel0-stride0-dilation0-padding0-False-i32-4x14x14x64] - builder.base.builder_runtime.TTBuilderRuntimeException: ttnn_from_device_golden() takes 1 positional argument but 2 were given
FAILED test/python/golden/ttir_ops/pooling/test_pooling.py::test_hoisted_max_pool2d[ttnn-kernel0-stride0-dilation0-padding0-False-i32-2x8x8x32] - builder.base.builder_runtime.TTBuilderRuntimeException: ttnn_from_device_golden() takes 1 positional argument but 2 were given
FAILED test/python/golden/ttir_ops/pooling/test_pooling.py::test_hoisted_max_pool2d[ttnn-kernel0-stride0-dilation0-padding0-False-i32-1x7x7x256] - builder.base.builder_runtime.TTBuilderRuntimeException: ttnn_from_device_golden() takes 1 positional argument but 2 were given
FAILED test/python/golden/ttir_ops/pooling/test_pooling.py::test_hoisted_max_pool2d[ttnn-kernel0-stride0-dilation0-padding0-False-i32-1x32x32x64] - builder.base.builder_runtime.TTBuilderRuntimeException: ttnn_from_device_golden() takes 1 positional argument but 2 were given
FAILED test/python/golden/ttir_ops/pooling/test_pooling.py::test_hoisted_max_pool2d[ttnn-kernel0-stride0-dilation0-padding0-False-i32-1x28x28x3] - builder.base.builder_runtime.TTBuilderRuntimeException: ttnn_from_device_golden() takes 1 positional argument but 2 were given
FAILED test/python/golden/ttir_ops/pooling/test_pooling.py::test_hoisted_max_pool2d[ttnn-kernel0-stride0-dilation0-padding0-False-i32-1x16x16x128] - builder.base.builder_runtime.TTBuilderRuntimeException: ttnn_from_device_golden() takes 1 positional argument but 2 were given
FAILED test/python/golden/ttir_ops/pooling/test_pooling.py::test_hoisted_max_pool2d[ttnn-kernel0-stride0-dilation0-padding0-False-f32-4x14x14x64] - builder.base.builder_runtime.TTBuilderRuntimeException: ttnn_from_device_golden() takes 1 positional argument but 2 were given
FAILED test/python/golden/ttir_ops/pooling/test_pooling.py::test_hoisted_max_pool2d[ttnn-kernel0-stride0-dilation0-padding0-False-f32-2x8x8x32] - builder.base.builder_runtime.TTBuilderRuntimeException: ttnn_from_device_golden() takes 1 positional argument but 2 were given
FAILED test/python/golden/ttir_ops/pooling/test_pooling.py::test_hoisted_max_pool2d[ttnn-kernel0-stride0-dilation0-padding0-False-f32-1x7x7x256] - builder.base.builder_runtime.TTBuilderRuntimeException: ttnn_from_device_golden() takes 1 positional argument but 2 were given
FAILED test/python/golden/ttir_ops/pooling/test_pooling.py::test_hoisted_max_pool2d[ttnn-kernel0-stride0-dilation0-padding0-False-f32-1x32x32x64] - builder.base.builder_runtime.TTBuilderRuntimeException: ttnn_from_device_golden() takes 1 positional argument but 2 were given
FAILED test/python/golden/ttir_ops/pooling/test_pooling.py::test_hoisted_max_pool2d[ttnn-kernel0-stride0-dilation0-padding0-False-f32-1x28x28x3] - builder.base.builder_runtime.TTBuilderRuntimeException: ttnn_from_device_golden() takes 1 positional argument but 2 were given
FAILED test/python/golden/ttir_ops/pooling/test_pooling.py::test_hoisted_max_pool2d[ttnn-kernel0-stride0-dilation0-padding0-False-f32-1x16x16x128] - builder.base.builder_runtime.TTBuilderRuntimeException: ttnn_from_device_golden() takes 1 positional argument but 2 were given
FAILED test/python/golden/ttir_ops/pooling/test_pooling.py::test_hoisted_global_avg_pool2d[ttnn-f32-4x14x14x64] - builder.base.builder_runtime.TTBuilderRuntimeException: ttnn_from_device_golden() takes 1 positional argument but 2 were given
FAILED test/python/golden/ttir_ops/pooling/test_pooling.py::test_hoisted_global_avg_pool2d[ttnn-f32-2x8x8x32] - builder.base.builder_runtime.TTBuilderRuntimeException: ttnn_from_device_golden() takes 1 positional argument but 2 were given
FAILED test/python/golden/ttir_ops/pooling/test_pooling.py::test_hoisted_global_avg_pool2d[ttnn-f32-1x7x7x256] - builder.base.builder_runtime.TTBuilderRuntimeException: ttnn_from_device_golden() takes 1 positional argument but 2 were given
FAILED test/python/golden/ttir_ops/pooling/test_pooling.py::test_hoisted_global_avg_pool2d[ttnn-f32-1x32x32x64] - builder.base.builder_runtime.TTBuilderRuntimeException: ttnn_from_device_golden() takes 1 positional argument but 2 were given
FAILED test/python/golden/ttir_ops/pooling/test_pooling.py::test_hoisted_global_avg_pool2d[ttnn-f32-1x28x28x3] - builder.base.builder_runtime.TTBuilderRuntimeException: ttnn_from_device_golden() takes 1 positional argument but 2 were given
FAILED test/python/golden/ttir_ops/pooling/test_pooling.py::test_hoisted_global_avg_pool2d[ttnn-f32-1x16x16x128] - builder.base.builder_runtime.TTBuilderRuntimeException: ttnn_from_device_golden() takes 1 positional argument but 2 were given
FAILED test/python/golden/ttir_ops/pooling/test_pooling.py::test_hoisted_avg_pool2d[ttnn-kernel7-stride7-dilation7-padding7-False-True-f32-4x14x14x64] - builder.base.builder_runtime.TTBuilderRuntimeException: ttnn_from_device_golden() takes 1 positional argument but 2 were given
FAILED test/python/golden/ttir_ops/pooling/test_pooling.py::test_hoisted_avg_pool2d[ttnn-kernel7-stride7-dilation7-padding7-False-True-f32-2x8x8x32] - builder.base.builder_runtime.TTBuilderRuntimeException: ttnn_from_device_golden() takes 1 positional argument but 2 were given
FAILED test/python/golden/ttir_ops/pooling/test_pooling.py::test_hoisted_avg_pool2d[ttnn-kernel7-stride7-dilation7-padding7-False-True-f32-1x7x7x256] - builder.base.builder_runtime.TTBuilderRuntimeException: ttnn_from_device_golden() takes 1 positional argument but 2 were given
FAILED test/python/golden/ttir_ops/pooling/test_pooling.py::test_hoisted_avg_pool2d[ttnn-kernel7-stride7-dilation7-padding7-False-True-f32-1x32x32x64] - builder.base.builder_runtime.TTBuilderRuntimeException: ttnn_from_device_golden() takes 1 positional argument but 2 were given
FAILED test/python/golden/ttir_ops/pooling/test_pooling.py::test_hoisted_avg_pool2d[ttnn-kernel7-stride7-dilation7-padding7-False-True-f32-1x28x28x3] - builder.base.builder_runtime.TTBuilderRuntimeException: ttnn_from_device_golden() takes 1 positional argument but 2 were given
FAILED test/python/golden/ttir_ops/pooling/test_pooling.py::test_hoisted_avg_pool2d[ttnn-kernel7-stride7-dilation7-padding7-False-True-f32-1x16x16x128] - builder.base.builder_runtime.TTBuilderRuntimeException: ttnn_from_device_golden() takes 1 positional argument but 2 were given
FAILED test/python/golden/ttir_ops/pooling/test_pooling.py::test_hoisted_avg_pool2d[ttnn-kernel6-stride6-dilation6-padding6-False-False-f32-4x14x14x64] - builder.base.builder_runtime.TTBuilderRuntimeException: ttnn_from_device_golden() takes 1 positional argument but 2 were given
FAILED test/python/golden/ttir_ops/pooling/test_pooling.py::test_hoisted_avg_pool2d[ttnn-kernel6-stride6-dilation6-padding6-False-False-f32-2x8x8x32] - builder.base.builder_runtime.TTBuilderRuntimeException: ttnn_from_device_golden() takes 1 positional argument but 2 were given
FAILED test/python/golden/ttir_ops/pooling/test_pooling.py::test_hoisted_avg_pool2d[ttnn-kernel6-stride6-dilation6-padding6-False-False-f32-1x7x7x256] - builder.base.builder_runtime.TTBuilderRuntimeException: ttnn_from_device_golden() takes 1 positional argument but 2 were given
FAILED test/python/golden/ttir_ops/pooling/test_pooling.py::test_hoisted_avg_pool2d[ttnn-kernel6-stride6-dilation6-padding6-False-False-f32-1x32x32x64] - builder.base.builder_runtime.TTBuilderRuntimeException: ttnn_from_device_golden() takes 1 positional argument but 2 were given
FAILED test/python/golden/ttir_ops/pooling/test_pooling.py::test_hoisted_avg_pool2d[ttnn-kernel6-stride6-dilation6-padding6-False-False-f32-1x28x28x3] - builder.base.builder_runtime.TTBuilderRuntimeException: ttnn_from_device_golden() takes 1 positional argument but 2 were given
FAILED test/python/golden/ttir_ops/pooling/test_pooling.py::test_hoisted_avg_pool2d[ttnn-kernel6-stride6-dilation6-padding6-False-False-f32-1x16x16x128] - builder.base.builder_runtime.TTBuilderRuntimeException: ttnn_from_device_golden() takes 1 positional argument but 2 were given
FAILED test/python/golden/ttir_ops/pooling/test_pooling.py::test_hoisted_avg_pool2d[ttnn-kernel5-stride5-dilation5-padding5-True-False-f32-4x14x14x64] - builder.base.builder_runtime.TTBuilderRuntimeException: ttnn_from_device_golden() takes 1 positional argument but 2 were given
FAILED test/python/golden/ttir_ops/pooling/test_pooling.py::test_hoisted_avg_pool2d[ttnn-kernel5-stride5-dilation5-padding5-True-False-f32-2x8x8x32] - builder.base.builder_runtime.TTBuilderRuntimeException: ttnn_from_device_golden() takes 1 positional argument but 2 were given
FAILED test/python/golden/ttir_ops/pooling/test_pooling.py::test_hoisted_avg_pool2d[ttnn-kernel5-stride5-dilation5-padding5-True-False-f32-1x7x7x256] - builder.base.builder_runtime.TTBuilderRuntimeException: ttnn_from_device_golden() takes 1 positional argument but 2 were given
FAILED test/python/golden/ttir_ops/pooling/test_pooling.py::test_hoisted_avg_pool2d[ttnn-kernel5-stride5-dilation5-padding5-True-False-f32-1x32x32x64] - builder.base.builder_runtime.TTBuilderRuntimeException: ttnn_from_device_golden() takes 1 positional argument but 2 were given
FAILED test/python/golden/ttir_ops/pooling/test_pooling.py::test_hoisted_avg_pool2d[ttnn-kernel5-stride5-dilation5-padding5-True-False-f32-1x28x28x3] - builder.base.builder_runtime.TTBuilderRuntimeException: ttnn_from_device_golden() takes 1 positional argument but 2 were given
FAILED test/python/golden/ttir_ops/pooling/test_pooling.py::test_hoisted_avg_pool2d[ttnn-kernel5-stride5-dilation5-padding5-True-False-f32-1x16x16x128] - builder.base.builder_runtime.TTBuilderRuntimeException: ttnn_from_device_golden() takes 1 positional argument but 2 were given
FAILED test/python/golden/ttir_ops/pooling/test_pooling.py::test_hoisted_avg_pool2d[ttnn-kernel4-stride4-dilation4-padding4-True-True-f32-4x14x14x64] - builder.base.builder_runtime.TTBuilderRuntimeException: ttnn_from_device_golden() takes 1 positional argument but 2 were given
FAILED test/python/golden/ttir_ops/pooling/test_pooling.py::test_hoisted_avg_pool2d[ttnn-kernel4-stride4-dilation4-padding4-True-True-f32-2x8x8x32] - builder.base.builder_runtime.TTBuilderRuntimeException: ttnn_from_device_golden() takes 1 positional argument but 2 were given
FAILED test/python/golden/ttir_ops/pooling/test_pooling.py::test_hoisted_avg_pool2d[ttnn-kernel4-stride4-dilation4-padding4-True-True-f32-1x7x7x256] - builder.base.builder_runtime.TTBuilderRuntimeException: ttnn_from_device_golden() takes 1 positional argument but 2 were given
FAILED test/python/golden/ttir_ops/pooling/test_pooling.py::test_hoisted_avg_pool2d[ttnn-kernel4-stride4-dilation4-padding4-True-True-f32-1x32x32x64] - builder.base.builder_runtime.TTBuilderRuntimeException: ttnn_from_device_golden() takes 1 positional argument but 2 were given
FAILED test/python/golden/ttir_ops/pooling/test_pooling.py::test_hoisted_avg_pool2d[ttnn-kernel4-stride4-dilation4-padding4-True-True-f32-1x28x28x3] - builder.base.builder_runtime.TTBuilderRuntimeException: ttnn_from_device_golden() takes 1 positional argument but 2 were given
FAILED test/python/golden/ttir_ops/pooling/test_pooling.py::test_hoisted_avg_pool2d[ttnn-kernel4-stride4-dilation4-padding4-True-True-f32-1x16x16x128] - builder.base.builder_runtime.TTBuilderRuntimeException: ttnn_from_device_golden() takes 1 positional argument but 2 were given
FAILED test/python/golden/ttir_ops/pooling/test_pooling.py::test_hoisted_avg_pool2d[ttnn-kernel3-stride3-dilation3-padding3-True-True-f32-4x14x14x64] - builder.base.builder_runtime.TTBuilderRuntimeException: ttnn_from_device_golden() takes 1 positional argument but 2 were given
FAILED test/python/golden/ttir_ops/pooling/test_pooling.py::test_hoisted_avg_pool2d[ttnn-kernel3-stride3-dilation3-padding3-True-True-f32-2x8x8x32] - builder.base.builder_runtime.TTBuilderRuntimeException: ttnn_from_device_golden() takes 1 positional argument but 2 were given
FAILED test/python/golden/ttir_ops/pooling/test_pooling.py::test_hoisted_avg_pool2d[ttnn-kernel3-stride3-dilation3-padding3-True-True-f32-1x7x7x256] - builder.base.builder_runtime.TTBuilderRuntimeException: ttnn_from_device_golden() takes 1 positional argument but 2 were given
FAILED test/python/golden/ttir_ops/pooling/test_pooling.py::test_hoisted_avg_pool2d[ttnn-kernel3-stride3-dilation3-padding3-True-True-f32-1x32x32x64] - builder.base.builder_runtime.TTBuilderRuntimeException: ttnn_from_device_golden() takes 1 positional argument but 2 were given
FAILED test/python/golden/ttir_ops/pooling/test_pooling.py::test_hoisted_avg_pool2d[ttnn-kernel3-stride3-dilation3-padding3-True-True-f32-1x28x28x3] - builder.base.builder_runtime.TTBuilderRuntimeException: ttnn_from_device_golden() takes 1 positional argument but 2 were given
FAILED test/python/golden/ttir_ops/pooling/test_pooling.py::test_hoisted_avg_pool2d[ttnn-kernel3-stride3-dilation3-padding3-True-True-f32-1x16x16x128] - builder.base.builder_runtime.TTBuilderRuntimeException: ttnn_from_device_golden() takes 1 positional argument but 2 were given
FAILED test/python/golden/ttir_ops/pooling/test_pooling.py::test_hoisted_avg_pool2d[ttnn-kernel2-stride2-dilation2-padding2-False-True-f32-4x14x14x64] - builder.base.builder_runtime.TTBuilderRuntimeException: ttnn_from_device_golden() takes 1 positional argument but 2 were given
FAILED test/python/golden/ttir_ops/pooling/test_pooling.py::test_hoisted_avg_pool2d[ttnn-kernel2-stride2-dilation2-padding2-False-True-f32-2x8x8x32] - builder.base.builder_runtime.TTBuilderRuntimeException: ttnn_from_device_golden() takes 1 positional argument but 2 were given
FAILED test/python/golden/ttir_ops/pooling/test_pooling.py::test_hoisted_avg_pool2d[ttnn-kernel2-stride2-dilation2-padding2-False-True-f32-1x7x7x256] - builder.base.builder_runtime.TTBuilderRuntimeException: ttnn_from_device_golden() takes 1 positional argument but 2 were given
FAILED test/python/golden/ttir_ops/pooling/test_pooling.py::test_hoisted_avg_pool2d[ttnn-kernel2-stride2-dilation2-padding2-False-True-f32-1x32x32x64] - builder.base.builder_runtime.TTBuilderRuntimeException: ttnn_from_device_golden() takes 1 positional argument but 2 were given
FAILED test/python/golden/ttir_ops/pooling/test_pooling.py::test_hoisted_avg_pool2d[ttnn-kernel2-stride2-dilation2-padding2-False-True-f32-1x28x28x3] - builder.base.builder_runtime.TTBuilderRuntimeException: ttnn_from_device_golden() takes 1 positional argument but 2 were given
FAILED test/python/golden/ttir_ops/pooling/test_pooling.py::test_hoisted_avg_pool2d[ttnn-kernel2-stride2-dilation2-padding2-False-True-f32-1x16x16x128] - builder.base.builder_runtime.TTBuilderRuntimeException: ttnn_from_device_golden() takes 1 positional argument but 2 were given
FAILED test/python/golden/ttir_ops/pooling/test_pooling.py::test_hoisted_avg_pool2d[ttnn-kernel1-stride1-dilation1-padding1-False-True-f32-4x14x14x64] - builder.base.builder_runtime.TTBuilderRuntimeException: ttnn_from_device_golden() takes 1 positional argument but 2 were given
FAILED test/python/golden/ttir_ops/pooling/test_pooling.py::test_hoisted_avg_pool2d[ttnn-kernel1-stride1-dilation1-padding1-False-True-f32-2x8x8x32] - builder.base.builder_runtime.TTBuilderRuntimeException: ttnn_from_device_golden() takes 1 positional argument but 2 were given
FAILED test/python/golden/ttir_ops/pooling/test_pooling.py::test_hoisted_avg_pool2d[ttnn-kernel1-stride1-dilation1-padding1-False-True-f32-1x7x7x256] - builder.base.builder_runtime.TTBuilderRuntimeException: ttnn_from_device_golden() takes 1 positional argument but 2 were given
FAILED test/python/golden/ttir_ops/pooling/test_pooling.py::test_hoisted_avg_pool2d[ttnn-kernel1-stride1-dilation1-padding1-False-True-f32-1x32x32x64] - builder.base.builder_runtime.TTBuilderRuntimeException: ttnn_from_device_golden() takes 1 positional argument but 2 were given
FAILED test/python/golden/ttir_ops/pooling/test_pooling.py::test_hoisted_avg_pool2d[ttnn-kernel1-stride1-dilation1-padding1-False-True-f32-1x28x28x3] - builder.base.builder_runtime.TTBuilderRuntimeException: ttnn_from_device_golden() takes 1 positional argument but 2 were given
FAILED test/python/golden/ttir_ops/pooling/test_pooling.py::test_hoisted_avg_pool2d[ttnn-kernel1-stride1-dilation1-padding1-False-True-f32-1x16x16x128] - builder.base.builder_runtime.TTBuilderRuntimeException: ttnn_from_device_golden() takes 1 positional argument but 2 were given
FAILED test/python/golden/ttir_ops/pooling/test_pooling.py::test_hoisted_avg_pool2d[ttnn-kernel0-stride0-dilation0-padding0-False-True-f32-4x14x14x64] - builder.base.builder_runtime.TTBuilderRuntimeException: ttnn_from_device_golden() takes 1 positional argument but 2 were given
FAILED test/python/golden/ttir_ops/pooling/test_pooling.py::test_hoisted_avg_pool2d[ttnn-kernel0-stride0-dilation0-padding0-False-True-f32-2x8x8x32] - builder.base.builder_runtime.TTBuilderRuntimeException: ttnn_from_device_golden() takes 1 positional argument but 2 were given
FAILED test/python/golden/ttir_ops/pooling/test_pooling.py::test_hoisted_avg_pool2d[ttnn-kernel0-stride0-dilation0-padding0-False-True-f32-1x7x7x256] - builder.base.builder_runtime.TTBuilderRuntimeException: ttnn_from_device_golden() takes 1 positional argument but 2 were given
FAILED test/python/golden/ttir_ops/pooling/test_pooling.py::test_hoisted_avg_pool2d[ttnn-kernel0-stride0-dilation0-padding0-False-True-f32-1x32x32x64] - builder.base.builder_runtime.TTBuilderRuntimeException: ttnn_from_device_golden() takes 1 positional argument but 2 were given
FAILED test/python/golden/ttir_ops/pooling/test_pooling.py::test_hoisted_avg_pool2d[ttnn-kernel0-stride0-dilation0-padding0-False-True-f32-1x28x28x3] - builder.base.builder_runtime.TTBuilderRuntimeException: ttnn_from_device_golden() takes 1 positional argument but 2 were given
FAILED test/python/golden/ttir_ops/pooling/test_pooling.py::test_hoisted_avg_pool2d[ttnn-kernel0-stride0-dilation0-padding0-False-True-f32-1x16x16x128] - builder.base.builder_runtime.TTBuilderRuntimeException: ttnn_from_device_golden() takes 1 positional argument but 2 were given
FAILED test/python/golden/ttir_ops/pooling/test_pooling.py::test_global_avg_pool2d[ttnn-f32-1x7x7x128] - builder.base.builder_runtime.TTBuilderRuntimeException: No golden function found for TTIR operation: <class 'ttmlir.dialects._ttnn_ops_gen.GlobalAvgPool2dOp'>
FAILED test/python/golden/ttir_ops/pooling/test_pooling.py::test_global_avg_pool2d[ttnn-f32-1x32x32x64] - builder.base.builder_runtime.TTBuilderRuntimeException: No golden function found for TTIR operation: <class 'ttmlir.dialects._ttnn_ops_gen.GlobalAvgPool2dOp'>
FAILED test/python/golden/ttir_ops/pooling/test_pooling.py::test_global_avg_pool2d[ttnn-bf16-1x7x7x128] - builder.base.builder_runtime.TTBuilderRuntimeException: No golden function found for TTIR operation: <class 'ttmlir.dialects._ttnn_ops_gen.GlobalAvgPool2dOp'>
FAILED test/python/golden/ttir_ops/pooling/test_pooling.py::test_global_avg_pool2d[ttnn-bf16-1x32x32x64] - builder.base.builder_runtime.TTBuilderRuntimeException: No golden function found for TTIR operation: <class 'ttmlir.dialects._ttnn_ops_gen.GlobalAvgPool2dOp'>
FAILED test/python/golden/ttir_ops/pooling/test_pooling.py::test_avg_pool2d[ttnn-kernel5-stride5-dilation5-padding5-False-True-f32-1x32x32x64] - builder.base.builder_runtime.TTBuilderRuntimeException: 'ttmlir._mlir_libs._mlir.ir.F32Type' object has no attribute 'element_type'
FAILED test/python/golden/ttir_ops/pooling/test_pooling.py::test_avg_pool2d[ttnn-kernel5-stride5-dilation5-padding5-False-True-bf16-1x32x32x64] - builder.base.builder_runtime.TTBuilderRuntimeException: 'ttmlir._mlir_libs._mlir.ir.BF16Type' object has no attribute 'element_type'
FAILED test/python/golden/ttir_ops/pooling/test_pooling.py::test_avg_pool2d[ttnn-kernel4-stride4-dilation4-padding4-False-False-f32-1x32x32x64] - builder.base.builder_runtime.TTBuilderRuntimeException: No golden function found for TTIR operation: <class 'ttmlir.dialects._ttnn_ops_gen.ReshapeOp'>
FAILED test/python/golden/ttir_ops/pooling/test_pooling.py::test_avg_pool2d[ttnn-kernel4-stride4-dilation4-padding4-False-False-bf16-1x32x32x64] - builder.base.builder_runtime.TTBuilderRuntimeException: No golden function found for TTIR operation: <class 'ttmlir.dialects._ttnn_ops_gen.ReshapeOp'>
FAILED test/python/golden/ttir_ops/pooling/test_pooling.py::test_avg_pool2d[ttnn-kernel3-stride3-dilation3-padding3-True-True-f32-1x32x32x64] - builder.base.builder_runtime.TTBuilderRuntimeException: No golden function found for TTIR operation: <class 'ttmlir.dialects._ttnn_ops_gen.ReshapeOp'>
FAILED test/python/golden/ttir_ops/pooling/test_pooling.py::test_avg_pool2d[ttnn-kernel3-stride3-dilation3-padding3-True-True-bf16-1x32x32x64] - builder.base.builder_runtime.TTBuilderRuntimeException: No golden function found for TTIR operation: <class 'ttmlir.dialects._ttnn_ops_gen.ReshapeOp'>
FAILED test/python/golden/ttir_ops/pooling/test_pooling.py::test_avg_pool2d[ttnn-kernel2-stride2-dilation2-padding2-False-True-f32-1x32x32x64] - builder.base.builder_runtime.TTBuilderRuntimeException: No golden function found for TTIR operation: <class 'ttmlir.dialects._ttnn_ops_gen.ReshapeOp'>
FAILED test/python/golden/ttir_ops/pooling/test_pooling.py::test_avg_pool2d[ttnn-kernel2-stride2-dilation2-padding2-False-True-bf16-1x32x32x64] - builder.base.builder_runtime.TTBuilderRuntimeException: No golden function found for TTIR operation: <class 'ttmlir.dialects._ttnn_ops_gen.ReshapeOp'>
FAILED test/python/golden/ttir_ops/pooling/test_pooling.py::test_avg_pool2d[ttnn-kernel1-stride1-dilation1-padding1-False-True-f32-1x32x32x64] - builder.base.builder_runtime.TTBuilderRuntimeException: No golden function found for TTIR operation: <class 'ttmlir.dialects._ttnn_ops_gen.ReshapeOp'>
FAILED test/python/golden/ttir_ops/pooling/test_pooling.py::test_avg_pool2d[ttnn-kernel1-stride1-dilation1-padding1-False-True-bf16-1x32x32x64] - builder.base.builder_runtime.TTBuilderRuntimeException: No golden function found for TTIR operation: <class 'ttmlir.dialects._ttnn_ops_gen.ReshapeOp'>
FAILED test/python/golden/ttir_ops/pooling/test_pooling.py::test_avg_pool2d[ttnn-kernel0-stride0-dilation0-padding0-False-True-f32-1x32x32x64] - builder.base.builder_runtime.TTBuilderRuntimeException: No golden function found for TTIR operation: <class 'ttmlir.dialects._ttnn_ops_gen.ReshapeOp'>
FAILED test/python/golden/ttir_ops/pooling/test_pooling.py::test_avg_pool2d[ttnn-kernel0-stride0-dilation0-padding0-False-True-bf16-1x32x32x64] - builder.base.builder_runtime.TTBuilderRuntimeException: No golden function found for TTIR operation: <class 'ttmlir.dialects._ttnn_ops_gen.ReshapeOp'>
FAILED test/python/golden/ttir_ops/normalization/test_normalization.py::test_softmax[ttnn-True-2-32x512x1024] - builder.base.builder_runtime.TTBuilderRuntimeException: No golden function found for TTIR operation: <class 'ttmlir.dialects._ttnn_ops_gen.SoftmaxOp'>
FAILED test/python/golden/ttir_ops/normalization/test_normalization.py::test_softmax[ttnn-True-1-32x512x1024] - builder.base.builder_runtime.TTBuilderRuntimeException: No golden function found for TTIR operation: <class 'ttmlir.dialects._ttnn_ops_gen.SoftmaxOp'>
FAILED test/python/golden/ttir_ops/normalization/test_normalization.py::test_softmax[ttnn-True-0-32x512x1024] - builder.base.builder_runtime.TTBuilderRuntimeException: No golden function found for TTIR operation: <class 'ttmlir.dialects._ttnn_ops_gen.SoftmaxOp'>
FAILED test/python/golden/ttir_ops/normalization/test_normalization.py::test_softmax[ttnn-False-2-32x512x1024] - builder.base.builder_runtime.TTBuilderRuntimeException: No golden function found for TTIR operation: <class 'ttmlir.dialects._ttnn_ops_gen.SoftmaxOp'>
FAILED test/python/golden/ttir_ops/normalization/test_normalization.py::test_softmax[ttnn-False-1-32x512x1024] - builder.base.builder_runtime.TTBuilderRuntimeException: No golden function found for TTIR operation: <class 'ttmlir.dialects._ttnn_ops_gen.SoftmaxOp'>
FAILED test/python/golden/ttir_ops/normalization/test_normalization.py::test_softmax[ttnn-False-0-32x512x1024] - builder.base.builder_runtime.TTBuilderRuntimeException: No golden function found for TTIR operation: <class 'ttmlir.dialects._ttnn_ops_gen.SoftmaxOp'>
FAILED test/python/golden/ttir_ops/normalization/test_normalization.py::test_rms_norm[ttnn-True-True-shape2-normalized_shape2] - builder.base.builder_runtime.TTBuilderRuntimeException: rms_norm(): argument 'normalized_shape' (position 2) must be tuple of ints, not ttmlir._mlir_libs._mlir.ir.F32Type
FAILED test/python/golden/ttir_ops/normalization/test_normalization.py::test_rms_norm[ttnn-True-True-shape1-normalized_shape1] - builder.base.builder_runtime.TTBuilderRuntimeException: rms_norm(): argument 'normalized_shape' (position 2) must be tuple of ints, not ttmlir._mlir_libs._mlir.ir.F32Type
FAILED test/python/golden/ttir_ops/normalization/test_normalization.py::test_rms_norm[ttnn-True-True-shape0-normalized_shape0] - builder.base.builder_runtime.TTBuilderRuntimeException: rms_norm(): argument 'normalized_shape' (position 2) must be tuple of ints, not ttmlir._mlir_libs._mlir.ir.F32Type
FAILED test/python/golden/ttir_ops/normalization/test_normalization.py::test_rms_norm[ttnn-True-False-shape2-normalized_shape2] - builder.base.builder_runtime.TTBuilderRuntimeException: rms_norm(): argument 'normalized_shape' (position 2) must be tuple of ints, not ttmlir._mlir_libs._mlir.ir.F32Type
FAILED test/python/golden/ttir_ops/normalization/test_normalization.py::test_rms_norm[ttnn-True-False-shape1-normalized_shape1] - builder.base.builder_runtime.TTBuilderRuntimeException: rms_norm(): argument 'normalized_shape' (position 2) must be tuple of ints, not ttmlir._mlir_libs._mlir.ir.F32Type
FAILED test/python/golden/ttir_ops/normalization/test_normalization.py::test_rms_norm[ttnn-True-False-shape0-normalized_shape0] - builder.base.builder_runtime.TTBuilderRuntimeException: rms_norm(): argument 'normalized_shape' (position 2) must be tuple of ints, not ttmlir._mlir_libs._mlir.ir.F32Type
FAILED test/python/golden/ttir_ops/normalization/test_normalization.py::test_rms_norm[ttnn-False-True-shape2-normalized_shape2] - builder.base.builder_runtime.TTBuilderRuntimeException: rms_norm(): argument 'normalized_shape' (position 2) must be tuple of ints, not ttmlir._mlir_libs._mlir.ir.F32Type
FAILED test/python/golden/ttir_ops/normalization/test_normalization.py::test_rms_norm[ttnn-False-True-shape1-normalized_shape1] - builder.base.builder_runtime.TTBuilderRuntimeException: rms_norm(): argument 'normalized_shape' (position 2) must be tuple of ints, not ttmlir._mlir_libs._mlir.ir.F32Type
FAILED test/python/golden/ttir_ops/normalization/test_normalization.py::test_rms_norm[ttnn-False-True-shape0-normalized_shape0] - builder.base.builder_runtime.TTBuilderRuntimeException: rms_norm(): argument 'normalized_shape' (position 2) must be tuple of ints, not ttmlir._mlir_libs._mlir.ir.F32Type
FAILED test/python/golden/ttir_ops/normalization/test_normalization.py::test_rms_norm[ttnn-False-False-shape2-normalized_shape2] - builder.base.builder_runtime.TTBuilderRuntimeException: rms_norm(): argument 'normalized_shape' (position 2) must be tuple of ints, not ttmlir._mlir_libs._mlir.ir.F32Type
FAILED test/python/golden/ttir_ops/normalization/test_normalization.py::test_rms_norm[ttnn-False-False-shape1-normalized_shape1] - builder.base.builder_runtime.TTBuilderRuntimeException: rms_norm(): argument 'normalized_shape' (position 2) must be tuple of ints, not ttmlir._mlir_libs._mlir.ir.F32Type
FAILED test/python/golden/ttir_ops/normalization/test_normalization.py::test_rms_norm[ttnn-False-False-shape0-normalized_shape0] - builder.base.builder_runtime.TTBuilderRuntimeException: rms_norm(): argument 'normalized_shape' (position 2) must be tuple of ints, not ttmlir._mlir_libs._mlir.ir.F32Type
FAILED test/python/golden/ttir_ops/normalization/test_normalization.py::test_layer_norm[ttnn-True-True-shape1-normalized_shape1] - builder.base.builder_runtime.TTBuilderRuntimeException: Unexpected attribute type: <class 'ttmlir._mlir_libs._mlir.ir.F32Type'>
FAILED test/python/golden/ttir_ops/normalization/test_normalization.py::test_layer_norm[ttnn-True-True-shape0-normalized_shape0] - builder.base.builder_runtime.TTBuilderRuntimeException: Unexpected attribute type: <class 'ttmlir._mlir_libs._mlir.ir.F32Type'>
FAILED test/python/golden/ttir_ops/normalization/test_normalization.py::test_layer_norm[ttnn-True-False-shape1-normalized_shape1] - builder.base.builder_runtime.TTBuilderRuntimeException: Unexpected attribute type: <class 'ttmlir._mlir_libs._mlir.ir.F32Type'>
FAILED test/python/golden/ttir_ops/normalization/test_normalization.py::test_layer_norm[ttnn-True-False-shape0-normalized_shape0] - builder.base.builder_runtime.TTBuilderRuntimeException: Unexpected attribute type: <class 'ttmlir._mlir_libs._mlir.ir.F32Type'>
FAILED test/python/golden/ttir_ops/normalization/test_normalization.py::test_layer_norm[ttnn-False-True-shape1-normalized_shape1] - builder.base.builder_runtime.TTBuilderRuntimeException: Unexpected attribute type: <class 'ttmlir._mlir_libs._mlir.ir.F32Type'>
FAILED test/python/golden/ttir_ops/normalization/test_normalization.py::test_layer_norm[ttnn-False-True-shape0-normalized_shape0] - builder.base.builder_runtime.TTBuilderRuntimeException: Unexpected attribute type: <class 'ttmlir._mlir_libs._mlir.ir.F32Type'>
FAILED test/python/golden/ttir_ops/normalization/test_normalization.py::test_layer_norm[ttnn-False-False-shape1-normalized_shape1] - builder.base.builder_runtime.TTBuilderRuntimeException: Unexpected attribute type: <class 'ttmlir._mlir_libs._mlir.ir.F32Type'>
FAILED test/python/golden/ttir_ops/normalization/test_normalization.py::test_layer_norm[ttnn-False-False-shape0-normalized_shape0] - builder.base.builder_runtime.TTBuilderRuntimeException: Unexpected attribute type: <class 'ttmlir._mlir_libs._mlir.ir.F32Type'>
FAILED test/python/golden/ttir_ops/normalization/test_normalization.py::test_hoisted_softmax[ttnn-128x128] - builder.base.builder_runtime.TTBuilderRuntimeException: ttnn_from_device_golden() takes 1 positional argument but 2 were given
FAILED test/python/golden/ttir_ops/normalization/test_normalization.py::test_hoisted_layer_norm[ttnn-shape1-normalized_shape1] - builder.base.builder_runtime.TTBuilderRuntimeException: ttnn_from_device_golden() takes 1 positional argument but 2 were given
FAILED test/python/golden/ttir_ops/normalization/test_normalization.py::test_hoisted_layer_norm[ttnn-shape0-normalized_shape0] - builder.base.builder_runtime.TTBuilderRuntimeException: ttnn_from_device_golden() takes 1 positional argument but 2 were given
FAILED test/python/golden/ttir_ops/normalization/test_normalization.py::test_group_norm[ttnn-True-True-shape0-8] - builder.base.builder_runtime.TTBuilderRuntimeException: No golden function found for TTIR operation: <class 'ttmlir.dialects._ttnn_ops_gen.ReshapeOp'>
FAILED test/python/golden/ttir_ops/normalization/test_normalization.py::test_group_norm[ttnn-True-True-shape0-32] - builder.base.builder_runtime.TTBuilderRuntimeException: No golden function found for TTIR operation: <class 'ttmlir.dialects._ttnn_ops_gen.ReshapeOp'>
FAILED test/python/golden/ttir_ops/normalization/test_normalization.py::test_group_norm[ttnn-True-False-shape0-8] - builder.base.builder_runtime.TTBuilderRuntimeException: No golden function found for TTIR operation: <class 'ttmlir.dialects._ttnn_ops_gen.ReshapeOp'>
FAILED test/python/golden/ttir_ops/normalization/test_normalization.py::test_group_norm[ttnn-True-False-shape0-32] - builder.base.builder_runtime.TTBuilderRuntimeException: No golden function found for TTIR operation: <class 'ttmlir.dialects._ttnn_ops_gen.ReshapeOp'>
FAILED test/python/golden/ttir_ops/normalization/test_normalization.py::test_group_norm[ttnn-False-True-shape0-8] - builder.base.builder_runtime.TTBuilderRuntimeException: No golden function found for TTIR operation: <class 'ttmlir.dialects._ttnn_ops_gen.ReshapeOp'>
FAILED test/python/golden/ttir_ops/normalization/test_normalization.py::test_group_norm[ttnn-False-True-shape0-32] - builder.base.builder_runtime.TTBuilderRuntimeException: No golden function found for TTIR operation: <class 'ttmlir.dialects._ttnn_ops_gen.ReshapeOp'>
FAILED test/python/golden/ttir_ops/normalization/test_normalization.py::test_group_norm[ttnn-False-False-shape0-8] - builder.base.builder_runtime.TTBuilderRuntimeException: No golden function found for TTIR operation: <class 'ttmlir.dialects._ttcore_ops_gen.LoadCachedOp'>
FAILED test/python/golden/ttir_ops/normalization/test_normalization.py::test_group_norm[ttnn-False-False-shape0-32] - builder.base.builder_runtime.TTBuilderRuntimeException: No golden function found for TTIR operation: <class 'ttmlir.dialects._ttcore_ops_gen.LoadCachedOp'>
FAILED test/python/golden/ttir_ops/normalization/test_normalization.py::test_distributed_rms_norm[ttnn-1-1x2-True-True-1x1x32x8192] - builder.base.builder_runtime.TTBuilderRuntimeException: Fatal error
FAILED test/python/golden/ttir_ops/normalization/test_normalization.py::test_distributed_rms_norm[ttnn-1-1x2-True-True-1x1x32x512] - builder.base.builder_runtime.TTBuilderRuntimeException: Fatal error
FAILED test/python/golden/ttir_ops/normalization/test_normalization.py::test_distributed_rms_norm[ttnn-1-1x2-True-True-1x1x32x4096] - builder.base.builder_runtime.TTBuilderRuntimeException: Fatal error
FAILED test/python/golden/ttir_ops/normalization/test_normalization.py::test_distributed_rms_norm[ttnn-1-1x2-True-True-1x1x32x128] - builder.base.builder_runtime.TTBuilderRuntimeException: Fatal error
FAILED test/python/golden/ttir_ops/normalization/test_normalization.py::test_distributed_rms_norm[ttnn-1-1x2-False-True-1x1x32x8192] - builder.base.builder_runtime.TTBuilderRuntimeException: Fatal error
FAILED test/python/golden/ttir_ops/normalization/test_normalization.py::test_distributed_rms_norm[ttnn-1-1x2-False-True-1x1x32x512] - builder.base.builder_runtime.TTBuilderRuntimeException: Fatal error
FAILED test/python/golden/ttir_ops/normalization/test_normalization.py::test_distributed_rms_norm[ttnn-1-1x2-False-True-1x1x32x4096] - builder.base.builder_runtime.TTBuilderRuntimeException: Fatal error
FAILED test/python/golden/ttir_ops/normalization/test_normalization.py::test_distributed_rms_norm[ttnn-1-1x2-False-True-1x1x32x128] - builder.base.builder_runtime.TTBuilderRuntimeException: Fatal error
FAILED test/python/golden/ttir_ops/normalization/test_normalization.py::test_batch_norm[ttnn-1e-05-1-dtypes0-1x64x32x32-64-64-64-64] - builder.base.builder_runtime.TTBuilderRuntimeException: No golden function found for TTIR operation: <class 'ttmlir.dialects._ttnn_ops_gen.ReshapeOp'>
FAILED test/python/golden/ttir_ops/matmul/test_weight_dtype_conversion.py::test_matmul_weight_dtype[ttnn-bf16-4x128x128-bfp_bf8] - builder.base.builder_runtime.TTBuilderRuntimeException: 'ttmlir._mlir_libs._mlir.ir.BF16Type' object has no attribute 'element_type'
FAILED test/python/golden/ttir_ops/matmul/test_weight_dtype_conversion.py::test_matmul_weight_dtype[ttnn-bf16-4x128x128-bfp_bf4] - builder.base.builder_runtime.TTBuilderRuntimeException: 'ttmlir._mlir_libs._mlir.ir.BF16Type' object has no attribute 'element_type'
FAILED test/python/golden/ttir_ops/matmul/test_weight_dtype_conversion.py::test_linear_weight_dtype[ttnn-bf16-10x64x64_64x64_bias64-bfp_bf8] - builder.base.builder_runtime.TTBuilderRuntimeException: 'ttmlir._mlir_libs._mlir.ir.BF16Type' object has no attribute 'element_type'
FAILED test/python/golden/ttir_ops/matmul/test_weight_dtype_conversion.py::test_linear_weight_dtype[ttnn-bf16-10x64x64_64x64_bias64-bfp_bf4] - builder.base.builder_runtime.TTBuilderRuntimeException: 'ttmlir._mlir_libs._mlir.ir.BF16Type' object has no attribute 'element_type'
FAILED test/python/golden/ttir_ops/matmul/test_sparse_matmul.py::test_sparse_matmul_b_sparse[ttnn] - builder.base.builder_runtime.TTBuilderRuntimeException: 'ttmlir._mlir_libs._mlir.ir.BF16Type' object has no attribute 'element_type'
FAILED test/python/golden/ttir_ops/matmul/test_sparse_matmul.py::test_sparse_matmul_a_sparse[ttnn] - builder.base.builder_runtime.TTBuilderRuntimeException: 'ttmlir._mlir_libs._mlir.ir.BF16Type' object has no attribute 'element_type'
FAILED test/python/golden/ttir_ops/matmul/test_per_arg_weight_dtype.py::test_matmul_per_arg_weight_dtype[ttnn-bf16-4x128x128-bfp_bf8] - builder.base.builder_runtime.TTBuilderRuntimeException: 'ttmlir._mlir_libs._mlir.ir.BF16Type' object has no attribute 'element_type'
FAILED test/python/golden/ttir_ops/matmul/test_per_arg_weight_dtype.py::test_matmul_per_arg_weight_dtype[ttnn-bf16-4x128x128-bfp_bf4] - builder.base.builder_runtime.TTBuilderRuntimeException: 'ttmlir._mlir_libs._mlir.ir.BF16Type' object has no attribute 'element_type'
FAILED test/python/golden/ttir_ops/matmul/test_matmul.py::test_hoisted_matmul[ttnn-f32-standard_2D_matmul] - builder.base.builder_runtime.TTBuilderRuntimeException: ttnn_from_device_golden() takes 1 positional argument but 2 were given
FAILED test/python/golden/ttir_ops/matmul/test_matmul.py::test_hoisted_matmul[ttnn-f32-3D_batched_matmul] - builder.base.builder_runtime.TTBuilderRuntimeException: ttnn_from_device_golden() takes 1 positional argument but 2 were given
FAILED test/python/golden/ttir_ops/matmul/test_matmul.py::test_hoisted_linear[ttnn-f32-3D_with_bias] - builder.base.builder_runtime.TTBuilderRuntimeException: ttnn_from_device_golden() takes 1 positional argument but 2 were given
FAILED test/python/golden/ttir_ops/matmul/test_matmul.py::test_hoisted_linear[ttnn-f32-2D_no_bias] - builder.base.builder_runtime.TTBuilderRuntimeException: ttnn_from_device_golden() takes 1 positional argument but 2 were given
FAILED test/python/golden/ttir_ops/kv_cache/test_kv_cache.py::test_update_cache[ttnn-dtypes0-1x32x64x512-1x32x1x512-1] - builder.base.builder_runtime.TTBuilderRuntimeException: No golden function found for TTIR operation: <class 'ttmlir.dialects._ttnn_ops_gen.PermuteOp'>
FAILED test/python/golden/ttir_ops/eltwise/test_ttir_unary.py::test_unary_ops[hardsigmoid-ttnn-f32-128x128] - builder.base.builder_runtime.TTBuilderRuntimeException: No golden function found for TTIR operation: <class 'ttmlir.dialects._ttnn_ops_gen.HardsigmoidOp'>
FAILED test/python/golden/ttir_ops/eltwise/test_ttir_unary.py::test_unary_ops[hardsigmoid-ttnn-bf16-128x128] - builder.base.builder_runtime.TTBuilderRuntimeException: No golden function found for TTIR operation: <class 'ttmlir.dialects._ttnn_ops_gen.HardsigmoidOp'>
FAILED test/python/golden/ttir_ops/eltwise/test_ttir_unary.py::test_get_dimension_size[1-ttnn-i32-64x128] - builder.base.builder_runtime.TTBuilderRuntimeException
FAILED test/python/golden/ttir_ops/eltwise/test_ttir_unary.py::test_get_dimension_size[1-ttnn-f32-64x128] - builder.base.builder_runtime.TTBuilderRuntimeException: No golden function found for TTIR operation: <class 'ttmlir.dialects._ttcore_ops_gen.LoadCachedOp'>
FAILED test/python/golden/ttir_ops/eltwise/test_ttir_unary.py::test_get_dimension_size[0-ttnn-i32-64x128] - builder.base.builder_runtime.TTBuilderRuntimeException
FAILED test/python/golden/ttir_ops/eltwise/test_ttir_unary.py::test_get_dimension_size[0-ttnn-f32-64x128] - builder.base.builder_runtime.TTBuilderRuntimeException: No golden function found for TTIR operation: <class 'ttmlir.dialects._ttcore_ops_gen.LoadCachedOp'>
FAILED test/python/golden/ttir_ops/eltwise/test_ttir_ternary.py::test_where_nan_inf_implicit_broadcast[neg_inf-ttnn-f32-32x64-32x1-32x64] - builder.base.builder_runtime.TTBuilderRuntimeException: where expected condition to be a boolean tensor, but got a tensor with dtype Float
FAILED test/python/golden/ttir_ops/eltwise/test_ttir_ternary.py::test_where_nan_inf_implicit_broadcast[neg_inf-ttnn-f32-1x4x1-1x4x768-1x1x1] - builder.base.builder_runtime.TTBuilderRuntimeException: where expected condition to be a boolean tensor, but got a tensor with dtype Float
FAILED test/python/golden/ttir_ops/eltwise/test_ttir_ternary.py::test_where_nan_inf_implicit_broadcast[neg_inf-ttnn-f32-1x1x1x4-1x1x1x4-1x1x1x1] - builder.base.builder_runtime.TTBuilderRuntimeException: where expected condition to be a boolean tensor, but got a tensor with dtype Float
FAILED test/python/golden/ttir_ops/eltwise/test_ttir_ternary.py::test_where_nan_inf_implicit_broadcast[neg_inf-ttnn-f32-1x1x1-8x16x32-8x16x32] - builder.base.builder_runtime.TTBuilderRuntimeException: where expected condition to be a boolean tensor, but got a tensor with dtype Float
FAILED test/python/golden/ttir_ops/eltwise/test_ttir_ternary.py::test_where_nan_inf_implicit_broadcast[neg_inf-ttnn-f32-1x16x32-8x1x32-8x16x1] - builder.base.builder_runtime.TTBuilderRuntimeException: where expected condition to be a boolean tensor, but got a tensor with dtype Float
FAILED test/python/golden/ttir_ops/eltwise/test_ttir_ternary.py::test_where_nan_inf_implicit_broadcast[neg_inf-ttnn-f32-128x128-128x128-128x1] - builder.base.builder_runtime.TTBuilderRuntimeException: where expected condition to be a boolean tensor, but got a tensor with dtype Float
FAILED test/python/golden/ttir_ops/eltwise/test_ttir_ternary.py::test_where_nan_inf_implicit_broadcast[neg_inf-ttnn-bf16-32x64-32x1-32x64] - builder.base.builder_runtime.TTBuilderRuntimeException: where expected condition to be a boolean tensor, but got a tensor with dtype BFloat16
FAILED test/python/golden/ttir_ops/eltwise/test_ttir_ternary.py::test_where_nan_inf_implicit_broadcast[neg_inf-ttnn-bf16-1x4x1-1x4x768-1x1x1] - builder.base.builder_runtime.TTBuilderRuntimeException: where expected condition to be a boolean tensor, but got a tensor with dtype BFloat16
FAILED test/python/golden/ttir_ops/eltwise/test_ttir_ternary.py::test_where_nan_inf_implicit_broadcast[neg_inf-ttnn-bf16-1x1x1x4-1x1x1x4-1x1x1x1] - builder.base.builder_runtime.TTBuilderRuntimeException: where expected condition to be a boolean tensor, but got a tensor with dtype BFloat16
FAILED test/python/golden/ttir_ops/eltwise/test_ttir_ternary.py::test_where_nan_inf_implicit_broadcast[neg_inf-ttnn-bf16-1x1x1-8x16x32-8x16x32] - builder.base.builder_runtime.TTBuilderRuntimeException: where expected condition to be a boolean tensor, but got a tensor with dtype BFloat16
FAILED test/python/golden/ttir_ops/eltwise/test_ttir_ternary.py::test_where_nan_inf_implicit_broadcast[neg_inf-ttnn-bf16-1x16x32-8x1x32-8x16x1] - builder.base.builder_runtime.TTBuilderRuntimeException: where expected condition to be a boolean tensor, but got a tensor with dtype BFloat16
FAILED test/python/golden/ttir_ops/eltwise/test_ttir_ternary.py::test_where_nan_inf_implicit_broadcast[neg_inf-ttnn-bf16-128x128-128x128-128x1] - builder.base.builder_runtime.TTBuilderRuntimeException: where expected condition to be a boolean tensor, but got a tensor with dtype BFloat16
FAILED test/python/golden/ttir_ops/eltwise/test_ttir_ternary.py::test_where_nan_inf_implicit_broadcast[nan-ttnn-f32-32x64-32x1-32x64] - builder.base.builder_runtime.TTBuilderRuntimeException: where expected condition to be a boolean tensor, but got a tensor with dtype Float
FAILED test/python/golden/ttir_ops/eltwise/test_ttir_ternary.py::test_where_nan_inf_implicit_broadcast[nan-ttnn-f32-1x4x1-1x4x768-1x1x1] - builder.base.builder_runtime.TTBuilderRuntimeException: where expected condition to be a boolean tensor, but got a tensor with dtype Float
FAILED test/python/golden/ttir_ops/eltwise/test_ttir_ternary.py::test_where_nan_inf_implicit_broadcast[nan-ttnn-f32-1x1x1x4-1x1x1x4-1x1x1x1] - builder.base.builder_runtime.TTBuilderRuntimeException: where expected condition to be a boolean tensor, but got a tensor with dtype Float
FAILED test/python/golden/ttir_ops/eltwise/test_ttir_ternary.py::test_where_nan_inf_implicit_broadcast[nan-ttnn-f32-1x1x1-8x16x32-8x16x32] - builder.base.builder_runtime.TTBuilderRuntimeException: where expected condition to be a boolean tensor, but got a tensor with dtype Float
FAILED test/python/golden/ttir_ops/eltwise/test_ttir_ternary.py::test_where_nan_inf_implicit_broadcast[nan-ttnn-f32-1x16x32-8x1x32-8x16x1] - builder.base.builder_runtime.TTBuilderRuntimeException: where expected condition to be a boolean tensor, but got a tensor with dtype Float
FAILED test/python/golden/ttir_ops/eltwise/test_ttir_ternary.py::test_where_nan_inf_implicit_broadcast[nan-ttnn-f32-128x128-128x128-128x1] - builder.base.builder_runtime.TTBuilderRuntimeException: where expected condition to be a boolean tensor, but got a tensor with dtype Float
FAILED test/python/golden/ttir_ops/eltwise/test_ttir_ternary.py::test_where_nan_inf_implicit_broadcast[nan-ttnn-bf16-32x64-32x1-32x64] - builder.base.builder_runtime.TTBuilderRuntimeException: where expected condition to be a boolean tensor, but got a tensor with dtype BFloat16
FAILED test/python/golden/ttir_ops/eltwise/test_ttir_ternary.py::test_where_nan_inf_implicit_broadcast[nan-ttnn-bf16-1x4x1-1x4x768-1x1x1] - builder.base.builder_runtime.TTBuilderRuntimeException: where expected condition to be a boolean tensor, but got a tensor with dtype BFloat16
FAILED test/python/golden/ttir_ops/eltwise/test_ttir_ternary.py::test_where_nan_inf_implicit_broadcast[nan-ttnn-bf16-1x1x1x4-1x1x1x4-1x1x1x1] - builder.base.builder_runtime.TTBuilderRuntimeException: where expected condition to be a boolean tensor, but got a tensor with dtype BFloat16
FAILED test/python/golden/ttir_ops/eltwise/test_ttir_ternary.py::test_where_nan_inf_implicit_broadcast[nan-ttnn-bf16-1x1x1-8x16x32-8x16x32] - builder.base.builder_runtime.TTBuilderRuntimeException: where expected condition to be a boolean tensor, but got a tensor with dtype BFloat16
FAILED test/python/golden/ttir_ops/eltwise/test_ttir_ternary.py::test_where_nan_inf_implicit_broadcast[nan-ttnn-bf16-1x16x32-8x1x32-8x16x1] - builder.base.builder_runtime.TTBuilderRuntimeException: where expected condition to be a boolean tensor, but got a tensor with dtype BFloat16
FAILED test/python/golden/ttir_ops/eltwise/test_ttir_ternary.py::test_where_nan_inf_implicit_broadcast[nan-ttnn-bf16-128x128-128x128-128x1] - builder.base.builder_runtime.TTBuilderRuntimeException: where expected condition to be a boolean tensor, but got a tensor with dtype BFloat16
FAILED test/python/golden/ttir_ops/eltwise/test_ttir_ternary.py::test_where_nan_inf_implicit_broadcast[inf-ttnn-f32-32x64-32x1-32x64] - builder.base.builder_runtime.TTBuilderRuntimeException: where expected condition to be a boolean tensor, but got a tensor with dtype Float
FAILED test/python/golden/ttir_ops/eltwise/test_ttir_ternary.py::test_where_nan_inf_implicit_broadcast[inf-ttnn-f32-1x4x1-1x4x768-1x1x1] - builder.base.builder_runtime.TTBuilderRuntimeException: where expected condition to be a boolean tensor, but got a tensor with dtype Float
FAILED test/python/golden/ttir_ops/eltwise/test_ttir_ternary.py::test_where_nan_inf_implicit_broadcast[inf-ttnn-f32-1x1x1x4-1x1x1x4-1x1x1x1] - builder.base.builder_runtime.TTBuilderRuntimeException: where expected condition to be a boolean tensor, but got a tensor with dtype Float
FAILED test/python/golden/ttir_ops/eltwise/test_ttir_ternary.py::test_where_nan_inf_implicit_broadcast[inf-ttnn-f32-1x1x1-8x16x32-8x16x32] - builder.base.builder_runtime.TTBuilderRuntimeException: where expected condition to be a boolean tensor, but got a tensor with dtype Float
FAILED test/python/golden/ttir_ops/eltwise/test_ttir_ternary.py::test_where_nan_inf_implicit_broadcast[inf-ttnn-f32-1x16x32-8x1x32-8x16x1] - builder.base.builder_runtime.TTBuilderRuntimeException: where expected condition to be a boolean tensor, but got a tensor with dtype Float
FAILED test/python/golden/ttir_ops/eltwise/test_ttir_ternary.py::test_where_nan_inf_implicit_broadcast[inf-ttnn-f32-128x128-128x128-128x1] - builder.base.builder_runtime.TTBuilderRuntimeException: where expected condition to be a boolean tensor, but got a tensor with dtype Float
FAILED test/python/golden/ttir_ops/eltwise/test_ttir_ternary.py::test_where_nan_inf_implicit_broadcast[inf-ttnn-bf16-32x64-32x1-32x64] - builder.base.builder_runtime.TTBuilderRuntimeException: where expected condition to be a boolean tensor, but got a tensor with dtype BFloat16
FAILED test/python/golden/ttir_ops/eltwise/test_ttir_ternary.py::test_where_nan_inf_implicit_broadcast[inf-ttnn-bf16-1x4x1-1x4x768-1x1x1] - builder.base.builder_runtime.TTBuilderRuntimeException: where expected condition to be a boolean tensor, but got a tensor with dtype BFloat16
FAILED test/python/golden/ttir_ops/eltwise/test_ttir_ternary.py::test_where_nan_inf_implicit_broadcast[inf-ttnn-bf16-1x1x1x4-1x1x1x4-1x1x1x1] - builder.base.builder_runtime.TTBuilderRuntimeException: where expected condition to be a boolean tensor, but got a tensor with dtype BFloat16
FAILED test/python/golden/ttir_ops/eltwise/test_ttir_ternary.py::test_where_nan_inf_implicit_broadcast[inf-ttnn-bf16-1x1x1-8x16x32-8x16x32] - builder.base.builder_runtime.TTBuilderRuntimeException: where expected condition to be a boolean tensor, but got a tensor with dtype BFloat16
FAILED test/python/golden/ttir_ops/eltwise/test_ttir_ternary.py::test_where_nan_inf_implicit_broadcast[inf-ttnn-bf16-1x16x32-8x1x32-8x16x1] - builder.base.builder_runtime.TTBuilderRuntimeException: where expected condition to be a boolean tensor, but got a tensor with dtype BFloat16
FAILED test/python/golden/ttir_ops/eltwise/test_ttir_ternary.py::test_where_nan_inf_implicit_broadcast[inf-ttnn-bf16-128x128-128x128-128x1] - builder.base.builder_runtime.TTBuilderRuntimeException: where expected condition to be a boolean tensor, but got a tensor with dtype BFloat16
FAILED test/python/golden/ttir_ops/eltwise/test_ttir_ternary.py::test_ternary_ops[module_where-ttnn-i32-128x128] - builder.base.builder_runtime.TTBuilderRuntimeException: where expected condition to be a boolean tensor, but got a tensor with dtype Float
FAILED test/python/golden/ttir_ops/eltwise/test_ttir_ternary.py::test_ternary_ops[module_where-ttnn-i1-128x128] - builder.base.builder_runtime.TTBuilderRuntimeException: where expected condition to be a boolean tensor, but got a tensor with dtype BFloat16
FAILED test/python/golden/ttir_ops/eltwise/test_ttir_ternary.py::test_ternary_ops[module_where-ttnn-f32-128x128] - builder.base.builder_runtime.TTBuilderRuntimeException: where expected condition to be a boolean tensor, but got a tensor with dtype Float
FAILED test/python/golden/ttir_ops/eltwise/test_ttir_ternary.py::test_ternary_ops[module_where-ttnn-bf16-128x128] - builder.base.builder_runtime.TTBuilderRuntimeException: where expected condition to be a boolean tensor, but got a tensor with dtype BFloat16
FAILED test/python/golden/ttir_ops/eltwise/test_ttir_ternary.py::test_ternary_ops[module_clamp_tensor-ttnn-i32-128x128] - builder.base.builder_runtime.TTBuilderRuntimeException: '%arg1'
FAILED test/python/golden/ttir_ops/eltwise/test_ttir_ternary.py::test_ternary_ops[module_clamp_tensor-ttnn-i1-128x128] - builder.base.builder_runtime.TTBuilderRuntimeException: '%arg1'
FAILED test/python/golden/ttir_ops/eltwise/test_ttir_ternary.py::test_ternary_ops[module_clamp_tensor-ttnn-f32-128x128] - builder.base.builder_runtime.TTBuilderRuntimeException: '%arg1'
FAILED test/python/golden/ttir_ops/eltwise/test_ttir_ternary.py::test_ternary_ops[module_clamp_tensor-ttnn-bf16-128x128] - builder.base.builder_runtime.TTBuilderRuntimeException: '%arg1'
FAILED test/python/golden/ttir_ops/eltwise/test_ttir_ternary.py::test_ternary_eltwise_ops_implicit_broadcast[ttnn-f32-i32-i32-8x16x32-8x16x32-1x16x32] - builder.base.builder_runtime.TTBuilderRuntimeException: where expected condition to be a boolean tensor, but got a tensor with dtype Float
FAILED test/python/golden/ttir_ops/eltwise/test_ttir_ternary.py::test_ternary_eltwise_ops_implicit_broadcast[ttnn-f32-i32-i32-8x16x32-1x1x32-1x1x32] - builder.base.builder_runtime.TTBuilderRuntimeException: where expected condition to be a boolean tensor, but got a tensor with dtype Float
FAILED test/python/golden/ttir_ops/eltwise/test_ttir_ternary.py::test_ternary_eltwise_ops_implicit_broadcast[ttnn-f32-i32-i32-8x16x32-1x16x32-8x16x32] - builder.base.builder_runtime.TTBuilderRuntimeException: where expected condition to be a boolean tensor, but got a tensor with dtype Float
FAILED test/python/golden/ttir_ops/eltwise/test_ttir_ternary.py::test_ternary_eltwise_ops_implicit_broadcast[ttnn-f32-i32-i32-32x64-32x64-1x64] - builder.base.builder_runtime.TTBuilderRuntimeException: where expected condition to be a boolean tensor, but got a tensor with dtype Float
FAILED test/python/golden/ttir_ops/eltwise/test_ttir_ternary.py::test_ternary_eltwise_ops_implicit_broadcast[ttnn-f32-i32-i32-1x4x1-1x4x768-1x1x1] - builder.base.builder_runtime.TTBuilderRuntimeException: where expected condition to be a boolean tensor, but got a tensor with dtype Float
FAILED test/python/golden/ttir_ops/eltwise/test_ttir_ternary.py::test_ternary_eltwise_ops_implicit_broadcast[ttnn-f32-i32-i32-1x32-64x32-64x1] - builder.base.builder_runtime.TTBuilderRuntimeException: where expected condition to be a boolean tensor, but got a tensor with dtype Float
FAILED test/python/golden/ttir_ops/eltwise/test_ttir_ternary.py::test_ternary_eltwise_ops_implicit_broadcast[ttnn-f32-i32-i32-1x1x32-8x16x32-1x1x32] - builder.base.builder_runtime.TTBuilderRuntimeException: where expected condition to be a boolean tensor, but got a tensor with dtype Float
FAILED test/python/golden/ttir_ops/eltwise/test_ttir_ternary.py::test_ternary_eltwise_ops_implicit_broadcast[ttnn-f32-i32-i32-1x1x32-1x1x32-8x16x32] - builder.base.builder_runtime.TTBuilderRuntimeException: where expected condition to be a boolean tensor, but got a tensor with dtype Float
FAILED test/python/golden/ttir_ops/eltwise/test_ttir_ternary.py::test_ternary_eltwise_ops_implicit_broadcast[ttnn-f32-i32-i32-1x1x1x4-1x1x1x1-1x1x1x1] - builder.base.builder_runtime.TTBuilderRuntimeException: where expected condition to be a boolean tensor, but got a tensor with dtype Float
FAILED test/python/golden/ttir_ops/eltwise/test_ttir_ternary.py::test_ternary_eltwise_ops_implicit_broadcast[ttnn-f32-i32-i32-1x16x32-8x1x32-8x16x1] - builder.base.builder_runtime.TTBuilderRuntimeException: where expected condition to be a boolean tensor, but got a tensor with dtype Float
FAILED test/python/golden/ttir_ops/eltwise/test_ttir_ternary.py::test_ternary_eltwise_ops_implicit_broadcast[ttnn-f32-i32-i32-1x16x32-8x16x32-8x16x32] - builder.base.builder_runtime.TTBuilderRuntimeException: where expected condition to be a boolean tensor, but got a tensor with dtype Float
FAILED test/python/golden/ttir_ops/eltwise/test_ttir_ternary.py::test_ternary_eltwise_ops_implicit_broadcast[ttnn-f32-i32-i32-128x128-1x128-128x128] - builder.base.builder_runtime.TTBuilderRuntimeException: where expected condition to be a boolean tensor, but got a tensor with dtype Float
FAILED test/python/golden/ttir_ops/eltwise/test_ttir_ternary.py::test_ternary_eltwise_ops_implicit_broadcast[ttnn-f32-f32-f32-8x16x32-8x16x32-1x16x32] - builder.base.builder_runtime.TTBuilderRuntimeException: where expected condition to be a boolean tensor, but got a tensor with dtype Float
FAILED test/python/golden/ttir_ops/eltwise/test_ttir_ternary.py::test_ternary_eltwise_ops_implicit_broadcast[ttnn-f32-f32-f32-8x16x32-1x1x32-1x1x32] - builder.base.builder_runtime.TTBuilderRuntimeException: where expected condition to be a boolean tensor, but got a tensor with dtype Float
FAILED test/python/golden/ttir_ops/eltwise/test_ttir_ternary.py::test_ternary_eltwise_ops_implicit_broadcast[ttnn-f32-f32-f32-8x16x32-1x16x32-8x16x32] - builder.base.builder_runtime.TTBuilderRuntimeException: where expected condition to be a boolean tensor, but got a tensor with dtype Float
FAILED test/python/golden/ttir_ops/eltwise/test_ttir_ternary.py::test_ternary_eltwise_ops_implicit_broadcast[ttnn-f32-f32-f32-32x64-32x64-1x64] - builder.base.builder_runtime.TTBuilderRuntimeException: where expected condition to be a boolean tensor, but got a tensor with dtype Float
FAILED test/python/golden/ttir_ops/eltwise/test_ttir_ternary.py::test_ternary_eltwise_ops_implicit_broadcast[ttnn-f32-f32-f32-1x4x1-1x4x768-1x1x1] - builder.base.builder_runtime.TTBuilderRuntimeException: where expected condition to be a boolean tensor, but got a tensor with dtype Float
FAILED test/python/golden/ttir_ops/eltwise/test_ttir_ternary.py::test_ternary_eltwise_ops_implicit_broadcast[ttnn-f32-f32-f32-1x32-64x32-64x1] - builder.base.builder_runtime.TTBuilderRuntimeException: where expected condition to be a boolean tensor, but got a tensor with dtype Float
FAILED test/python/golden/ttir_ops/eltwise/test_ttir_ternary.py::test_ternary_eltwise_ops_implicit_broadcast[ttnn-f32-f32-f32-1x1x32-8x16x32-1x1x32] - builder.base.builder_runtime.TTBuilderRuntimeException: where expected condition to be a boolean tensor, but got a tensor with dtype Float
FAILED test/python/golden/ttir_ops/eltwise/test_ttir_ternary.py::test_ternary_eltwise_ops_implicit_broadcast[ttnn-f32-f32-f32-1x1x32-1x1x32-8x16x32] - builder.base.builder_runtime.TTBuilderRuntimeException: where expected condition to be a boolean tensor, but got a tensor with dtype Float
FAILED test/python/golden/ttir_ops/eltwise/test_ttir_ternary.py::test_ternary_eltwise_ops_implicit_broadcast[ttnn-f32-f32-f32-1x1x1x4-1x1x1x1-1x1x1x1] - builder.base.builder_runtime.TTBuilderRuntimeException: where expected condition to be a boolean tensor, but got a tensor with dtype Float
FAILED test/python/golden/ttir_ops/eltwise/test_ttir_ternary.py::test_ternary_eltwise_ops_implicit_broadcast[ttnn-f32-f32-f32-1x16x32-8x1x32-8x16x1] - builder.base.builder_runtime.TTBuilderRuntimeException: where expected condition to be a boolean tensor, but got a tensor with dtype Float
FAILED test/python/golden/ttir_ops/eltwise/test_ttir_ternary.py::test_ternary_eltwise_ops_implicit_broadcast[ttnn-f32-f32-f32-1x16x32-8x16x32-8x16x32] - builder.base.builder_runtime.TTBuilderRuntimeException: where expected condition to be a boolean tensor, but got a tensor with dtype Float
FAILED test/python/golden/ttir_ops/eltwise/test_ttir_ternary.py::test_ternary_eltwise_ops_implicit_broadcast[ttnn-f32-f32-f32-128x128-1x128-128x128] - builder.base.builder_runtime.TTBuilderRuntimeException: where expected condition to be a boolean tensor, but got a tensor with dtype Float
FAILED test/python/golden/ttir_ops/eltwise/test_ttir_ternary.py::test_ternary_eltwise_ops_implicit_broadcast[ttnn-bf16-bf16-bf16-8x16x32-8x16x32-1x16x32] - builder.base.builder_runtime.TTBuilderRuntimeException: where expected condition to be a boolean tensor, but got a tensor with dtype BFloat16
FAILED test/python/golden/ttir_ops/eltwise/test_ttir_ternary.py::test_ternary_eltwise_ops_implicit_broadcast[ttnn-bf16-bf16-bf16-8x16x32-1x1x32-1x1x32] - builder.base.builder_runtime.TTBuilderRuntimeException: where expected condition to be a boolean tensor, but got a tensor with dtype BFloat16
FAILED test/python/golden/ttir_ops/eltwise/test_ttir_ternary.py::test_ternary_eltwise_ops_implicit_broadcast[ttnn-bf16-bf16-bf16-8x16x32-1x16x32-8x16x32] - builder.base.builder_runtime.TTBuilderRuntimeException: where expected condition to be a boolean tensor, but got a tensor with dtype BFloat16
FAILED test/python/golden/ttir_ops/eltwise/test_ttir_ternary.py::test_ternary_eltwise_ops_implicit_broadcast[ttnn-bf16-bf16-bf16-32x64-32x64-1x64] - builder.base.builder_runtime.TTBuilderRuntimeException: where expected condition to be a boolean tensor, but got a tensor with dtype BFloat16
FAILED test/python/golden/ttir_ops/eltwise/test_ttir_ternary.py::test_ternary_eltwise_ops_implicit_broadcast[ttnn-bf16-bf16-bf16-1x4x1-1x4x768-1x1x1] - builder.base.builder_runtime.TTBuilderRuntimeException: where expected condition to be a boolean tensor, but got a tensor with dtype BFloat16
FAILED test/python/golden/ttir_ops/eltwise/test_ttir_ternary.py::test_ternary_eltwise_ops_implicit_broadcast[ttnn-bf16-bf16-bf16-1x32-64x32-64x1] - builder.base.builder_runtime.TTBuilderRuntimeException: where expected condition to be a boolean tensor, but got a tensor with dtype BFloat16
FAILED test/python/golden/ttir_ops/eltwise/test_ttir_ternary.py::test_ternary_eltwise_ops_implicit_broadcast[ttnn-bf16-bf16-bf16-1x1x32-8x16x32-1x1x32] - builder.base.builder_runtime.TTBuilderRuntimeException: where expected condition to be a boolean tensor, but got a tensor with dtype BFloat16
FAILED test/python/golden/ttir_ops/eltwise/test_ttir_ternary.py::test_ternary_eltwise_ops_implicit_broadcast[ttnn-bf16-bf16-bf16-1x1x32-1x1x32-8x16x32] - builder.base.builder_runtime.TTBuilderRuntimeException: where expected condition to be a boolean tensor, but got a tensor with dtype BFloat16
FAILED test/python/golden/ttir_ops/eltwise/test_ttir_ternary.py::test_ternary_eltwise_ops_implicit_broadcast[ttnn-bf16-bf16-bf16-1x1x1x4-1x1x1x1-1x1x1x1] - builder.base.builder_runtime.TTBuilderRuntimeException: where expected condition to be a boolean tensor, but got a tensor with dtype BFloat16
FAILED test/python/golden/ttir_ops/eltwise/test_ttir_ternary.py::test_ternary_eltwise_ops_implicit_broadcast[ttnn-bf16-bf16-bf16-1x16x32-8x1x32-8x16x1] - builder.base.builder_runtime.TTBuilderRuntimeException: where expected condition to be a boolean tensor, but got a tensor with dtype BFloat16
FAILED test/python/golden/ttir_ops/eltwise/test_ttir_ternary.py::test_ternary_eltwise_ops_implicit_broadcast[ttnn-bf16-bf16-bf16-1x16x32-8x16x32-8x16x32] - builder.base.builder_runtime.TTBuilderRuntimeException: where expected condition to be a boolean tensor, but got a tensor with dtype BFloat16
FAILED test/python/golden/ttir_ops/eltwise/test_ttir_ternary.py::test_ternary_eltwise_ops_implicit_broadcast[ttnn-bf16-bf16-bf16-128x128-1x128-128x128] - builder.base.builder_runtime.TTBuilderRuntimeException: where expected condition to be a boolean tensor, but got a tensor with dtype BFloat16
FAILED test/python/golden/ttir_ops/eltwise/test_ttir_ternary.py::test_hoisted_clamp_scalar[ttnn-0.8--0.5-64x128] - builder.base.builder_runtime.TTBuilderRuntimeException: ttnn_from_device_golden() takes 1 positional argument but 2 were given
FAILED test/python/golden/ttir_ops/eltwise/test_ttir_binary.py::test_hoisted_logical_shift_ops[ttnn-logical_right_shift-i32-128x128] - builder.base.builder_runtime.TTBuilderRuntimeException: ttnn_from_device_golden() takes 1 positional argument but 2 were given
FAILED test/python/golden/ttir_ops/eltwise/test_ttir_binary.py::test_hoisted_logical_shift_ops[ttnn-logical_left_shift-i32-128x128] - builder.base.builder_runtime.TTBuilderRuntimeException: ttnn_from_device_golden() takes 1 positional argument but 2 were given
FAILED test/python/golden/ttir_ops/eltwise/test_ttir_binary.py::test_hoisted_logical_ops[logical_xor-ttnn-i32-128x128] - builder.base.builder_runtime.TTBuilderRuntimeException: ttnn_from_device_golden() takes 1 positional argument but 2 were given
FAILED test/python/golden/ttir_ops/eltwise/test_ttir_binary.py::test_hoisted_logical_ops[logical_xor-ttnn-f32-128x128] - builder.base.builder_runtime.TTBuilderRuntimeException: ttnn_from_device_golden() takes 1 positional argument but 2 were given
FAILED test/python/golden/ttir_ops/eltwise/test_ttir_binary.py::test_hoisted_logical_ops[logical_or-ttnn-i32-128x128] - builder.base.builder_runtime.TTBuilderRuntimeException: ttnn_from_device_golden() takes 1 positional argument but 2 were given
FAILED test/python/golden/ttir_ops/eltwise/test_ttir_binary.py::test_hoisted_logical_ops[logical_or-ttnn-f32-128x128] - builder.base.builder_runtime.TTBuilderRuntimeException: ttnn_from_device_golden() takes 1 positional argument but 2 were given
FAILED test/python/golden/ttir_ops/eltwise/test_ttir_binary.py::test_hoisted_logical_ops[logical_and-ttnn-i32-128x128] - builder.base.builder_runtime.TTBuilderRuntimeException: ttnn_from_device_golden() takes 1 positional argument but 2 were given
FAILED test/python/golden/ttir_ops/eltwise/test_ttir_binary.py::test_hoisted_logical_ops[logical_and-ttnn-f32-128x128] - builder.base.builder_runtime.TTBuilderRuntimeException: ttnn_from_device_golden() takes 1 positional argument but 2 were given
FAILED test/python/golden/ttir_ops/eltwise/test_ttir_binary.py::test_cpu_hoistable_binary_ops_integer[ttnn-bitwise_xor-i32-7x41x43x11-7x41x43x11] - builder.base.builder_runtime.TTBuilderRuntimeException: ttnn_from_device_golden() takes 1 positional argument but 2 were given
FAILED test/python/golden/ttir_ops/eltwise/test_ttir_binary.py::test_cpu_hoistable_binary_ops_integer[ttnn-bitwise_xor-i32-1x32-32x1] - builder.base.builder_runtime.TTBuilderRuntimeException: ttnn_from_device_golden() takes 1 positional argument but 2 were given
FAILED test/python/golden/ttir_ops/eltwise/test_ttir_binary.py::test_cpu_hoistable_binary_ops_integer[ttnn-bitwise_xor-i32-1x32-1x32] - builder.base.builder_runtime.TTBuilderRuntimeException: ttnn_from_device_golden() takes 1 positional argument but 2 were given
FAILED test/python/golden/ttir_ops/eltwise/test_ttir_binary.py::test_cpu_hoistable_binary_ops_integer[ttnn-bitwise_xor-i32-1x1x64-128x128x64] - builder.base.builder_runtime.TTBuilderRuntimeException: ttnn_from_device_golden() takes 1 positional argument but 2 were given
FAILED test/python/golden/ttir_ops/eltwise/test_ttir_binary.py::test_cpu_hoistable_binary_ops_integer[ttnn-bitwise_xor-i32-1x1-32x32] - builder.base.builder_runtime.TTBuilderRuntimeException: ttnn_from_device_golden() takes 1 positional argument but 2 were given
FAILED test/python/golden/ttir_ops/eltwise/test_ttir_binary.py::test_cpu_hoistable_binary_ops_integer[ttnn-bitwise_xor-i32-128x128x64-128x1x64] - builder.base.builder_runtime.TTBuilderRuntimeException: ttnn_from_device_golden() takes 1 positional argument but 2 were given
FAILED test/python/golden/ttir_ops/eltwise/test_ttir_binary.py::test_cpu_hoistable_binary_ops_integer[ttnn-bitwise_xor-i32-128x128-1x128] - builder.base.builder_runtime.TTBuilderRuntimeException: ttnn_from_device_golden() takes 1 positional argument but 2 were given
FAILED test/python/golden/ttir_ops/eltwise/test_ttir_binary.py::test_cpu_hoistable_binary_ops_integer[ttnn-bitwise_xor-i32-128x128-128x1] - builder.base.builder_runtime.TTBuilderRuntimeException: ttnn_from_device_golden() takes 1 positional argument but 2 were given
FAILED test/python/golden/ttir_ops/eltwise/test_ttir_binary.py::test_cpu_hoistable_binary_ops_integer[ttnn-bitwise_xor-i32-128x128-128x128] - builder.base.builder_runtime.TTBuilderRuntimeException: ttnn_from_device_golden() takes 1 positional argument but 2 were given
FAILED test/python/golden/ttir_ops/eltwise/test_ttir_binary.py::test_cpu_hoistable_binary_ops_integer[ttnn-bitwise_or-i32-7x41x43x11-7x41x43x11] - builder.base.builder_runtime.TTBuilderRuntimeException: ttnn_from_device_golden() takes 1 positional argument but 2 were given
FAILED test/python/golden/ttir_ops/eltwise/test_ttir_binary.py::test_cpu_hoistable_binary_ops_integer[ttnn-bitwise_or-i32-1x32-32x1] - builder.base.builder_runtime.TTBuilderRuntimeException: ttnn_from_device_golden() takes 1 positional argument but 2 were given
FAILED test/python/golden/ttir_ops/eltwise/test_ttir_binary.py::test_cpu_hoistable_binary_ops_integer[ttnn-bitwise_or-i32-1x32-1x32] - builder.base.builder_runtime.TTBuilderRuntimeException: ttnn_from_device_golden() takes 1 positional argument but 2 were given
FAILED test/python/golden/ttir_ops/eltwise/test_ttir_binary.py::test_cpu_hoistable_binary_ops_integer[ttnn-bitwise_or-i32-1x1x64-128x128x64] - builder.base.builder_runtime.TTBuilderRuntimeException: ttnn_from_device_golden() takes 1 positional argument but 2 were given
FAILED test/python/golden/ttir_ops/eltwise/test_ttir_binary.py::test_cpu_hoistable_binary_ops_integer[ttnn-bitwise_or-i32-1x1-32x32] - builder.base.builder_runtime.TTBuilderRuntimeException: ttnn_from_device_golden() takes 1 positional argument but 2 were given
FAILED test/python/golden/ttir_ops/eltwise/test_ttir_binary.py::test_cpu_hoistable_binary_ops_integer[ttnn-bitwise_or-i32-128x128x64-128x1x64] - builder.base.builder_runtime.TTBuilderRuntimeException: ttnn_from_device_golden() takes 1 positional argument but 2 were given
FAILED test/python/golden/ttir_ops/eltwise/test_ttir_binary.py::test_cpu_hoistable_binary_ops_integer[ttnn-bitwise_or-i32-128x128-1x128] - builder.base.builder_runtime.TTBuilderRuntimeException: ttnn_from_device_golden() takes 1 positional argument but 2 were given
FAILED test/python/golden/ttir_ops/eltwise/test_ttir_binary.py::test_cpu_hoistable_binary_ops_integer[ttnn-bitwise_or-i32-128x128-128x1] - builder.base.builder_runtime.TTBuilderRuntimeException: ttnn_from_device_golden() takes 1 positional argument but 2 were given
FAILED test/python/golden/ttir_ops/eltwise/test_ttir_binary.py::test_cpu_hoistable_binary_ops_integer[ttnn-bitwise_or-i32-128x128-128x128] - builder.base.builder_runtime.TTBuilderRuntimeException: ttnn_from_device_golden() takes 1 positional argument but 2 were given
FAILED test/python/golden/ttir_ops/eltwise/test_ttir_binary.py::test_cpu_hoistable_binary_ops_integer[ttnn-bitwise_and-i32-7x41x43x11-7x41x43x11] - builder.base.builder_runtime.TTBuilderRuntimeException: ttnn_from_device_golden() takes 1 positional argument but 2 were given
FAILED test/python/golden/ttir_ops/eltwise/test_ttir_binary.py::test_cpu_hoistable_binary_ops_integer[ttnn-bitwise_and-i32-1x32-32x1] - builder.base.builder_runtime.TTBuilderRuntimeException: ttnn_from_device_golden() takes 1 positional argument but 2 were given
FAILED test/python/golden/ttir_ops/eltwise/test_ttir_binary.py::test_cpu_hoistable_binary_ops_integer[ttnn-bitwise_and-i32-1x32-1x32] - builder.base.builder_runtime.TTBuilderRuntimeException: ttnn_from_device_golden() takes 1 positional argument but 2 were given
FAILED test/python/golden/ttir_ops/eltwise/test_ttir_binary.py::test_cpu_hoistable_binary_ops_integer[ttnn-bitwise_and-i32-1x1x64-128x128x64] - builder.base.builder_runtime.TTBuilderRuntimeException: ttnn_from_device_golden() takes 1 positional argument but 2 were given
FAILED test/python/golden/ttir_ops/eltwise/test_ttir_binary.py::test_cpu_hoistable_binary_ops_integer[ttnn-bitwise_and-i32-1x1-32x32] - builder.base.builder_runtime.TTBuilderRuntimeException: ttnn_from_device_golden() takes 1 positional argument but 2 were given
FAILED test/python/golden/ttir_ops/eltwise/test_ttir_binary.py::test_cpu_hoistable_binary_ops_integer[ttnn-bitwise_and-i32-128x128x64-128x1x64] - builder.base.builder_runtime.TTBuilderRuntimeException: ttnn_from_device_golden() takes 1 positional argument but 2 were given
FAILED test/python/golden/ttir_ops/eltwise/test_ttir_binary.py::test_cpu_hoistable_binary_ops_integer[ttnn-bitwise_and-i32-128x128-1x128] - builder.base.builder_runtime.TTBuilderRuntimeException: ttnn_from_device_golden() takes 1 positional argument but 2 were given
FAILED test/python/golden/ttir_ops/eltwise/test_ttir_binary.py::test_cpu_hoistable_binary_ops_integer[ttnn-bitwise_and-i32-128x128-128x1] - builder.base.builder_runtime.TTBuilderRuntimeException: ttnn_from_device_golden() takes 1 positional argument but 2 were given
FAILED test/python/golden/ttir_ops/eltwise/test_ttir_binary.py::test_cpu_hoistable_binary_ops_integer[ttnn-bitwise_and-i32-128x128-128x128] - builder.base.builder_runtime.TTBuilderRuntimeException: ttnn_from_device_golden() takes 1 positional argument but 2 were given
FAILED test/python/golden/ttir_ops/eltwise/test_ttir_binary.py::test_cpu_hoistable_binary_ops_float_integer[ttnn-subtract-i32-7x41x43x11-7x41x43x11] - builder.base.builder_runtime.TTBuilderRuntimeException: ttnn_from_device_golden() takes 1 positional argument but 2 were given
FAILED test/python/golden/ttir_ops/eltwise/test_ttir_binary.py::test_cpu_hoistable_binary_ops_float_integer[ttnn-subtract-i32-1x32-32x1] - builder.base.builder_runtime.TTBuilderRuntimeException: ttnn_from_device_golden() takes 1 positional argument but 2 were given
FAILED test/python/golden/ttir_ops/eltwise/test_ttir_binary.py::test_cpu_hoistable_binary_ops_float_integer[ttnn-subtract-i32-1x32-1x32] - builder.base.builder_runtime.TTBuilderRuntimeException: ttnn_from_device_golden() takes 1 positional argument but 2 were given
FAILED test/python/golden/ttir_ops/eltwise/test_ttir_binary.py::test_cpu_hoistable_binary_ops_float_integer[ttnn-subtract-i32-1x1x64-128x128x64] - builder.base.builder_runtime.TTBuilderRuntimeException: ttnn_from_device_golden() takes 1 positional argument but 2 were given
FAILED test/python/golden/ttir_ops/eltwise/test_ttir_binary.py::test_cpu_hoistable_binary_ops_float_integer[ttnn-subtract-i32-1x1-32x32] - builder.base.builder_runtime.TTBuilderRuntimeException: ttnn_from_device_golden() takes 1 positional argument but 2 were given
FAILED test/python/golden/ttir_ops/eltwise/test_ttir_binary.py::test_cpu_hoistable_binary_ops_float_integer[ttnn-subtract-i32-128x128x64-128x1x64] - builder.base.builder_runtime.TTBuilderRuntimeException: ttnn_from_device_golden() takes 1 positional argument but 2 were given
FAILED test/python/golden/ttir_ops/eltwise/test_ttir_binary.py::test_cpu_hoistable_binary_ops_float_integer[ttnn-subtract-i32-128x128-1x128] - builder.base.builder_runtime.TTBuilderRuntimeException: ttnn_from_device_golden() takes 1 positional argument but 2 were given
FAILED test/python/golden/ttir_ops/eltwise/test_ttir_binary.py::test_cpu_hoistable_binary_ops_float_integer[ttnn-subtract-i32-128x128-128x1] - builder.base.builder_runtime.TTBuilderRuntimeException: ttnn_from_device_golden() takes 1 positional argument but 2 were given
FAILED test/python/golden/ttir_ops/eltwise/test_ttir_binary.py::test_cpu_hoistable_binary_ops_float_integer[ttnn-subtract-i32-128x128-128x128] - builder.base.builder_runtime.TTBuilderRuntimeException: ttnn_from_device_golden() takes 1 positional argument but 2 were given
FAILED test/python/golden/ttir_ops/eltwise/test_ttir_binary.py::test_cpu_hoistable_binary_ops_float_integer[ttnn-subtract-f32-7x41x43x11-7x41x43x11] - builder.base.builder_runtime.TTBuilderRuntimeException: ttnn_from_device_golden() takes 1 positional argument but 2 were given
FAILED test/python/golden/ttir_ops/eltwise/test_ttir_binary.py::test_cpu_hoistable_binary_ops_float_integer[ttnn-subtract-f32-1x32-32x1] - builder.base.builder_runtime.TTBuilderRuntimeException: ttnn_from_device_golden() takes 1 positional argument but 2 were given
FAILED test/python/golden/ttir_ops/eltwise/test_ttir_binary.py::test_cpu_hoistable_binary_ops_float_integer[ttnn-subtract-f32-1x32-1x32] - builder.base.builder_runtime.TTBuilderRuntimeException: ttnn_from_device_golden() takes 1 positional argument but 2 were given
FAILED test/python/golden/ttir_ops/eltwise/test_ttir_binary.py::test_cpu_hoistable_binary_ops_float_integer[ttnn-subtract-f32-1x1x64-128x128x64] - builder.base.builder_runtime.TTBuilderRuntimeException: ttnn_from_device_golden() takes 1 positional argument but 2 were given
FAILED test/python/golden/ttir_ops/eltwise/test_ttir_binary.py::test_cpu_hoistable_binary_ops_float_integer[ttnn-subtract-f32-1x1-32x32] - builder.base.builder_runtime.TTBuilderRuntimeException: ttnn_from_device_golden() takes 1 positional argument but 2 were given
FAILED test/python/golden/ttir_ops/eltwise/test_ttir_binary.py::test_cpu_hoistable_binary_ops_float_integer[ttnn-subtract-f32-128x128x64-128x1x64] - builder.base.builder_runtime.TTBuilderRuntimeException: ttnn_from_device_golden() takes 1 positional argument but 2 were given
FAILED test/python/golden/ttir_ops/eltwise/test_ttir_binary.py::test_cpu_hoistable_binary_ops_float_integer[ttnn-subtract-f32-128x128-1x128] - builder.base.builder_runtime.TTBuilderRuntimeException: ttnn_from_device_golden() takes 1 positional argument but 2 were given
FAILED test/python/golden/ttir_ops/eltwise/test_ttir_binary.py::test_cpu_hoistable_binary_ops_float_integer[ttnn-subtract-f32-128x128-128x1] - builder.base.builder_runtime.TTBuilderRuntimeException: ttnn_from_device_golden() takes 1 positional argument but 2 were given
FAILED test/python/golden/ttir_ops/eltwise/test_ttir_binary.py::test_cpu_hoistable_binary_ops_float_integer[ttnn-subtract-f32-128x128-128x128] - builder.base.builder_runtime.TTBuilderRuntimeException: ttnn_from_device_golden() takes 1 positional argument but 2 were given
FAILED test/python/golden/ttir_ops/eltwise/test_ttir_binary.py::test_cpu_hoistable_binary_ops_float_integer[ttnn-remainder-i32-7x41x43x11-7x41x43x11] - builder.base.builder_runtime.TTBuilderRuntimeException: ttnn_from_device_golden() takes 1 positional argument but 2 were given
FAILED test/python/golden/ttir_ops/eltwise/test_ttir_binary.py::test_cpu_hoistable_binary_ops_float_integer[ttnn-remainder-i32-1x32-32x1] - builder.base.builder_runtime.TTBuilderRuntimeException: ttnn_from_device_golden() takes 1 positional argument but 2 were given
FAILED test/python/golden/ttir_ops/eltwise/test_ttir_binary.py::test_cpu_hoistable_binary_ops_float_integer[ttnn-remainder-i32-1x32-1x32] - builder.base.builder_runtime.TTBuilderRuntimeException: ttnn_from_device_golden() takes 1 positional argument but 2 were given
FAILED test/python/golden/ttir_ops/eltwise/test_ttir_binary.py::test_cpu_hoistable_binary_ops_float_integer[ttnn-remainder-i32-1x1x64-128x128x64] - builder.base.builder_runtime.TTBuilderRuntimeException: ttnn_from_device_golden() takes 1 positional argument but 2 were given
FAILED test/python/golden/ttir_ops/eltwise/test_ttir_binary.py::test_cpu_hoistable_binary_ops_float_integer[ttnn-remainder-i32-1x1-32x32] - builder.base.builder_runtime.TTBuilderRuntimeException: ttnn_from_device_golden() takes 1 positional argument but 2 were given
FAILED test/python/golden/ttir_ops/eltwise/test_ttir_binary.py::test_cpu_hoistable_binary_ops_float_integer[ttnn-remainder-i32-128x128x64-128x1x64] - builder.base.builder_runtime.TTBuilderRuntimeException: ttnn_from_device_golden() takes 1 positional argument but 2 were given
FAILED test/python/golden/ttir_ops/eltwise/test_ttir_binary.py::test_cpu_hoistable_binary_ops_float_integer[ttnn-remainder-i32-128x128-1x128] - builder.base.builder_runtime.TTBuilderRuntimeException: ttnn_from_device_golden() takes 1 positional argument but 2 were given
FAILED test/python/golden/ttir_ops/eltwise/test_ttir_binary.py::test_cpu_hoistable_binary_ops_float_integer[ttnn-remainder-i32-128x128-128x1] - builder.base.builder_runtime.TTBuilderRuntimeException: ttnn_from_device_golden() takes 1 positional argument but 2 were given
FAILED test/python/golden/ttir_ops/eltwise/test_ttir_binary.py::test_cpu_hoistable_binary_ops_float_integer[ttnn-remainder-i32-128x128-128x128] - builder.base.builder_runtime.TTBuilderRuntimeException: ttnn_from_device_golden() takes 1 positional argument but 2 were given
FAILED test/python/golden/ttir_ops/eltwise/test_ttir_binary.py::test_cpu_hoistable_binary_ops_float_integer[ttnn-remainder-f32-7x41x43x11-7x41x43x11] - builder.base.builder_runtime.TTBuilderRuntimeException: ttnn_from_device_golden() takes 1 positional argument but 2 were given
FAILED test/python/golden/ttir_ops/eltwise/test_ttir_binary.py::test_cpu_hoistable_binary_ops_float_integer[ttnn-remainder-f32-1x32-32x1] - builder.base.builder_runtime.TTBuilderRuntimeException: ttnn_from_device_golden() takes 1 positional argument but 2 were given
FAILED test/python/golden/ttir_ops/eltwise/test_ttir_binary.py::test_cpu_hoistable_binary_ops_float_integer[ttnn-remainder-f32-1x32-1x32] - builder.base.builder_runtime.TTBuilderRuntimeException: ttnn_from_device_golden() takes 1 positional argument but 2 were given
FAILED test/python/golden/ttir_ops/eltwise/test_ttir_binary.py::test_cpu_hoistable_binary_ops_float_integer[ttnn-remainder-f32-1x1x64-128x128x64] - builder.base.builder_runtime.TTBuilderRuntimeException: ttnn_from_device_golden() takes 1 positional argument but 2 were given
FAILED test/python/golden/ttir_ops/eltwise/test_ttir_binary.py::test_cpu_hoistable_binary_ops_float_integer[ttnn-remainder-f32-1x1-32x32] - builder.base.builder_runtime.TTBuilderRuntimeException: ttnn_from_device_golden() takes 1 positional argument but 2 were given
FAILED test/python/golden/ttir_ops/eltwise/test_ttir_binary.py::test_cpu_hoistable_binary_ops_float_integer[ttnn-remainder-f32-128x128x64-128x1x64] - builder.base.builder_runtime.TTBuilderRuntimeException: ttnn_from_device_golden() takes 1 positional argument but 2 were given
FAILED test/python/golden/ttir_ops/eltwise/test_ttir_binary.py::test_cpu_hoistable_binary_ops_float_integer[ttnn-remainder-f32-128x128-1x128] - builder.base.builder_runtime.TTBuilderRuntimeException: ttnn_from_device_golden() takes 1 positional argument but 2 were given
FAILED test/python/golden/ttir_ops/eltwise/test_ttir_binary.py::test_cpu_hoistable_binary_ops_float_integer[ttnn-remainder-f32-128x128-128x1] - builder.base.builder_runtime.TTBuilderRuntimeException: ttnn_from_device_golden() takes 1 positional argument but 2 were given
FAILED test/python/golden/ttir_ops/eltwise/test_ttir_binary.py::test_cpu_hoistable_binary_ops_float_integer[ttnn-remainder-f32-128x128-128x128] - builder.base.builder_runtime.TTBuilderRuntimeException: ttnn_from_device_golden() takes 1 positional argument but 2 were given
FAILED test/python/golden/ttir_ops/eltwise/test_ttir_binary.py::test_cpu_hoistable_binary_ops_float_integer[ttnn-ne-i32-7x41x43x11-7x41x43x11] - builder.base.builder_runtime.TTBuilderRuntimeException: ttnn_from_device_golden() takes 1 positional argument but 2 were given
FAILED test/python/golden/ttir_ops/eltwise/test_ttir_binary.py::test_cpu_hoistable_binary_ops_float_integer[ttnn-ne-i32-1x32-32x1] - builder.base.builder_runtime.TTBuilderRuntimeException: ttnn_from_device_golden() takes 1 positional argument but 2 were given
FAILED test/python/golden/ttir_ops/eltwise/test_ttir_binary.py::test_cpu_hoistable_binary_ops_float_integer[ttnn-ne-i32-1x32-1x32] - builder.base.builder_runtime.TTBuilderRuntimeException: ttnn_from_device_golden() takes 1 positional argument but 2 were given
FAILED test/python/golden/ttir_ops/eltwise/test_ttir_binary.py::test_cpu_hoistable_binary_ops_float_integer[ttnn-ne-i32-1x1x64-128x128x64] - builder.base.builder_runtime.TTBuilderRuntimeException: ttnn_from_device_golden() takes 1 positional argument but 2 were given
FAILED test/python/golden/ttir_ops/eltwise/test_ttir_binary.py::test_cpu_hoistable_binary_ops_float_integer[ttnn-ne-i32-1x1-32x32] - builder.base.builder_runtime.TTBuilderRuntimeException: ttnn_from_device_golden() takes 1 positional argument but 2 were given
FAILED test/python/golden/ttir_ops/eltwise/test_ttir_binary.py::test_cpu_hoistable_binary_ops_float_integer[ttnn-ne-i32-128x128x64-128x1x64] - builder.base.builder_runtime.TTBuilderRuntimeException: ttnn_from_device_golden() takes 1 positional argument but 2 were given
FAILED test/python/golden/ttir_ops/eltwise/test_ttir_binary.py::test_cpu_hoistable_binary_ops_float_integer[ttnn-ne-i32-128x128-1x128] - builder.base.builder_runtime.TTBuilderRuntimeException: ttnn_from_device_golden() takes 1 positional argument but 2 were given
FAILED test/python/golden/ttir_ops/eltwise/test_ttir_binary.py::test_cpu_hoistable_binary_ops_float_integer[ttnn-ne-i32-128x128-128x1] - builder.base.builder_runtime.TTBuilderRuntimeException: ttnn_from_device_golden() takes 1 positional argument but 2 were given
FAILED test/python/golden/ttir_ops/eltwise/test_ttir_binary.py::test_cpu_hoistable_binary_ops_float_integer[ttnn-ne-i32-128x128-128x128] - builder.base.builder_runtime.TTBuilderRuntimeException: ttnn_from_device_golden() takes 1 positional argument but 2 were given
FAILED test/python/golden/ttir_ops/eltwise/test_ttir_binary.py::test_cpu_hoistable_binary_ops_float_integer[ttnn-ne-f32-7x41x43x11-7x41x43x11] - builder.base.builder_runtime.TTBuilderRuntimeException: ttnn_from_device_golden() takes 1 positional argument but 2 were given
FAILED test/python/golden/ttir_ops/eltwise/test_ttir_binary.py::test_cpu_hoistable_binary_ops_float_integer[ttnn-ne-f32-1x32-32x1] - builder.base.builder_runtime.TTBuilderRuntimeException: ttnn_from_device_golden() takes 1 positional argument but 2 were given
FAILED test/python/golden/ttir_ops/eltwise/test_ttir_binary.py::test_cpu_hoistable_binary_ops_float_integer[ttnn-ne-f32-1x32-1x32] - builder.base.builder_runtime.TTBuilderRuntimeException: ttnn_from_device_golden() takes 1 positional argument but 2 were given
FAILED test/python/golden/ttir_ops/eltwise/test_ttir_binary.py::test_cpu_hoistable_binary_ops_float_integer[ttnn-ne-f32-1x1x64-128x128x64] - builder.base.builder_runtime.TTBuilderRuntimeException: ttnn_from_device_golden() takes 1 positional argument but 2 were given
FAILED test/python/golden/ttir_ops/eltwise/test_ttir_binary.py::test_cpu_hoistable_binary_ops_float_integer[ttnn-ne-f32-1x1-32x32] - builder.base.builder_runtime.TTBuilderRuntimeException: ttnn_from_device_golden() takes 1 positional argument but 2 were given
FAILED test/python/golden/ttir_ops/eltwise/test_ttir_binary.py::test_cpu_hoistable_binary_ops_float_integer[ttnn-ne-f32-128x128x64-128x1x64] - builder.base.builder_runtime.TTBuilderRuntimeException: ttnn_from_device_golden() takes 1 positional argument but 2 were given
FAILED test/python/golden/ttir_ops/eltwise/test_ttir_binary.py::test_cpu_hoistable_binary_ops_float_integer[ttnn-ne-f32-128x128-1x128] - builder.base.builder_runtime.TTBuilderRuntimeException: ttnn_from_device_golden() takes 1 positional argument but 2 were given
FAILED test/python/golden/ttir_ops/eltwise/test_ttir_binary.py::test_cpu_hoistable_binary_ops_float_integer[ttnn-ne-f32-128x128-128x1] - builder.base.builder_runtime.TTBuilderRuntimeException: ttnn_from_device_golden() takes 1 positional argument but 2 were given
FAILED test/python/golden/ttir_ops/eltwise/test_ttir_binary.py::test_cpu_hoistable_binary_ops_float_integer[ttnn-ne-f32-128x128-128x128] - builder.base.builder_runtime.TTBuilderRuntimeException: ttnn_from_device_golden() takes 1 positional argument but 2 were given
FAILED test/python/golden/ttir_ops/eltwise/test_ttir_binary.py::test_cpu_hoistable_binary_ops_float_integer[ttnn-multiply-i32-7x41x43x11-7x41x43x11] - builder.base.builder_runtime.TTBuilderRuntimeException: ttnn_from_device_golden() takes 1 positional argument but 2 were given
FAILED test/python/golden/ttir_ops/eltwise/test_ttir_binary.py::test_cpu_hoistable_binary_ops_float_integer[ttnn-multiply-i32-1x32-32x1] - builder.base.builder_runtime.TTBuilderRuntimeException: ttnn_from_device_golden() takes 1 positional argument but 2 were given
FAILED test/python/golden/ttir_ops/eltwise/test_ttir_binary.py::test_cpu_hoistable_binary_ops_float_integer[ttnn-multiply-i32-1x32-1x32] - builder.base.builder_runtime.TTBuilderRuntimeException: ttnn_from_device_golden() takes 1 positional argument but 2 were given
FAILED test/python/golden/ttir_ops/eltwise/test_ttir_binary.py::test_cpu_hoistable_binary_ops_float_integer[ttnn-multiply-i32-1x1x64-128x128x64] - builder.base.builder_runtime.TTBuilderRuntimeException: ttnn_from_device_golden() takes 1 positional argument but 2 were given
FAILED test/python/golden/ttir_ops/eltwise/test_ttir_binary.py::test_cpu_hoistable_binary_ops_float_integer[ttnn-multiply-i32-1x1-32x32] - builder.base.builder_runtime.TTBuilderRuntimeException: ttnn_from_device_golden() takes 1 positional argument but 2 were given
FAILED test/python/golden/ttir_ops/eltwise/test_ttir_binary.py::test_cpu_hoistable_binary_ops_float_integer[ttnn-multiply-i32-128x128x64-128x1x64] - builder.base.builder_runtime.TTBuilderRuntimeException: ttnn_from_device_golden() takes 1 positional argument but 2 were given
FAILED test/python/golden/ttir_ops/eltwise/test_ttir_binary.py::test_cpu_hoistable_binary_ops_float_integer[ttnn-multiply-i32-128x128-1x128] - builder.base.builder_runtime.TTBuilderRuntimeException: ttnn_from_device_golden() takes 1 positional argument but 2 were given
FAILED test/python/golden/ttir_ops/eltwise/test_ttir_binary.py::test_cpu_hoistable_binary_ops_float_integer[ttnn-multiply-i32-128x128-128x1] - builder.base.builder_runtime.TTBuilderRuntimeException: ttnn_from_device_golden() takes 1 positional argument but 2 were given
FAILED test/python/golden/ttir_ops/eltwise/test_ttir_binary.py::test_cpu_hoistable_binary_ops_float_integer[ttnn-multiply-i32-128x128-128x128] - builder.base.builder_runtime.TTBuilderRuntimeException: ttnn_from_device_golden() takes 1 positional argument but 2 were given
FAILED test/python/golden/ttir_ops/eltwise/test_ttir_binary.py::test_cpu_hoistable_binary_ops_float_integer[ttnn-multiply-f32-7x41x43x11-7x41x43x11] - builder.base.builder_runtime.TTBuilderRuntimeException: ttnn_from_device_golden() takes 1 positional argument but 2 were given
FAILED test/python/golden/ttir_ops/eltwise/test_ttir_binary.py::test_cpu_hoistable_binary_ops_float_integer[ttnn-multiply-f32-1x32-32x1] - builder.base.builder_runtime.TTBuilderRuntimeException: ttnn_from_device_golden() takes 1 positional argument but 2 were given
FAILED test/python/golden/ttir_ops/eltwise/test_ttir_binary.py::test_cpu_hoistable_binary_ops_float_integer[ttnn-multiply-f32-1x32-1x32] - builder.base.builder_runtime.TTBuilderRuntimeException: ttnn_from_device_golden() takes 1 positional argument but 2 were given
FAILED test/python/golden/ttir_ops/eltwise/test_ttir_binary.py::test_cpu_hoistable_binary_ops_float_integer[ttnn-multiply-f32-1x1x64-128x128x64] - builder.base.builder_runtime.TTBuilderRuntimeException: ttnn_from_device_golden() takes 1 positional argument but 2 were given
FAILED test/python/golden/ttir_ops/eltwise/test_ttir_binary.py::test_cpu_hoistable_binary_ops_float_integer[ttnn-multiply-f32-1x1-32x32] - builder.base.builder_runtime.TTBuilderRuntimeException: ttnn_from_device_golden() takes 1 positional argument but 2 were given
FAILED test/python/golden/ttir_ops/eltwise/test_ttir_binary.py::test_cpu_hoistable_binary_ops_float_integer[ttnn-multiply-f32-128x128x64-128x1x64] - builder.base.builder_runtime.TTBuilderRuntimeException: ttnn_from_device_golden() takes 1 positional argument but 2 were given
FAILED test/python/golden/ttir_ops/eltwise/test_ttir_binary.py::test_cpu_hoistable_binary_ops_float_integer[ttnn-multiply-f32-128x128-1x128] - builder.base.builder_runtime.TTBuilderRuntimeException: ttnn_from_device_golden() takes 1 positional argument but 2 were given
FAILED test/python/golden/ttir_ops/eltwise/test_ttir_binary.py::test_cpu_hoistable_binary_ops_float_integer[ttnn-multiply-f32-128x128-128x1] - builder.base.builder_runtime.TTBuilderRuntimeException: ttnn_from_device_golden() takes 1 positional argument but 2 were given
FAILED test/python/golden/ttir_ops/eltwise/test_ttir_binary.py::test_cpu_hoistable_binary_ops_float_integer[ttnn-multiply-f32-128x128-128x128] - builder.base.builder_runtime.TTBuilderRuntimeException: ttnn_from_device_golden() takes 1 positional argument but 2 were given
FAILED test/python/golden/ttir_ops/eltwise/test_ttir_binary.py::test_cpu_hoistable_binary_ops_float_integer[ttnn-minimum-i32-7x41x43x11-7x41x43x11] - builder.base.builder_runtime.TTBuilderRuntimeException: ttnn_from_device_golden() takes 1 positional argument but 2 were given
FAILED test/python/golden/ttir_ops/eltwise/test_ttir_binary.py::test_cpu_hoistable_binary_ops_float_integer[ttnn-minimum-i32-1x32-32x1] - builder.base.builder_runtime.TTBuilderRuntimeException: ttnn_from_device_golden() takes 1 positional argument but 2 were given
FAILED test/python/golden/ttir_ops/eltwise/test_ttir_binary.py::test_cpu_hoistable_binary_ops_float_integer[ttnn-minimum-i32-1x32-1x32] - builder.base.builder_runtime.TTBuilderRuntimeException: ttnn_from_device_golden() takes 1 positional argument but 2 were given
FAILED test/python/golden/ttir_ops/eltwise/test_ttir_binary.py::test_cpu_hoistable_binary_ops_float_integer[ttnn-minimum-i32-1x1x64-128x128x64] - builder.base.builder_runtime.TTBuilderRuntimeException: ttnn_from_device_golden() takes 1 positional argument but 2 were given
FAILED test/python/golden/ttir_ops/eltwise/test_ttir_binary.py::test_cpu_hoistable_binary_ops_float_integer[ttnn-minimum-i32-1x1-32x32] - builder.base.builder_runtime.TTBuilderRuntimeException: ttnn_from_device_golden() takes 1 positional argument but 2 were given
FAILED test/python/golden/ttir_ops/eltwise/test_ttir_binary.py::test_cpu_hoistable_binary_ops_float_integer[ttnn-minimum-i32-128x128x64-128x1x64] - builder.base.builder_runtime.TTBuilderRuntimeException: ttnn_from_device_golden() takes 1 positional argument but 2 were given
FAILED test/python/golden/ttir_ops/eltwise/test_ttir_binary.py::test_cpu_hoistable_binary_ops_float_integer[ttnn-minimum-i32-128x128-1x128] - builder.base.builder_runtime.TTBuilderRuntimeException: ttnn_from_device_golden() takes 1 positional argument but 2 were given
FAILED test/python/golden/ttir_ops/eltwise/test_ttir_binary.py::test_cpu_hoistable_binary_ops_float_integer[ttnn-minimum-i32-128x128-128x1] - builder.base.builder_runtime.TTBuilderRuntimeException: ttnn_from_device_golden() takes 1 positional argument but 2 were given
FAILED test/python/golden/ttir_ops/eltwise/test_ttir_binary.py::test_cpu_hoistable_binary_ops_float_integer[ttnn-minimum-i32-128x128-128x128] - builder.base.builder_runtime.TTBuilderRuntimeException: ttnn_from_device_golden() takes 1 positional argument but 2 were given
FAILED test/python/golden/ttir_ops/eltwise/test_ttir_binary.py::test_cpu_hoistable_binary_ops_float_integer[ttnn-minimum-f32-7x41x43x11-7x41x43x11] - builder.base.builder_runtime.TTBuilderRuntimeException: ttnn_from_device_golden() takes 1 positional argument but 2 were given
FAILED test/python/golden/ttir_ops/eltwise/test_ttir_binary.py::test_cpu_hoistable_binary_ops_float_integer[ttnn-minimum-f32-1x32-32x1] - builder.base.builder_runtime.TTBuilderRuntimeException: ttnn_from_device_golden() takes 1 positional argument but 2 were given
FAILED test/python/golden/ttir_ops/eltwise/test_ttir_binary.py::test_cpu_hoistable_binary_ops_float_integer[ttnn-minimum-f32-1x32-1x32] - builder.base.builder_runtime.TTBuilderRuntimeException: ttnn_from_device_golden() takes 1 positional argument but 2 were given
FAILED test/python/golden/ttir_ops/eltwise/test_ttir_binary.py::test_cpu_hoistable_binary_ops_float_integer[ttnn-minimum-f32-1x1x64-128x128x64] - builder.base.builder_runtime.TTBuilderRuntimeException: ttnn_from_device_golden() takes 1 positional argument but 2 were given
FAILED test/python/golden/ttir_ops/eltwise/test_ttir_binary.py::test_cpu_hoistable_binary_ops_float_integer[ttnn-minimum-f32-1x1-32x32] - builder.base.builder_runtime.TTBuilderRuntimeException: ttnn_from_device_golden() takes 1 positional argument but 2 were given
FAILED test/python/golden/ttir_ops/eltwise/test_ttir_binary.py::test_cpu_hoistable_binary_ops_float_integer[ttnn-minimum-f32-128x128x64-128x1x64] - builder.base.builder_runtime.TTBuilderRuntimeException: ttnn_from_device_golden() takes 1 positional argument but 2 were given
FAILED test/python/golden/ttir_ops/eltwise/test_ttir_binary.py::test_cpu_hoistable_binary_ops_float_integer[ttnn-minimum-f32-128x128-1x128] - builder.base.builder_runtime.TTBuilderRuntimeException: ttnn_from_device_golden() takes 1 positional argument but 2 were given
FAILED test/python/golden/ttir_ops/eltwise/test_ttir_binary.py::test_cpu_hoistable_binary_ops_float_integer[ttnn-minimum-f32-128x128-128x1] - builder.base.builder_runtime.TTBuilderRuntimeException: ttnn_from_device_golden() takes 1 positional argument but 2 were given
FAILED test/python/golden/ttir_ops/eltwise/test_ttir_binary.py::test_cpu_hoistable_binary_ops_float_integer[ttnn-minimum-f32-128x128-128x128] - builder.base.builder_runtime.TTBuilderRuntimeException: ttnn_from_device_golden() takes 1 positional argument but 2 were given
FAILED test/python/golden/ttir_ops/eltwise/test_ttir_binary.py::test_cpu_hoistable_binary_ops_float_integer[ttnn-maximum-i32-7x41x43x11-7x41x43x11] - builder.base.builder_runtime.TTBuilderRuntimeException: ttnn_from_device_golden() takes 1 positional argument but 2 were given
FAILED test/python/golden/ttir_ops/eltwise/test_ttir_binary.py::test_cpu_hoistable_binary_ops_float_integer[ttnn-maximum-i32-1x32-32x1] - builder.base.builder_runtime.TTBuilderRuntimeException: ttnn_from_device_golden() takes 1 positional argument but 2 were given
FAILED test/python/golden/ttir_ops/eltwise/test_ttir_binary.py::test_cpu_hoistable_binary_ops_float_integer[ttnn-maximum-i32-1x32-1x32] - builder.base.builder_runtime.TTBuilderRuntimeException: ttnn_from_device_golden() takes 1 positional argument but 2 were given
FAILED test/python/golden/ttir_ops/eltwise/test_ttir_binary.py::test_cpu_hoistable_binary_ops_float_integer[ttnn-maximum-i32-1x1x64-128x128x64] - builder.base.builder_runtime.TTBuilderRuntimeException: ttnn_from_device_golden() takes 1 positional argument but 2 were given
FAILED test/python/golden/ttir_ops/eltwise/test_ttir_binary.py::test_cpu_hoistable_binary_ops_float_integer[ttnn-maximum-i32-1x1-32x32] - builder.base.builder_runtime.TTBuilderRuntimeException: ttnn_from_device_golden() takes 1 positional argument but 2 were given
FAILED test/python/golden/ttir_ops/eltwise/test_ttir_binary.py::test_cpu_hoistable_binary_ops_float_integer[ttnn-maximum-i32-128x128x64-128x1x64] - builder.base.builder_runtime.TTBuilderRuntimeException: ttnn_from_device_golden() takes 1 positional argument but 2 were given
FAILED test/python/golden/ttir_ops/eltwise/test_ttir_binary.py::test_cpu_hoistable_binary_ops_float_integer[ttnn-maximum-i32-128x128-1x128] - builder.base.builder_runtime.TTBuilderRuntimeException: ttnn_from_device_golden() takes 1 positional argument but 2 were given
FAILED test/python/golden/ttir_ops/eltwise/test_ttir_binary.py::test_cpu_hoistable_binary_ops_float_integer[ttnn-maximum-i32-128x128-128x1] - builder.base.builder_runtime.TTBuilderRuntimeException: ttnn_from_device_golden() takes 1 positional argument but 2 were given
FAILED test/python/golden/ttir_ops/eltwise/test_ttir_binary.py::test_cpu_hoistable_binary_ops_float_integer[ttnn-maximum-i32-128x128-128x128] - builder.base.builder_runtime.TTBuilderRuntimeException: ttnn_from_device_golden() takes 1 positional argument but 2 were given
FAILED test/python/golden/ttir_ops/eltwise/test_ttir_binary.py::test_cpu_hoistable_binary_ops_float_integer[ttnn-maximum-f32-7x41x43x11-7x41x43x11] - builder.base.builder_runtime.TTBuilderRuntimeException: ttnn_from_device_golden() takes 1 positional argument but 2 were given
FAILED test/python/golden/ttir_ops/eltwise/test_ttir_binary.py::test_cpu_hoistable_binary_ops_float_integer[ttnn-maximum-f32-1x32-32x1] - builder.base.builder_runtime.TTBuilderRuntimeException: ttnn_from_device_golden() takes 1 positional argument but 2 were given
FAILED test/python/golden/ttir_ops/eltwise/test_ttir_binary.py::test_cpu_hoistable_binary_ops_float_integer[ttnn-maximum-f32-1x32-1x32] - builder.base.builder_runtime.TTBuilderRuntimeException: ttnn_from_device_golden() takes 1 positional argument but 2 were given
FAILED test/python/golden/ttir_ops/eltwise/test_ttir_binary.py::test_cpu_hoistable_binary_ops_float_integer[ttnn-maximum-f32-1x1x64-128x128x64] - builder.base.builder_runtime.TTBuilderRuntimeException: ttnn_from_device_golden() takes 1 positional argument but 2 were given
FAILED test/python/golden/ttir_ops/eltwise/test_ttir_binary.py::test_cpu_hoistable_binary_ops_float_integer[ttnn-maximum-f32-1x1-32x32] - builder.base.builder_runtime.TTBuilderRuntimeException: ttnn_from_device_golden() takes 1 positional argument but 2 were given
FAILED test/python/golden/ttir_ops/eltwise/test_ttir_binary.py::test_cpu_hoistable_binary_ops_float_integer[ttnn-maximum-f32-128x128x64-128x1x64] - builder.base.builder_runtime.TTBuilderRuntimeException: ttnn_from_device_golden() takes 1 positional argument but 2 were given
FAILED test/python/golden/ttir_ops/eltwise/test_ttir_binary.py::test_cpu_hoistable_binary_ops_float_integer[ttnn-maximum-f32-128x128-1x128] - builder.base.builder_runtime.TTBuilderRuntimeException: ttnn_from_device_golden() takes 1 positional argument but 2 were given
FAILED test/python/golden/ttir_ops/eltwise/test_ttir_binary.py::test_cpu_hoistable_binary_ops_float_integer[ttnn-maximum-f32-128x128-128x1] - builder.base.builder_runtime.TTBuilderRuntimeException: ttnn_from_device_golden() takes 1 positional argument but 2 were given
FAILED test/python/golden/ttir_ops/eltwise/test_ttir_binary.py::test_cpu_hoistable_binary_ops_float_integer[ttnn-maximum-f32-128x128-128x128] - builder.base.builder_runtime.TTBuilderRuntimeException: ttnn_from_device_golden() takes 1 positional argument but 2 were given
FAILED test/python/golden/ttir_ops/eltwise/test_ttir_binary.py::test_cpu_hoistable_binary_ops_float_integer[ttnn-lt-i32-7x41x43x11-7x41x43x11] - builder.base.builder_runtime.TTBuilderRuntimeException: ttnn_from_device_golden() takes 1 positional argument but 2 were given
FAILED test/python/golden/ttir_ops/eltwise/test_ttir_binary.py::test_cpu_hoistable_binary_ops_float_integer[ttnn-lt-i32-1x32-32x1] - builder.base.builder_runtime.TTBuilderRuntimeException: ttnn_from_device_golden() takes 1 positional argument but 2 were given
FAILED test/python/golden/ttir_ops/eltwise/test_ttir_binary.py::test_cpu_hoistable_binary_ops_float_integer[ttnn-lt-i32-1x32-1x32] - builder.base.builder_runtime.TTBuilderRuntimeException: ttnn_from_device_golden() takes 1 positional argument but 2 were given
FAILED test/python/golden/ttir_ops/eltwise/test_ttir_binary.py::test_cpu_hoistable_binary_ops_float_integer[ttnn-lt-i32-1x1x64-128x128x64] - builder.base.builder_runtime.TTBuilderRuntimeException: ttnn_from_device_golden() takes 1 positional argument but 2 were given
FAILED test/python/golden/ttir_ops/eltwise/test_ttir_binary.py::test_cpu_hoistable_binary_ops_float_integer[ttnn-lt-i32-1x1-32x32] - builder.base.builder_runtime.TTBuilderRuntimeException: ttnn_from_device_golden() takes 1 positional argument but 2 were given
FAILED test/python/golden/ttir_ops/eltwise/test_ttir_binary.py::test_cpu_hoistable_binary_ops_float_integer[ttnn-lt-i32-128x128x64-128x1x64] - builder.base.builder_runtime.TTBuilderRuntimeException: ttnn_from_device_golden() takes 1 positional argument but 2 were given
FAILED test/python/golden/ttir_ops/eltwise/test_ttir_binary.py::test_cpu_hoistable_binary_ops_float_integer[ttnn-lt-i32-128x128-1x128] - builder.base.builder_runtime.TTBuilderRuntimeException: ttnn_from_device_golden() takes 1 positional argument but 2 were given
FAILED test/python/golden/ttir_ops/eltwise/test_ttir_binary.py::test_cpu_hoistable_binary_ops_float_integer[ttnn-lt-i32-128x128-128x1] - builder.base.builder_runtime.TTBuilderRuntimeException: ttnn_from_device_golden() takes 1 positional argument but 2 were given
FAILED test/python/golden/ttir_ops/eltwise/test_ttir_binary.py::test_cpu_hoistable_binary_ops_float_integer[ttnn-lt-i32-128x128-128x128] - builder.base.builder_runtime.TTBuilderRuntimeException: ttnn_from_device_golden() takes 1 positional argument but 2 were given
FAILED test/python/golden/ttir_ops/eltwise/test_ttir_binary.py::test_cpu_hoistable_binary_ops_float_integer[ttnn-lt-f32-7x41x43x11-7x41x43x11] - builder.base.builder_runtime.TTBuilderRuntimeException: ttnn_from_device_golden() takes 1 positional argument but 2 were given
FAILED test/python/golden/ttir_ops/eltwise/test_ttir_binary.py::test_cpu_hoistable_binary_ops_float_integer[ttnn-lt-f32-1x32-32x1] - builder.base.builder_runtime.TTBuilderRuntimeException: ttnn_from_device_golden() takes 1 positional argument but 2 were given
FAILED test/python/golden/ttir_ops/eltwise/test_ttir_binary.py::test_cpu_hoistable_binary_ops_float_integer[ttnn-lt-f32-1x32-1x32] - builder.base.builder_runtime.TTBuilderRuntimeException: ttnn_from_device_golden() takes 1 positional argument but 2 were given
FAILED test/python/golden/ttir_ops/eltwise/test_ttir_binary.py::test_cpu_hoistable_binary_ops_float_integer[ttnn-lt-f32-1x1x64-128x128x64] - builder.base.builder_runtime.TTBuilderRuntimeException: ttnn_from_device_golden() takes 1 positional argument but 2 were given
FAILED test/python/golden/ttir_ops/eltwise/test_ttir_binary.py::test_cpu_hoistable_binary_ops_float_integer[ttnn-lt-f32-1x1-32x32] - builder.base.builder_runtime.TTBuilderRuntimeException: ttnn_from_device_golden() takes 1 positional argument but 2 were given
FAILED test/python/golden/ttir_ops/eltwise/test_ttir_binary.py::test_cpu_hoistable_binary_ops_float_integer[ttnn-lt-f32-128x128x64-128x1x64] - builder.base.builder_runtime.TTBuilderRuntimeException: ttnn_from_device_golden() takes 1 positional argument but 2 were given
FAILED test/python/golden/ttir_ops/eltwise/test_ttir_binary.py::test_cpu_hoistable_binary_ops_float_integer[ttnn-lt-f32-128x128-1x128] - builder.base.builder_runtime.TTBuilderRuntimeException: ttnn_from_device_golden() takes 1 positional argument but 2 were given
FAILED test/python/golden/ttir_ops/eltwise/test_ttir_binary.py::test_cpu_hoistable_binary_ops_float_integer[ttnn-lt-f32-128x128-128x1] - builder.base.builder_runtime.TTBuilderRuntimeException: ttnn_from_device_golden() takes 1 positional argument but 2 were given
FAILED test/python/golden/ttir_ops/eltwise/test_ttir_binary.py::test_cpu_hoistable_binary_ops_float_integer[ttnn-lt-f32-128x128-128x128] - builder.base.builder_runtime.TTBuilderRuntimeException: ttnn_from_device_golden() takes 1 positional argument but 2 were given
FAILED test/python/golden/ttir_ops/eltwise/test_ttir_binary.py::test_cpu_hoistable_binary_ops_float_integer[ttnn-le-i32-7x41x43x11-7x41x43x11] - builder.base.builder_runtime.TTBuilderRuntimeException: ttnn_from_device_golden() takes 1 positional argument but 2 were given
FAILED test/python/golden/ttir_ops/eltwise/test_ttir_binary.py::test_cpu_hoistable_binary_ops_float_integer[ttnn-le-i32-1x32-32x1] - builder.base.builder_runtime.TTBuilderRuntimeException: ttnn_from_device_golden() takes 1 positional argument but 2 were given
FAILED test/python/golden/ttir_ops/eltwise/test_ttir_binary.py::test_cpu_hoistable_binary_ops_float_integer[ttnn-le-i32-1x32-1x32] - builder.base.builder_runtime.TTBuilderRuntimeException: ttnn_from_device_golden() takes 1 positional argument but 2 were given
FAILED test/python/golden/ttir_ops/eltwise/test_ttir_binary.py::test_cpu_hoistable_binary_ops_float_integer[ttnn-le-i32-1x1x64-128x128x64] - builder.base.builder_runtime.TTBuilderRuntimeException: ttnn_from_device_golden() takes 1 positional argument but 2 were given
FAILED test/python/golden/ttir_ops/eltwise/test_ttir_binary.py::test_cpu_hoistable_binary_ops_float_integer[ttnn-le-i32-1x1-32x32] - builder.base.builder_runtime.TTBuilderRuntimeException: ttnn_from_device_golden() takes 1 positional argument but 2 were given
FAILED test/python/golden/ttir_ops/eltwise/test_ttir_binary.py::test_cpu_hoistable_binary_ops_float_integer[ttnn-le-i32-128x128x64-128x1x64] - builder.base.builder_runtime.TTBuilderRuntimeException: ttnn_from_device_golden() takes 1 positional argument but 2 were given
FAILED test/python/golden/ttir_ops/eltwise/test_ttir_binary.py::test_cpu_hoistable_binary_ops_float_integer[ttnn-le-i32-128x128-1x128] - builder.base.builder_runtime.TTBuilderRuntimeException: ttnn_from_device_golden() takes 1 positional argument but 2 were given
FAILED test/python/golden/ttir_ops/eltwise/test_ttir_binary.py::test_cpu_hoistable_binary_ops_float_integer[ttnn-le-i32-128x128-128x1] - builder.base.builder_runtime.TTBuilderRuntimeException: ttnn_from_device_golden() takes 1 positional argument but 2 were given
FAILED test/python/golden/ttir_ops/eltwise/test_ttir_binary.py::test_cpu_hoistable_binary_ops_float_integer[ttnn-le-i32-128x128-128x128] - builder.base.builder_runtime.TTBuilderRuntimeException: ttnn_from_device_golden() takes 1 positional argument but 2 were given
FAILED test/python/golden/ttir_ops/eltwise/test_ttir_binary.py::test_cpu_hoistable_binary_ops_float_integer[ttnn-le-f32-7x41x43x11-7x41x43x11] - builder.base.builder_runtime.TTBuilderRuntimeException: ttnn_from_device_golden() takes 1 positional argument but 2 were given
FAILED test/python/golden/ttir_ops/eltwise/test_ttir_binary.py::test_cpu_hoistable_binary_ops_float_integer[ttnn-le-f32-1x32-32x1] - builder.base.builder_runtime.TTBuilderRuntimeException: ttnn_from_device_golden() takes 1 positional argument but 2 were given
FAILED test/python/golden/ttir_ops/eltwise/test_ttir_binary.py::test_cpu_hoistable_binary_ops_float_integer[ttnn-le-f32-1x32-1x32] - builder.base.builder_runtime.TTBuilderRuntimeException: ttnn_from_device_golden() takes 1 positional argument but 2 were given
FAILED test/python/golden/ttir_ops/eltwise/test_ttir_binary.py::test_cpu_hoistable_binary_ops_float_integer[ttnn-le-f32-1x1x64-128x128x64] - builder.base.builder_runtime.TTBuilderRuntimeException: ttnn_from_device_golden() takes 1 positional argument but 2 were given
FAILED test/python/golden/ttir_ops/eltwise/test_ttir_binary.py::test_cpu_hoistable_binary_ops_float_integer[ttnn-le-f32-1x1-32x32] - builder.base.builder_runtime.TTBuilderRuntimeException: ttnn_from_device_golden() takes 1 positional argument but 2 were given
FAILED test/python/golden/ttir_ops/eltwise/test_ttir_binary.py::test_cpu_hoistable_binary_ops_float_integer[ttnn-le-f32-128x128x64-128x1x64] - builder.base.builder_runtime.TTBuilderRuntimeException: ttnn_from_device_golden() takes 1 positional argument but 2 were given
FAILED test/python/golden/ttir_ops/eltwise/test_ttir_binary.py::test_cpu_hoistable_binary_ops_float_integer[ttnn-le-f32-128x128-1x128] - builder.base.builder_runtime.TTBuilderRuntimeException: ttnn_from_device_golden() takes 1 positional argument but 2 were given
FAILED test/python/golden/ttir_ops/eltwise/test_ttir_binary.py::test_cpu_hoistable_binary_ops_float_integer[ttnn-le-f32-128x128-128x1] - builder.base.builder_runtime.TTBuilderRuntimeException: ttnn_from_device_golden() takes 1 positional argument but 2 were given
FAILED test/python/golden/ttir_ops/eltwise/test_ttir_binary.py::test_cpu_hoistable_binary_ops_float_integer[ttnn-le-f32-128x128-128x128] - builder.base.builder_runtime.TTBuilderRuntimeException: ttnn_from_device_golden() takes 1 positional argument but 2 were given
FAILED test/python/golden/ttir_ops/eltwise/test_ttir_binary.py::test_cpu_hoistable_binary_ops_float_integer[ttnn-gt-i32-7x41x43x11-7x41x43x11] - builder.base.builder_runtime.TTBuilderRuntimeException: ttnn_from_device_golden() takes 1 positional argument but 2 were given
FAILED test/python/golden/ttir_ops/eltwise/test_ttir_binary.py::test_cpu_hoistable_binary_ops_float_integer[ttnn-gt-i32-1x32-32x1] - builder.base.builder_runtime.TTBuilderRuntimeException: ttnn_from_device_golden() takes 1 positional argument but 2 were given
FAILED test/python/golden/ttir_ops/eltwise/test_ttir_binary.py::test_cpu_hoistable_binary_ops_float_integer[ttnn-gt-i32-1x32-1x32] - builder.base.builder_runtime.TTBuilderRuntimeException: ttnn_from_device_golden() takes 1 positional argument but 2 were given
FAILED test/python/golden/ttir_ops/eltwise/test_ttir_binary.py::test_cpu_hoistable_binary_ops_float_integer[ttnn-gt-i32-1x1x64-128x128x64] - builder.base.builder_runtime.TTBuilderRuntimeException: ttnn_from_device_golden() takes 1 positional argument but 2 were given
FAILED test/python/golden/ttir_ops/eltwise/test_ttir_binary.py::test_cpu_hoistable_binary_ops_float_integer[ttnn-gt-i32-1x1-32x32] - builder.base.builder_runtime.TTBuilderRuntimeException: ttnn_from_device_golden() takes 1 positional argument but 2 were given
FAILED test/python/golden/ttir_ops/eltwise/test_ttir_binary.py::test_cpu_hoistable_binary_ops_float_integer[ttnn-gt-i32-128x128x64-128x1x64] - builder.base.builder_runtime.TTBuilderRuntimeException: ttnn_from_device_golden() takes 1 positional argument but 2 were given
FAILED test/python/golden/ttir_ops/eltwise/test_ttir_binary.py::test_cpu_hoistable_binary_ops_float_integer[ttnn-gt-i32-128x128-1x128] - builder.base.builder_runtime.TTBuilderRuntimeException: ttnn_from_device_golden() takes 1 positional argument but 2 were given
FAILED test/python/golden/ttir_ops/eltwise/test_ttir_binary.py::test_cpu_hoistable_binary_ops_float_integer[ttnn-gt-i32-128x128-128x1] - builder.base.builder_runtime.TTBuilderRuntimeException: ttnn_from_device_golden() takes 1 positional argument but 2 were given
FAILED test/python/golden/ttir_ops/eltwise/test_ttir_binary.py::test_cpu_hoistable_binary_ops_float_integer[ttnn-gt-i32-128x128-128x128] - builder.base.builder_runtime.TTBuilderRuntimeException: ttnn_from_device_golden() takes 1 positional argument but 2 were given
FAILED test/python/golden/ttir_ops/eltwise/test_ttir_binary.py::test_cpu_hoistable_binary_ops_float_integer[ttnn-gt-f32-7x41x43x11-7x41x43x11] - builder.base.builder_runtime.TTBuilderRuntimeException: ttnn_from_device_golden() takes 1 positional argument but 2 were given
FAILED test/python/golden/ttir_ops/eltwise/test_ttir_binary.py::test_cpu_hoistable_binary_ops_float_integer[ttnn-gt-f32-1x32-32x1] - builder.base.builder_runtime.TTBuilderRuntimeException: ttnn_from_device_golden() takes 1 positional argument but 2 were given
FAILED test/python/golden/ttir_ops/eltwise/test_ttir_binary.py::test_cpu_hoistable_binary_ops_float_integer[ttnn-gt-f32-1x32-1x32] - builder.base.builder_runtime.TTBuilderRuntimeException: ttnn_from_device_golden() takes 1 positional argument but 2 were given
FAILED test/python/golden/ttir_ops/eltwise/test_ttir_binary.py::test_cpu_hoistable_binary_ops_float_integer[ttnn-gt-f32-1x1x64-128x128x64] - builder.base.builder_runtime.TTBuilderRuntimeException: ttnn_from_device_golden() takes 1 positional argument but 2 were given
FAILED test/python/golden/ttir_ops/eltwise/test_ttir_binary.py::test_cpu_hoistable_binary_ops_float_integer[ttnn-gt-f32-1x1-32x32] - builder.base.builder_runtime.TTBuilderRuntimeException: ttnn_from_device_golden() takes 1 positional argument but 2 were given
FAILED test/python/golden/ttir_ops/eltwise/test_ttir_binary.py::test_cpu_hoistable_binary_ops_float_integer[ttnn-gt-f32-128x128x64-128x1x64] - builder.base.builder_runtime.TTBuilderRuntimeException: ttnn_from_device_golden() takes 1 positional argument but 2 were given
FAILED test/python/golden/ttir_ops/eltwise/test_ttir_binary.py::test_cpu_hoistable_binary_ops_float_integer[ttnn-gt-f32-128x128-1x128] - builder.base.builder_runtime.TTBuilderRuntimeException: ttnn_from_device_golden() takes 1 positional argument but 2 were given
FAILED test/python/golden/ttir_ops/eltwise/test_ttir_binary.py::test_cpu_hoistable_binary_ops_float_integer[ttnn-gt-f32-128x128-128x1] - builder.base.builder_runtime.TTBuilderRuntimeException: ttnn_from_device_golden() takes 1 positional argument but 2 were given
FAILED test/python/golden/ttir_ops/eltwise/test_ttir_binary.py::test_cpu_hoistable_binary_ops_float_integer[ttnn-gt-f32-128x128-128x128] - builder.base.builder_runtime.TTBuilderRuntimeException: ttnn_from_device_golden() takes 1 positional argument but 2 were given
FAILED test/python/golden/ttir_ops/eltwise/test_ttir_binary.py::test_cpu_hoistable_binary_ops_float_integer[ttnn-ge-i32-7x41x43x11-7x41x43x11] - builder.base.builder_runtime.TTBuilderRuntimeException: ttnn_from_device_golden() takes 1 positional argument but 2 were given
FAILED test/python/golden/ttir_ops/eltwise/test_ttir_binary.py::test_cpu_hoistable_binary_ops_float_integer[ttnn-ge-i32-1x32-32x1] - builder.base.builder_runtime.TTBuilderRuntimeException: ttnn_from_device_golden() takes 1 positional argument but 2 were given
FAILED test/python/golden/ttir_ops/eltwise/test_ttir_binary.py::test_cpu_hoistable_binary_ops_float_integer[ttnn-ge-i32-1x32-1x32] - builder.base.builder_runtime.TTBuilderRuntimeException: ttnn_from_device_golden() takes 1 positional argument but 2 were given
FAILED test/python/golden/ttir_ops/eltwise/test_ttir_binary.py::test_cpu_hoistable_binary_ops_float_integer[ttnn-ge-i32-1x1x64-128x128x64] - builder.base.builder_runtime.TTBuilderRuntimeException: ttnn_from_device_golden() takes 1 positional argument but 2 were given
FAILED test/python/golden/ttir_ops/eltwise/test_ttir_binary.py::test_cpu_hoistable_binary_ops_float_integer[ttnn-ge-i32-1x1-32x32] - builder.base.builder_runtime.TTBuilderRuntimeException: ttnn_from_device_golden() takes 1 positional argument but 2 were given
FAILED test/python/golden/ttir_ops/eltwise/test_ttir_binary.py::test_cpu_hoistable_binary_ops_float_integer[ttnn-ge-i32-128x128x64-128x1x64] - builder.base.builder_runtime.TTBuilderRuntimeException: ttnn_from_device_golden() takes 1 positional argument but 2 were given
FAILED test/python/golden/ttir_ops/eltwise/test_ttir_binary.py::test_cpu_hoistable_binary_ops_float_integer[ttnn-ge-i32-128x128-1x128] - builder.base.builder_runtime.TTBuilderRuntimeException: ttnn_from_device_golden() takes 1 positional argument but 2 were given
FAILED test/python/golden/ttir_ops/eltwise/test_ttir_binary.py::test_cpu_hoistable_binary_ops_float_integer[ttnn-ge-i32-128x128-128x1] - builder.base.builder_runtime.TTBuilderRuntimeException: ttnn_from_device_golden() takes 1 positional argument but 2 were given
FAILED test/python/golden/ttir_ops/eltwise/test_ttir_binary.py::test_cpu_hoistable_binary_ops_float_integer[ttnn-ge-i32-128x128-128x128] - builder.base.builder_runtime.TTBuilderRuntimeException: ttnn_from_device_golden() takes 1 positional argument but 2 were given
FAILED test/python/golden/ttir_ops/eltwise/test_ttir_binary.py::test_cpu_hoistable_binary_ops_float_integer[ttnn-ge-f32-7x41x43x11-7x41x43x11] - builder.base.builder_runtime.TTBuilderRuntimeException: ttnn_from_device_golden() takes 1 positional argument but 2 were given
FAILED test/python/golden/ttir_ops/eltwise/test_ttir_binary.py::test_cpu_hoistable_binary_ops_float_integer[ttnn-ge-f32-1x32-32x1] - builder.base.builder_runtime.TTBuilderRuntimeException: ttnn_from_device_golden() takes 1 positional argument but 2 were given
FAILED test/python/golden/ttir_ops/eltwise/test_ttir_binary.py::test_cpu_hoistable_binary_ops_float_integer[ttnn-ge-f32-1x32-1x32] - builder.base.builder_runtime.TTBuilderRuntimeException: ttnn_from_device_golden() takes 1 positional argument but 2 were given
FAILED test/python/golden/ttir_ops/eltwise/test_ttir_binary.py::test_cpu_hoistable_binary_ops_float_integer[ttnn-ge-f32-1x1x64-128x128x64] - builder.base.builder_runtime.TTBuilderRuntimeException: ttnn_from_device_golden() takes 1 positional argument but 2 were given
FAILED test/python/golden/ttir_ops/eltwise/test_ttir_binary.py::test_cpu_hoistable_binary_ops_float_integer[ttnn-ge-f32-1x1-32x32] - builder.base.builder_runtime.TTBuilderRuntimeException: ttnn_from_device_golden() takes 1 positional argument but 2 were given
FAILED test/python/golden/ttir_ops/eltwise/test_ttir_binary.py::test_cpu_hoistable_binary_ops_float_integer[ttnn-ge-f32-128x128x64-128x1x64] - builder.base.builder_runtime.TTBuilderRuntimeException: ttnn_from_device_golden() takes 1 positional argument but 2 were given
FAILED test/python/golden/ttir_ops/eltwise/test_ttir_binary.py::test_cpu_hoistable_binary_ops_float_integer[ttnn-ge-f32-128x128-1x128] - builder.base.builder_runtime.TTBuilderRuntimeException: ttnn_from_device_golden() takes 1 positional argument but 2 were given
FAILED test/python/golden/ttir_ops/eltwise/test_ttir_binary.py::test_cpu_hoistable_binary_ops_float_integer[ttnn-ge-f32-128x128-128x1] - builder.base.builder_runtime.TTBuilderRuntimeException: ttnn_from_device_golden() takes 1 positional argument but 2 were given
FAILED test/python/golden/ttir_ops/eltwise/test_ttir_binary.py::test_cpu_hoistable_binary_ops_float_integer[ttnn-ge-f32-128x128-128x128] - builder.base.builder_runtime.TTBuilderRuntimeException: ttnn_from_device_golden() takes 1 positional argument but 2 were given
FAILED test/python/golden/ttir_ops/eltwise/test_ttir_binary.py::test_cpu_hoistable_binary_ops_float_integer[ttnn-div-i32-7x41x43x11-7x41x43x11] - builder.base.builder_runtime.TTBuilderRuntimeException: ttnn_from_device_golden() takes 1 positional argument but 2 were given
FAILED test/python/golden/ttir_ops/eltwise/test_ttir_binary.py::test_cpu_hoistable_binary_ops_float_integer[ttnn-div-i32-1x32-32x1] - builder.base.builder_runtime.TTBuilderRuntimeException: ttnn_from_device_golden() takes 1 positional argument but 2 were given
FAILED test/python/golden/ttir_ops/eltwise/test_ttir_binary.py::test_cpu_hoistable_binary_ops_float_integer[ttnn-div-i32-1x32-1x32] - builder.base.builder_runtime.TTBuilderRuntimeException: ttnn_from_device_golden() takes 1 positional argument but 2 were given
FAILED test/python/golden/ttir_ops/eltwise/test_ttir_binary.py::test_cpu_hoistable_binary_ops_float_integer[ttnn-div-i32-1x1x64-128x128x64] - builder.base.builder_runtime.TTBuilderRuntimeException: ttnn_from_device_golden() takes 1 positional argument but 2 were given
FAILED test/python/golden/ttir_ops/eltwise/test_ttir_binary.py::test_cpu_hoistable_binary_ops_float_integer[ttnn-div-i32-1x1-32x32] - builder.base.builder_runtime.TTBuilderRuntimeException: ttnn_from_device_golden() takes 1 positional argument but 2 were given
FAILED test/python/golden/ttir_ops/eltwise/test_ttir_binary.py::test_cpu_hoistable_binary_ops_float_integer[ttnn-div-i32-128x128x64-128x1x64] - builder.base.builder_runtime.TTBuilderRuntimeException: ttnn_from_device_golden() takes 1 positional argument but 2 were given
FAILED test/python/golden/ttir_ops/eltwise/test_ttir_binary.py::test_cpu_hoistable_binary_ops_float_integer[ttnn-div-i32-128x128-1x128] - builder.base.builder_runtime.TTBuilderRuntimeException: ttnn_from_device_golden() takes 1 positional argument but 2 were given
FAILED test/python/golden/ttir_ops/eltwise/test_ttir_binary.py::test_cpu_hoistable_binary_ops_float_integer[ttnn-div-i32-128x128-128x1] - builder.base.builder_runtime.TTBuilderRuntimeException: ttnn_from_device_golden() takes 1 positional argument but 2 were given
FAILED test/python/golden/ttir_ops/eltwise/test_ttir_binary.py::test_cpu_hoistable_binary_ops_float_integer[ttnn-div-i32-128x128-128x128] - builder.base.builder_runtime.TTBuilderRuntimeException: ttnn_from_device_golden() takes 1 positional argument but 2 were given
FAILED test/python/golden/ttir_ops/eltwise/test_ttir_binary.py::test_cpu_hoistable_binary_ops_float_integer[ttnn-div-f32-7x41x43x11-7x41x43x11] - builder.base.builder_runtime.TTBuilderRuntimeException: ttnn_from_device_golden() takes 1 positional argument but 2 were given
FAILED test/python/golden/ttir_ops/eltwise/test_ttir_binary.py::test_cpu_hoistable_binary_ops_float_integer[ttnn-div-f32-1x32-32x1] - builder.base.builder_runtime.TTBuilderRuntimeException: ttnn_from_device_golden() takes 1 positional argument but 2 were given
FAILED test/python/golden/ttir_ops/eltwise/test_ttir_binary.py::test_cpu_hoistable_binary_ops_float_integer[ttnn-div-f32-1x32-1x32] - builder.base.builder_runtime.TTBuilderRuntimeException: ttnn_from_device_golden() takes 1 positional argument but 2 were given
FAILED test/python/golden/ttir_ops/eltwise/test_ttir_binary.py::test_cpu_hoistable_binary_ops_float_integer[ttnn-div-f32-1x1x64-128x128x64] - builder.base.builder_runtime.TTBuilderRuntimeException: ttnn_from_device_golden() takes 1 positional argument but 2 were given
FAILED test/python/golden/ttir_ops/eltwise/test_ttir_binary.py::test_cpu_hoistable_binary_ops_float_integer[ttnn-div-f32-1x1-32x32] - builder.base.builder_runtime.TTBuilderRuntimeException: ttnn_from_device_golden() takes 1 positional argument but 2 were given
FAILED test/python/golden/ttir_ops/eltwise/test_ttir_binary.py::test_cpu_hoistable_binary_ops_float_integer[ttnn-div-f32-128x128x64-128x1x64] - builder.base.builder_runtime.TTBuilderRuntimeException: ttnn_from_device_golden() takes 1 positional argument but 2 were given
FAILED test/python/golden/ttir_ops/eltwise/test_ttir_binary.py::test_cpu_hoistable_binary_ops_float_integer[ttnn-div-f32-128x128-1x128] - builder.base.builder_runtime.TTBuilderRuntimeException: ttnn_from_device_golden() takes 1 positional argument but 2 were given
FAILED test/python/golden/ttir_ops/eltwise/test_ttir_binary.py::test_cpu_hoistable_binary_ops_float_integer[ttnn-div-f32-128x128-128x1] - builder.base.builder_runtime.TTBuilderRuntimeException: ttnn_from_device_golden() takes 1 positional argument but 2 were given
FAILED test/python/golden/ttir_ops/eltwise/test_ttir_binary.py::test_cpu_hoistable_binary_ops_float_integer[ttnn-div-f32-128x128-128x128] - builder.base.builder_runtime.TTBuilderRuntimeException: ttnn_from_device_golden() takes 1 positional argument but 2 were given
FAILED test/python/golden/ttir_ops/eltwise/test_ttir_binary.py::test_cpu_hoistable_binary_ops_float_integer[ttnn-add-i32-7x41x43x11-7x41x43x11] - builder.base.builder_runtime.TTBuilderRuntimeException: ttnn_from_device_golden() takes 1 positional argument but 2 were given
FAILED test/python/golden/ttir_ops/eltwise/test_ttir_binary.py::test_cpu_hoistable_binary_ops_float_integer[ttnn-add-i32-1x32-32x1] - builder.base.builder_runtime.TTBuilderRuntimeException: ttnn_from_device_golden() takes 1 positional argument but 2 were given
FAILED test/python/golden/ttir_ops/eltwise/test_ttir_binary.py::test_cpu_hoistable_binary_ops_float_integer[ttnn-add-i32-1x32-1x32] - builder.base.builder_runtime.TTBuilderRuntimeException: ttnn_from_device_golden() takes 1 positional argument but 2 were given
FAILED test/python/golden/ttir_ops/eltwise/test_ttir_binary.py::test_cpu_hoistable_binary_ops_float_integer[ttnn-add-i32-1x1x64-128x128x64] - builder.base.builder_runtime.TTBuilderRuntimeException: ttnn_from_device_golden() takes 1 positional argument but 2 were given
FAILED test/python/golden/ttir_ops/eltwise/test_ttir_binary.py::test_cpu_hoistable_binary_ops_float_integer[ttnn-add-i32-1x1-32x32] - builder.base.builder_runtime.TTBuilderRuntimeException: ttnn_from_device_golden() takes 1 positional argument but 2 were given
FAILED test/python/golden/ttir_ops/eltwise/test_ttir_binary.py::test_cpu_hoistable_binary_ops_float_integer[ttnn-add-i32-128x128x64-128x1x64] - builder.base.builder_runtime.TTBuilderRuntimeException: ttnn_from_device_golden() takes 1 positional argument but 2 were given
FAILED test/python/golden/ttir_ops/eltwise/test_ttir_binary.py::test_cpu_hoistable_binary_ops_float_integer[ttnn-add-i32-128x128-1x128] - builder.base.builder_runtime.TTBuilderRuntimeException: ttnn_from_device_golden() takes 1 positional argument but 2 were given
FAILED test/python/golden/ttir_ops/eltwise/test_ttir_binary.py::test_cpu_hoistable_binary_ops_float_integer[ttnn-add-i32-128x128-128x1] - builder.base.builder_runtime.TTBuilderRuntimeException: ttnn_from_device_golden() takes 1 positional argument but 2 were given
FAILED test/python/golden/ttir_ops/eltwise/test_ttir_binary.py::test_cpu_hoistable_binary_ops_float_integer[ttnn-add-i32-128x128-128x128] - builder.base.builder_runtime.TTBuilderRuntimeException: ttnn_from_device_golden() takes 1 positional argument but 2 were given
FAILED test/python/golden/ttir_ops/eltwise/test_ttir_binary.py::test_cpu_hoistable_binary_ops_float_integer[ttnn-add-f32-7x41x43x11-7x41x43x11] - builder.base.builder_runtime.TTBuilderRuntimeException: ttnn_from_device_golden() takes 1 positional argument but 2 were given
FAILED test/python/golden/ttir_ops/eltwise/test_ttir_binary.py::test_cpu_hoistable_binary_ops_float_integer[ttnn-add-f32-1x32-32x1] - builder.base.builder_runtime.TTBuilderRuntimeException: ttnn_from_device_golden() takes 1 positional argument but 2 were given
FAILED test/python/golden/ttir_ops/eltwise/test_ttir_binary.py::test_cpu_hoistable_binary_ops_float_integer[ttnn-add-f32-1x32-1x32] - builder.base.builder_runtime.TTBuilderRuntimeException: ttnn_from_device_golden() takes 1 positional argument but 2 were given
FAILED test/python/golden/ttir_ops/eltwise/test_ttir_binary.py::test_cpu_hoistable_binary_ops_float_integer[ttnn-add-f32-1x1x64-128x128x64] - builder.base.builder_runtime.TTBuilderRuntimeException: ttnn_from_device_golden() takes 1 positional argument but 2 were given
FAILED test/python/golden/ttir_ops/eltwise/test_ttir_binary.py::test_cpu_hoistable_binary_ops_float_integer[ttnn-add-f32-1x1-32x32] - builder.base.builder_runtime.TTBuilderRuntimeException: ttnn_from_device_golden() takes 1 positional argument but 2 were given
FAILED test/python/golden/ttir_ops/eltwise/test_ttir_binary.py::test_cpu_hoistable_binary_ops_float_integer[ttnn-add-f32-128x128x64-128x1x64] - builder.base.builder_runtime.TTBuilderRuntimeException: ttnn_from_device_golden() takes 1 positional argument but 2 were given
FAILED test/python/golden/ttir_ops/eltwise/test_ttir_binary.py::test_cpu_hoistable_binary_ops_float_integer[ttnn-add-f32-128x128-1x128] - builder.base.builder_runtime.TTBuilderRuntimeException: ttnn_from_device_golden() takes 1 positional argument but 2 were given
FAILED test/python/golden/ttir_ops/eltwise/test_ttir_binary.py::test_cpu_hoistable_binary_ops_float_integer[ttnn-add-f32-128x128-128x1] - builder.base.builder_runtime.TTBuilderRuntimeException: ttnn_from_device_golden() takes 1 positional argument but 2 were given
FAILED test/python/golden/ttir_ops/eltwise/test_ttir_binary.py::test_cpu_hoistable_binary_ops_float_integer[ttnn-add-f32-128x128-128x128] - builder.base.builder_runtime.TTBuilderRuntimeException: ttnn_from_device_golden() takes 1 positional argument but 2 were given
FAILED test/python/golden/ttir_ops/eltwise/test_ttir_binary.py::test_cpu_hoistable_binary_ops_float[ttnn-gelu_backward_tanh-f32-7x41x43x11-7x41x43x11] - builder.base.builder_runtime.TTBuilderRuntimeException: ttnn_from_device_golden() takes 1 positional argument but 2 were given
FAILED test/python/golden/ttir_ops/eltwise/test_ttir_binary.py::test_cpu_hoistable_binary_ops_float[ttnn-gelu_backward_tanh-f32-1x32-32x1] - builder.base.builder_runtime.TTBuilderRuntimeException: ttnn_from_device_golden() takes 1 positional argument but 2 were given
FAILED test/python/golden/ttir_ops/eltwise/test_ttir_binary.py::test_cpu_hoistable_binary_ops_float[ttnn-gelu_backward_tanh-f32-1x32-1x32] - builder.base.builder_runtime.TTBuilderRuntimeException: ttnn_from_device_golden() takes 1 positional argument but 2 were given
FAILED test/python/golden/ttir_ops/eltwise/test_ttir_binary.py::test_cpu_hoistable_binary_ops_float[ttnn-gelu_backward_tanh-f32-1x1x64-128x128x64] - builder.base.builder_runtime.TTBuilderRuntimeException: ttnn_from_device_golden() takes 1 positional argument but 2 were given
FAILED test/python/golden/ttir_ops/eltwise/test_ttir_binary.py::test_cpu_hoistable_binary_ops_float[ttnn-gelu_backward_tanh-f32-1x1-32x32] - builder.base.builder_runtime.TTBuilderRuntimeException: ttnn_from_device_golden() takes 1 positional argument but 2 were given
FAILED test/python/golden/ttir_ops/eltwise/test_ttir_binary.py::test_cpu_hoistable_binary_ops_float[ttnn-gelu_backward_tanh-f32-128x128x64-128x1x64] - builder.base.builder_runtime.TTBuilderRuntimeException: ttnn_from_device_golden() takes 1 positional argument but 2 were given
FAILED test/python/golden/ttir_ops/eltwise/test_ttir_binary.py::test_cpu_hoistable_binary_ops_float[ttnn-gelu_backward_tanh-f32-128x128-1x128] - builder.base.builder_runtime.TTBuilderRuntimeException: ttnn_from_device_golden() takes 1 positional argument but 2 were given
FAILED test/python/golden/ttir_ops/eltwise/test_ttir_binary.py::test_cpu_hoistable_binary_ops_float[ttnn-gelu_backward_tanh-f32-128x128-128x1] - builder.base.builder_runtime.TTBuilderRuntimeException: ttnn_from_device_golden() takes 1 positional argument but 2 were given
FAILED test/python/golden/ttir_ops/eltwise/test_ttir_binary.py::test_cpu_hoistable_binary_ops_float[ttnn-gelu_backward_tanh-f32-128x128-128x128] - builder.base.builder_runtime.TTBuilderRuntimeException: ttnn_from_device_golden() takes 1 positional argument but 2 were given
FAILED test/python/golden/ttir_ops/eltwise/test_ttir_binary.py::test_cpu_hoistable_binary_ops_float[ttnn-gelu_backward-f32-7x41x43x11-7x41x43x11] - builder.base.builder_runtime.TTBuilderRuntimeException: ttnn_from_device_golden() takes 1 positional argument but 2 were given
FAILED test/python/golden/ttir_ops/eltwise/test_ttir_binary.py::test_cpu_hoistable_binary_ops_float[ttnn-gelu_backward-f32-1x32-32x1] - builder.base.builder_runtime.TTBuilderRuntimeException: ttnn_from_device_golden() takes 1 positional argument but 2 were given
FAILED test/python/golden/ttir_ops/eltwise/test_ttir_binary.py::test_cpu_hoistable_binary_ops_float[ttnn-gelu_backward-f32-1x32-1x32] - builder.base.builder_runtime.TTBuilderRuntimeException: ttnn_from_device_golden() takes 1 positional argument but 2 were given
FAILED test/python/golden/ttir_ops/eltwise/test_ttir_binary.py::test_cpu_hoistable_binary_ops_float[ttnn-gelu_backward-f32-1x1x64-128x128x64] - builder.base.builder_runtime.TTBuilderRuntimeException: ttnn_from_device_golden() takes 1 positional argument but 2 were given
FAILED test/python/golden/ttir_ops/eltwise/test_ttir_binary.py::test_cpu_hoistable_binary_ops_float[ttnn-gelu_backward-f32-1x1-32x32] - builder.base.builder_runtime.TTBuilderRuntimeException: ttnn_from_device_golden() takes 1 positional argument but 2 were given
FAILED test/python/golden/ttir_ops/eltwise/test_ttir_binary.py::test_cpu_hoistable_binary_ops_float[ttnn-gelu_backward-f32-128x128x64-128x1x64] - builder.base.builder_runtime.TTBuilderRuntimeException: ttnn_from_device_golden() takes 1 positional argument but 2 were given
FAILED test/python/golden/ttir_ops/eltwise/test_ttir_binary.py::test_cpu_hoistable_binary_ops_float[ttnn-gelu_backward-f32-128x128-1x128] - builder.base.builder_runtime.TTBuilderRuntimeException: ttnn_from_device_golden() takes 1 positional argument but 2 were given
FAILED test/python/golden/ttir_ops/eltwise/test_ttir_binary.py::test_cpu_hoistable_binary_ops_float[ttnn-gelu_backward-f32-128x128-128x1] - builder.base.builder_runtime.TTBuilderRuntimeException: ttnn_from_device_golden() takes 1 positional argument but 2 were given
FAILED test/python/golden/ttir_ops/eltwise/test_ttir_binary.py::test_cpu_hoistable_binary_ops_float[ttnn-gelu_backward-f32-128x128-128x128] - builder.base.builder_runtime.TTBuilderRuntimeException: ttnn_from_device_golden() takes 1 positional argument but 2 were given
FAILED test/python/golden/ttir_ops/eltwise/test_ttir_binary.py::test_cpu_hoistable_binary_ops_float[ttnn-atan2-f32-7x41x43x11-7x41x43x11] - builder.base.builder_runtime.TTBuilderRuntimeException: ttnn_from_device_golden() takes 1 positional argument but 2 were given
FAILED test/python/golden/ttir_ops/eltwise/test_ttir_binary.py::test_cpu_hoistable_binary_ops_float[ttnn-atan2-f32-1x32-32x1] - builder.base.builder_runtime.TTBuilderRuntimeException: ttnn_from_device_golden() takes 1 positional argument but 2 were given
FAILED test/python/golden/ttir_ops/eltwise/test_ttir_binary.py::test_cpu_hoistable_binary_ops_float[ttnn-atan2-f32-1x32-1x32] - builder.base.builder_runtime.TTBuilderRuntimeException: ttnn_from_device_golden() takes 1 positional argument but 2 were given
FAILED test/python/golden/ttir_ops/eltwise/test_ttir_binary.py::test_cpu_hoistable_binary_ops_float[ttnn-atan2-f32-1x1x64-128x128x64] - builder.base.builder_runtime.TTBuilderRuntimeException: ttnn_from_device_golden() takes 1 positional argument but 2 were given
FAILED test/python/golden/ttir_ops/eltwise/test_ttir_binary.py::test_cpu_hoistable_binary_ops_float[ttnn-atan2-f32-1x1-32x32] - builder.base.builder_runtime.TTBuilderRuntimeException: ttnn_from_device_golden() takes 1 positional argument but 2 were given
FAILED test/python/golden/ttir_ops/eltwise/test_ttir_binary.py::test_cpu_hoistable_binary_ops_float[ttnn-atan2-f32-128x128x64-128x1x64] - builder.base.builder_runtime.TTBuilderRuntimeException: ttnn_from_device_golden() takes 1 positional argument but 2 were given
FAILED test/python/golden/ttir_ops/eltwise/test_ttir_binary.py::test_cpu_hoistable_binary_ops_float[ttnn-atan2-f32-128x128-1x128] - builder.base.builder_runtime.TTBuilderRuntimeException: ttnn_from_device_golden() takes 1 positional argument but 2 were given
FAILED test/python/golden/ttir_ops/eltwise/test_ttir_binary.py::test_cpu_hoistable_binary_ops_float[ttnn-atan2-f32-128x128-128x1] - builder.base.builder_runtime.TTBuilderRuntimeException: ttnn_from_device_golden() takes 1 positional argument but 2 were given
FAILED test/python/golden/ttir_ops/eltwise/test_ttir_binary.py::test_cpu_hoistable_binary_ops_float[ttnn-atan2-f32-128x128-128x128] - builder.base.builder_runtime.TTBuilderRuntimeException: ttnn_from_device_golden() takes 1 positional argument but 2 were given
FAILED test/python/golden/ttir_ops/eltwise/test_ttir_binary.py::test_binary_ops[gelu_backward_tanh-ttnn-f32-128x128] - builder.base.builder_runtime.TTBuilderRuntimeException: No golden function found for TTIR operation: <class 'ttmlir.dialects._ttnn_ops_gen.GeluBackwardOp'>
FAILED test/python/golden/ttir_ops/eltwise/test_ttir_binary.py::test_binary_ops[gelu_backward_tanh-ttnn-bf16-128x128] - builder.base.builder_runtime.TTBuilderRuntimeException: No golden function found for TTIR operation: <class 'ttmlir.dialects._ttnn_ops_gen.GeluBackwardOp'>
FAILED test/python/golden/ttir_ops/eltwise/test_ttir_binary.py::test_binary_ops[gelu_backward-ttnn-f32-128x128] - builder.base.builder_runtime.TTBuilderRuntimeException: No golden function found for TTIR operation: <class 'ttmlir.dialects._ttnn_ops_gen.GeluBackwardOp'>
FAILED test/python/golden/ttir_ops/eltwise/test_ttir_binary.py::test_binary_ops[gelu_backward-ttnn-bf16-128x128] - builder.base.builder_runtime.TTBuilderRuntimeException: No golden function found for TTIR operation: <class 'ttmlir.dialects._ttnn_ops_gen.GeluBackwardOp'>
FAILED test/python/golden/ttir_ops/eio/test_commute_permute_reduce.py::test_permute_mean[ttnn-shape9-permutation9-dim_arg9] - builder.base.builder_runtime.TTBuilderRuntimeException: No golden function found for TTIR operation: <class 'ttmlir.dialects._ttnn_ops_gen.MeanOp'>
FAILED test/python/golden/ttir_ops/eio/test_commute_permute_reduce.py::test_permute_mean[ttnn-shape8-permutation8-dim_arg8] - builder.base.builder_runtime.TTBuilderRuntimeException: No golden function found for TTIR operation: <class 'ttmlir.dialects._ttnn_ops_gen.ReshapeOp'>
FAILED test/python/golden/ttir_ops/eio/test_commute_permute_reduce.py::test_permute_mean[ttnn-shape7-permutation7-dim_arg7] - builder.base.builder_runtime.TTBuilderRuntimeException: No golden function found for TTIR operation: <class 'ttmlir.dialects._ttnn_ops_gen.MeanOp'>
FAILED test/python/golden/ttir_ops/eio/test_commute_permute_reduce.py::test_permute_mean[ttnn-shape6-permutation6-dim_arg6] - builder.base.builder_runtime.TTBuilderRuntimeException: No golden function found for TTIR operation: <class 'ttmlir.dialects._ttnn_ops_gen.MeanOp'>
FAILED test/python/golden/ttir_ops/eio/test_commute_permute_reduce.py::test_permute_mean[ttnn-shape5-permutation5-dim_arg5] - builder.base.builder_runtime.TTBuilderRuntimeException: No golden function found for TTIR operation: <class 'ttmlir.dialects._ttnn_ops_gen.MeanOp'>
FAILED test/python/golden/ttir_ops/eio/test_commute_permute_reduce.py::test_permute_mean[ttnn-shape4-permutation4-dim_arg4] - builder.base.builder_runtime.TTBuilderRuntimeException: No golden function found for TTIR operation: <class 'ttmlir.dialects._ttnn_ops_gen.MeanOp'>
FAILED test/python/golden/ttir_ops/eio/test_commute_permute_reduce.py::test_permute_mean[ttnn-shape3-permutation3-dim_arg3] - builder.base.builder_runtime.TTBuilderRuntimeException: No golden function found for TTIR operation: <class 'ttmlir.dialects._ttnn_ops_gen.MeanOp'>
FAILED test/python/golden/ttir_ops/eio/test_commute_permute_reduce.py::test_permute_mean[ttnn-shape2-permutation2-dim_arg2] - builder.base.builder_runtime.TTBuilderRuntimeException: No golden function found for TTIR operation: <class 'ttmlir.dialects._ttnn_ops_gen.MeanOp'>
FAILED test/python/golden/ttir_ops/eio/test_commute_permute_reduce.py::test_permute_mean[ttnn-shape1-permutation1-dim_arg1] - builder.base.builder_runtime.TTBuilderRuntimeException: No golden function found for TTIR operation: <class 'ttmlir.dialects._ttnn_ops_gen.MeanOp'>
FAILED test/python/golden/ttir_ops/eio/test_commute_permute_reduce.py::test_permute_mean[ttnn-shape0-permutation0-dim_arg0] - builder.base.builder_runtime.TTBuilderRuntimeException: No golden function found for TTIR operation: <class 'ttmlir.dialects._ttnn_ops_gen.MeanOp'>
FAILED test/python/golden/ttir_ops/eio/test_commute_permute_reduce.py::test_mean_permute[ttnn-shape9-dim_arg9-permutation9] - builder.base.builder_runtime.TTBuilderRuntimeException: No golden function found for TTIR operation: <class 'ttmlir.dialects._ttnn_ops_gen.MeanOp'>
FAILED test/python/golden/ttir_ops/eio/test_commute_permute_reduce.py::test_mean_permute[ttnn-shape8-dim_arg8-permutation8] - builder.base.builder_runtime.TTBuilderRuntimeException: No golden function found for TTIR operation: <class 'ttmlir.dialects._ttnn_ops_gen.MeanOp'>
FAILED test/python/golden/ttir_ops/eio/test_commute_permute_reduce.py::test_mean_permute[ttnn-shape7-dim_arg7-permutation7] - builder.base.builder_runtime.TTBuilderRuntimeException: No golden function found for TTIR operation: <class 'ttmlir.dialects._ttnn_ops_gen.MeanOp'>
FAILED test/python/golden/ttir_ops/eio/test_commute_permute_reduce.py::test_mean_permute[ttnn-shape6-dim_arg6-permutation6] - builder.base.builder_runtime.TTBuilderRuntimeException: No golden function found for TTIR operation: <class 'ttmlir.dialects._ttnn_ops_gen.MeanOp'>
FAILED test/python/golden/ttir_ops/eio/test_commute_permute_reduce.py::test_mean_permute[ttnn-shape5-dim_arg5-permutation5] - builder.base.builder_runtime.TTBuilderRuntimeException: No golden function found for TTIR operation: <class 'ttmlir.dialects._ttnn_ops_gen.MeanOp'>
FAILED test/python/golden/ttir_ops/eio/test_commute_permute_reduce.py::test_mean_permute[ttnn-shape4-dim_arg4-permutation4] - builder.base.builder_runtime.TTBuilderRuntimeException: No golden function found for TTIR operation: <class 'ttmlir.dialects._ttnn_ops_gen.MeanOp'>
FAILED test/python/golden/ttir_ops/eio/test_commute_permute_reduce.py::test_mean_permute[ttnn-shape3-dim_arg3-permutation3] - builder.base.builder_runtime.TTBuilderRuntimeException: No golden function found for TTIR operation: <class 'ttmlir.dialects._ttnn_ops_gen.MeanOp'>
FAILED test/python/golden/ttir_ops/eio/test_commute_permute_reduce.py::test_mean_permute[ttnn-shape2-dim_arg2-permutation2] - builder.base.builder_runtime.TTBuilderRuntimeException: No golden function found for TTIR operation: <class 'ttmlir.dialects._ttnn_ops_gen.MeanOp'>
FAILED test/python/golden/ttir_ops/eio/test_commute_permute_reduce.py::test_mean_permute[ttnn-shape1-dim_arg1-permutation1] - builder.base.builder_runtime.TTBuilderRuntimeException: No golden function found for TTIR operation: <class 'ttmlir.dialects._ttnn_ops_gen.MeanOp'>
FAILED test/python/golden/ttir_ops/eio/test_commute_permute_reduce.py::test_mean_permute[ttnn-shape0-dim_arg0-permutation0] - builder.base.builder_runtime.TTBuilderRuntimeException: No golden function found for TTIR operation: <class 'ttmlir.dialects._ttnn_ops_gen.MeanOp'>
FAILED test/python/golden/ttir_ops/data_movement/test_data_movement.py::test_unsqueeze[ttnn-0-128x128] - builder.base.builder_runtime.TTBuilderRuntimeException: No golden function found for TTIR operation: <class 'ttmlir.dialects._ttnn_ops_gen.ReshapeOp'>
FAILED test/python/golden/ttir_ops/data_movement/test_data_movement.py::test_transpose[ttnn-transpose_dims0-64x32] - builder.base.builder_runtime.TTBuilderRuntimeException: No golden function found for TTIR operation: <class 'ttmlir.dialects._ttnn_ops_gen.PermuteOp'>
FAILED test/python/golden/ttir_ops/data_movement/test_data_movement.py::test_squeeze[ttnn-0-1x128x128x1] - builder.base.builder_runtime.TTBuilderRuntimeException: No golden function found for TTIR operation: <class 'ttmlir.dialects._ttnn_ops_gen.ReshapeOp'>
FAILED test/python/golden/ttir_ops/data_movement/test_data_movement.py::test_sort[ttnn-True-True-2-f32-1x64x64] - builder.base.builder_runtime.TTBuilderRuntimeException: No golden function found for TTIR operation: <class 'ttmlir.dialects._ttnn_ops_gen.SortOp'>
FAILED test/python/golden/ttir_ops/data_movement/test_data_movement.py::test_sort[ttnn-True-True-2-bf16-1x64x64] - builder.base.builder_runtime.TTBuilderRuntimeException: No golden function found for TTIR operation: <class 'ttmlir.dialects._ttnn_ops_gen.SortOp'>
FAILED test/python/golden/ttir_ops/data_movement/test_data_movement.py::test_sort[ttnn-True-True-1-f32-1x64x64] - builder.base.builder_runtime.TTBuilderRuntimeException: No golden function found for TTIR operation: <class 'ttmlir.dialects._ttnn_ops_gen.SortOp'>
FAILED test/python/golden/ttir_ops/data_movement/test_data_movement.py::test_sort[ttnn-True-True-1-bf16-1x64x64] - builder.base.builder_runtime.TTBuilderRuntimeException: No golden function found for TTIR operation: <class 'ttmlir.dialects._ttnn_ops_gen.SortOp'>
FAILED test/python/golden/ttir_ops/data_movement/test_data_movement.py::test_sort[ttnn-True-False-2-f32-1x64x64] - builder.base.builder_runtime.TTBuilderRuntimeException: No golden function found for TTIR operation: <class 'ttmlir.dialects._ttnn_ops_gen.SortOp'>
FAILED test/python/golden/ttir_ops/data_movement/test_data_movement.py::test_sort[ttnn-True-False-2-bf16-1x64x64] - builder.base.builder_runtime.TTBuilderRuntimeException: No golden function found for TTIR operation: <class 'ttmlir.dialects._ttnn_ops_gen.SortOp'>
FAILED test/python/golden/ttir_ops/data_movement/test_data_movement.py::test_sort[ttnn-True-False-1-f32-1x64x64] - builder.base.builder_runtime.TTBuilderRuntimeException: No golden function found for TTIR operation: <class 'ttmlir.dialects._ttnn_ops_gen.SortOp'>
FAILED test/python/golden/ttir_ops/data_movement/test_data_movement.py::test_sort[ttnn-True-False-1-bf16-1x64x64] - builder.base.builder_runtime.TTBuilderRuntimeException: No golden function found for TTIR operation: <class 'ttmlir.dialects._ttnn_ops_gen.SortOp'>
FAILED test/python/golden/ttir_ops/data_movement/test_data_movement.py::test_sort[ttnn-False-True-2-f32-1x64x64] - builder.base.builder_runtime.TTBuilderRuntimeException: No golden function found for TTIR operation: <class 'ttmlir.dialects._ttnn_ops_gen.SortOp'>
FAILED test/python/golden/ttir_ops/data_movement/test_data_movement.py::test_sort[ttnn-False-True-2-bf16-1x64x64] - builder.base.builder_runtime.TTBuilderRuntimeException: No golden function found for TTIR operation: <class 'ttmlir.dialects._ttnn_ops_gen.SortOp'>
FAILED test/python/golden/ttir_ops/data_movement/test_data_movement.py::test_sort[ttnn-False-True-1-f32-1x64x64] - builder.base.builder_runtime.TTBuilderRuntimeException: No golden function found for TTIR operation: <class 'ttmlir.dialects._ttnn_ops_gen.SortOp'>
FAILED test/python/golden/ttir_ops/data_movement/test_data_movement.py::test_sort[ttnn-False-True-1-bf16-1x64x64] - builder.base.builder_runtime.TTBuilderRuntimeException: No golden function found for TTIR operation: <class 'ttmlir.dialects._ttnn_ops_gen.SortOp'>
FAILED test/python/golden/ttir_ops/data_movement/test_data_movement.py::test_sort[ttnn-False-False-2-f32-1x64x64] - builder.base.builder_runtime.TTBuilderRuntimeException: No golden function found for TTIR operation: <class 'ttmlir.dialects._ttnn_ops_gen.SortOp'>
FAILED test/python/golden/ttir_ops/data_movement/test_data_movement.py::test_sort[ttnn-False-False-2-bf16-1x64x64] - builder.base.builder_runtime.TTBuilderRuntimeException: No golden function found for TTIR operation: <class 'ttmlir.dialects._ttnn_ops_gen.SortOp'>
FAILED test/python/golden/ttir_ops/data_movement/test_data_movement.py::test_sort[ttnn-False-False-1-f32-1x64x64] - builder.base.builder_runtime.TTBuilderRuntimeException: No golden function found for TTIR operation: <class 'ttmlir.dialects._ttnn_ops_gen.SortOp'>
FAILED test/python/golden/ttir_ops/data_movement/test_data_movement.py::test_sort[ttnn-False-False-1-bf16-1x64x64] - builder.base.builder_runtime.TTBuilderRuntimeException: No golden function found for TTIR operation: <class 'ttmlir.dialects._ttnn_ops_gen.SortOp'>
FAILED test/python/golden/ttir_ops/data_movement/test_data_movement.py::test_slice[ttnn-f32-shape9-begins9-ends9-step9] - builder.base.builder_runtime.TTBuilderRuntimeException: No golden function found for TTIR operation: <class 'ttmlir.dialects._ttnn_ops_gen.SliceStaticOp'>
FAILED test/python/golden/ttir_ops/data_movement/test_data_movement.py::test_slice[ttnn-f32-shape8-begins8-ends8-None] - builder.base.builder_runtime.TTBuilderRuntimeException: No golden function found for TTIR operation: <class 'ttmlir.dialects._ttnn_ops_gen.SliceStaticOp'>
FAILED test/python/golden/ttir_ops/data_movement/test_data_movement.py::test_slice[ttnn-f32-shape7-begins7-ends7-step7] - builder.base.builder_runtime.TTBuilderRuntimeException: No golden function found for TTIR operation: <class 'ttmlir.dialects._ttnn_ops_gen.SliceStaticOp'>
FAILED test/python/golden/ttir_ops/data_movement/test_data_movement.py::test_slice[ttnn-f32-shape6-begins6-ends6-step6] - builder.base.builder_runtime.TTBuilderRuntimeException: No golden function found for TTIR operation: <class 'ttmlir.dialects._ttnn_ops_gen.SliceStaticOp'>
FAILED test/python/golden/ttir_ops/data_movement/test_data_movement.py::test_slice[ttnn-f32-shape5-begins5-ends5-None] - builder.base.builder_runtime.TTBuilderRuntimeException: No golden function found for TTIR operation: <class 'ttmlir.dialects._ttnn_ops_gen.SliceStaticOp'>
FAILED test/python/golden/ttir_ops/data_movement/test_data_movement.py::test_slice[ttnn-f32-shape4-begins4-ends4-step4] - builder.base.builder_runtime.TTBuilderRuntimeException: No golden function found for TTIR operation: <class 'ttmlir.dialects._ttnn_ops_gen.SliceStaticOp'>
FAILED test/python/golden/ttir_ops/data_movement/test_data_movement.py::test_slice[ttnn-f32-shape3-begins3-ends3-step3] - builder.base.builder_runtime.TTBuilderRuntimeException: No golden function found for TTIR operation: <class 'ttmlir.dialects._ttnn_ops_gen.SliceStaticOp'>
FAILED test/python/golden/ttir_ops/data_movement/test_data_movement.py::test_slice[ttnn-f32-shape29-begins29-ends29-None] - builder.base.builder_runtime.TTBuilderRuntimeException: No golden function found for TTIR operation: <class 'ttmlir.dialects._ttnn_ops_gen.SliceStaticOp'>
FAILED test/python/golden/ttir_ops/data_movement/test_data_movement.py::test_slice[ttnn-f32-shape28-begins28-ends28-step28] - builder.base.builder_runtime.TTBuilderRuntimeException: No golden function found for TTIR operation: <class 'ttmlir.dialects._ttnn_ops_gen.SliceStaticOp'>
FAILED test/python/golden/ttir_ops/data_movement/test_data_movement.py::test_slice[ttnn-f32-shape27-begins27-ends27-None] - builder.base.builder_runtime.TTBuilderRuntimeException: No golden function found for TTIR operation: <class 'ttmlir.dialects._ttnn_ops_gen.SliceStaticOp'>
FAILED test/python/golden/ttir_ops/data_movement/test_data_movement.py::test_slice[ttnn-f32-shape26-begins26-ends26-step26] - builder.base.builder_runtime.TTBuilderRuntimeException: No golden function found for TTIR operation: <class 'ttmlir.dialects._ttnn_ops_gen.SliceStaticOp'>
FAILED test/python/golden/ttir_ops/data_movement/test_data_movement.py::test_slice[ttnn-f32-shape25-begins25-ends25-step25] - builder.base.builder_runtime.TTBuilderRuntimeException: No golden function found for TTIR operation: <class 'ttmlir.dialects._ttnn_ops_gen.SliceStaticOp'>
FAILED test/python/golden/ttir_ops/data_movement/test_data_movement.py::test_slice[ttnn-f32-shape24-begins24-ends24-None] - builder.base.builder_runtime.TTBuilderRuntimeException: No golden function found for TTIR operation: <class 'ttmlir.dialects._ttnn_ops_gen.SliceStaticOp'>
FAILED test/python/golden/ttir_ops/data_movement/test_data_movement.py::test_slice[ttnn-f32-shape23-begins23-ends23-None] - builder.base.builder_runtime.TTBuilderRuntimeException: No golden function found for TTIR operation: <class 'ttmlir.dialects._ttnn_ops_gen.SliceStaticOp'>
FAILED test/python/golden/ttir_ops/data_movement/test_data_movement.py::test_slice[ttnn-f32-shape22-begins22-ends22-None] - builder.base.builder_runtime.TTBuilderRuntimeException: No golden function found for TTIR operation: <class 'ttmlir.dialects._ttnn_ops_gen.SliceStaticOp'>
FAILED test/python/golden/ttir_ops/data_movement/test_data_movement.py::test_slice[ttnn-f32-shape21-begins21-ends21-step21] - builder.base.builder_runtime.TTBuilderRuntimeException: No golden function found for TTIR operation: <class 'ttmlir.dialects._ttnn_ops_gen.SliceStaticOp'>
FAILED test/python/golden/ttir_ops/data_movement/test_data_movement.py::test_slice[ttnn-f32-shape20-begins20-ends20-step20] - builder.base.builder_runtime.TTBuilderRuntimeException: No golden function found for TTIR operation: <class 'ttmlir.dialects._ttnn_ops_gen.SliceStaticOp'>
FAILED test/python/golden/ttir_ops/data_movement/test_data_movement.py::test_slice[ttnn-f32-shape2-begins2-ends2-step2] - builder.base.builder_runtime.TTBuilderRuntimeException: No golden function found for TTIR operation: <class 'ttmlir.dialects._ttnn_ops_gen.SliceStaticOp'>
FAILED test/python/golden/ttir_ops/data_movement/test_data_movement.py::test_slice[ttnn-f32-shape19-begins19-ends19-step19] - builder.base.builder_runtime.TTBuilderRuntimeException: No golden function found for TTIR operation: <class 'ttmlir.dialects._ttnn_ops_gen.SliceStaticOp'>
FAILED test/python/golden/ttir_ops/data_movement/test_data_movement.py::test_slice[ttnn-f32-shape18-begins18-ends18-step18] - builder.base.builder_runtime.TTBuilderRuntimeException: No golden function found for TTIR operation: <class 'ttmlir.dialects._ttnn_ops_gen.SliceStaticOp'>
FAILED test/python/golden/ttir_ops/data_movement/test_data_movement.py::test_slice[ttnn-f32-shape17-begins17-ends17-step17] - builder.base.builder_runtime.TTBuilderRuntimeException: No golden function found for TTIR operation: <class 'ttmlir.dialects._ttnn_ops_gen.SliceStaticOp'>
FAILED test/python/golden/ttir_ops/data_movement/test_data_movement.py::test_slice[ttnn-f32-shape16-begins16-ends16-None] - builder.base.builder_runtime.TTBuilderRuntimeException: No golden function found for TTIR operation: <class 'ttmlir.dialects._ttnn_ops_gen.SliceStaticOp'>
FAILED test/python/golden/ttir_ops/data_movement/test_data_movement.py::test_slice[ttnn-f32-shape15-begins15-ends15-None] - builder.base.builder_runtime.TTBuilderRuntimeException: No golden function found for TTIR operation: <class 'ttmlir.dialects._ttnn_ops_gen.SliceStaticOp'>
FAILED test/python/golden/ttir_ops/data_movement/test_data_movement.py::test_slice[ttnn-f32-shape14-begins14-ends14-step14] - builder.base.builder_runtime.TTBuilderRuntimeException: No golden function found for TTIR operation: <class 'ttmlir.dialects._ttnn_ops_gen.SliceStaticOp'>
FAILED test/python/golden/ttir_ops/data_movement/test_data_movement.py::test_slice[ttnn-f32-shape13-begins13-ends13-step13] - builder.base.builder_runtime.TTBuilderRuntimeException: No golden function found for TTIR operation: <class 'ttmlir.dialects._ttnn_ops_gen.SliceStaticOp'>
FAILED test/python/golden/ttir_ops/data_movement/test_data_movement.py::test_slice[ttnn-f32-shape12-begins12-ends12-step12] - builder.base.builder_runtime.TTBuilderRuntimeException: No golden function found for TTIR operation: <class 'ttmlir.dialects._ttnn_ops_gen.SliceStaticOp'>
FAILED test/python/golden/ttir_ops/data_movement/test_data_movement.py::test_slice[ttnn-f32-shape11-begins11-ends11-step11] - builder.base.builder_runtime.TTBuilderRuntimeException: No golden function found for TTIR operation: <class 'ttmlir.dialects._ttnn_ops_gen.SliceStaticOp'>
FAILED test/python/golden/ttir_ops/data_movement/test_data_movement.py::test_slice[ttnn-f32-shape10-begins10-ends10-step10] - builder.base.builder_runtime.TTBuilderRuntimeException: No golden function found for TTIR operation: <class 'ttmlir.dialects._ttnn_ops_gen.SliceStaticOp'>
FAILED test/python/golden/ttir_ops/data_movement/test_data_movement.py::test_slice[ttnn-f32-shape1-begins1-ends1-step1] - builder.base.builder_runtime.TTBuilderRuntimeException: No golden function found for TTIR operation: <class 'ttmlir.dialects._ttnn_ops_gen.SliceStaticOp'>
FAILED test/python/golden/ttir_ops/data_movement/test_data_movement.py::test_slice[ttnn-f32-shape0-begins0-ends0-step0] - builder.base.builder_runtime.TTBuilderRuntimeException: No golden function found for TTIR operation: <class 'ttmlir.dialects._ttnn_ops_gen.SliceStaticOp'>
FAILED test/python/golden/ttir_ops/data_movement/test_data_movement.py::test_slice[ttnn-bf16-shape9-begins9-ends9-step9] - builder.base.builder_runtime.TTBuilderRuntimeException: No golden function found for TTIR operation: <class 'ttmlir.dialects._ttnn_ops_gen.SliceStaticOp'>
FAILED test/python/golden/ttir_ops/data_movement/test_data_movement.py::test_slice[ttnn-bf16-shape8-begins8-ends8-None] - builder.base.builder_runtime.TTBuilderRuntimeException: No golden function found for TTIR operation: <class 'ttmlir.dialects._ttnn_ops_gen.SliceStaticOp'>
FAILED test/python/golden/ttir_ops/data_movement/test_data_movement.py::test_slice[ttnn-bf16-shape7-begins7-ends7-step7] - builder.base.builder_runtime.TTBuilderRuntimeException: No golden function found for TTIR operation: <class 'ttmlir.dialects._ttnn_ops_gen.SliceStaticOp'>
FAILED test/python/golden/ttir_ops/data_movement/test_data_movement.py::test_slice[ttnn-bf16-shape6-begins6-ends6-step6] - builder.base.builder_runtime.TTBuilderRuntimeException: No golden function found for TTIR operation: <class 'ttmlir.dialects._ttnn_ops_gen.SliceStaticOp'>
FAILED test/python/golden/ttir_ops/data_movement/test_data_movement.py::test_slice[ttnn-bf16-shape5-begins5-ends5-None] - builder.base.builder_runtime.TTBuilderRuntimeException: No golden function found for TTIR operation: <class 'ttmlir.dialects._ttnn_ops_gen.SliceStaticOp'>
FAILED test/python/golden/ttir_ops/data_movement/test_data_movement.py::test_slice[ttnn-bf16-shape4-begins4-ends4-step4] - builder.base.builder_runtime.TTBuilderRuntimeException: No golden function found for TTIR operation: <class 'ttmlir.dialects._ttnn_ops_gen.SliceStaticOp'>
FAILED test/python/golden/ttir_ops/data_movement/test_data_movement.py::test_slice[ttnn-bf16-shape3-begins3-ends3-step3] - builder.base.builder_runtime.TTBuilderRuntimeException: No golden function found for TTIR operation: <class 'ttmlir.dialects._ttnn_ops_gen.SliceStaticOp'>
FAILED test/python/golden/ttir_ops/data_movement/test_data_movement.py::test_slice[ttnn-bf16-shape29-begins29-ends29-None] - builder.base.builder_runtime.TTBuilderRuntimeException: No golden function found for TTIR operation: <class 'ttmlir.dialects._ttnn_ops_gen.SliceStaticOp'>
FAILED test/python/golden/ttir_ops/data_movement/test_data_movement.py::test_slice[ttnn-bf16-shape28-begins28-ends28-step28] - builder.base.builder_runtime.TTBuilderRuntimeException: No golden function found for TTIR operation: <class 'ttmlir.dialects._ttnn_ops_gen.SliceStaticOp'>
FAILED test/python/golden/ttir_ops/data_movement/test_data_movement.py::test_slice[ttnn-bf16-shape27-begins27-ends27-None] - builder.base.builder_runtime.TTBuilderRuntimeException: No golden function found for TTIR operation: <class 'ttmlir.dialects._ttnn_ops_gen.SliceStaticOp'>
FAILED test/python/golden/ttir_ops/data_movement/test_data_movement.py::test_slice[ttnn-bf16-shape26-begins26-ends26-step26] - builder.base.builder_runtime.TTBuilderRuntimeException: No golden function found for TTIR operation: <class 'ttmlir.dialects._ttnn_ops_gen.SliceStaticOp'>
FAILED test/python/golden/ttir_ops/data_movement/test_data_movement.py::test_slice[ttnn-bf16-shape25-begins25-ends25-step25] - builder.base.builder_runtime.TTBuilderRuntimeException: No golden function found for TTIR operation: <class 'ttmlir.dialects._ttnn_ops_gen.SliceStaticOp'>
FAILED test/python/golden/ttir_ops/data_movement/test_data_movement.py::test_slice[ttnn-bf16-shape24-begins24-ends24-None] - builder.base.builder_runtime.TTBuilderRuntimeException: No golden function found for TTIR operation: <class 'ttmlir.dialects._ttnn_ops_gen.SliceStaticOp'>
FAILED test/python/golden/ttir_ops/data_movement/test_data_movement.py::test_slice[ttnn-bf16-shape23-begins23-ends23-None] - builder.base.builder_runtime.TTBuilderRuntimeException: No golden function found for TTIR operation: <class 'ttmlir.dialects._ttnn_ops_gen.SliceStaticOp'>
FAILED test/python/golden/ttir_ops/data_movement/test_data_movement.py::test_slice[ttnn-bf16-shape22-begins22-ends22-None] - builder.base.builder_runtime.TTBuilderRuntimeException: No golden function found for TTIR operation: <class 'ttmlir.dialects._ttnn_ops_gen.SliceStaticOp'>
FAILED test/python/golden/ttir_ops/data_movement/test_data_movement.py::test_slice[ttnn-bf16-shape21-begins21-ends21-step21] - builder.base.builder_runtime.TTBuilderRuntimeException: No golden function found for TTIR operation: <class 'ttmlir.dialects._ttnn_ops_gen.SliceStaticOp'>
FAILED test/python/golden/ttir_ops/data_movement/test_data_movement.py::test_slice[ttnn-bf16-shape20-begins20-ends20-step20] - builder.base.builder_runtime.TTBuilderRuntimeException: No golden function found for TTIR operation: <class 'ttmlir.dialects._ttnn_ops_gen.SliceStaticOp'>
FAILED test/python/golden/ttir_ops/data_movement/test_data_movement.py::test_slice[ttnn-bf16-shape2-begins2-ends2-step2] - builder.base.builder_runtime.TTBuilderRuntimeException: No golden function found for TTIR operation: <class 'ttmlir.dialects._ttnn_ops_gen.SliceStaticOp'>
FAILED test/python/golden/ttir_ops/data_movement/test_data_movement.py::test_slice[ttnn-bf16-shape19-begins19-ends19-step19] - builder.base.builder_runtime.TTBuilderRuntimeException: No golden function found for TTIR operation: <class 'ttmlir.dialects._ttnn_ops_gen.SliceStaticOp'>
FAILED test/python/golden/ttir_ops/data_movement/test_data_movement.py::test_slice[ttnn-bf16-shape18-begins18-ends18-step18] - builder.base.builder_runtime.TTBuilderRuntimeException: No golden function found for TTIR operation: <class 'ttmlir.dialects._ttnn_ops_gen.SliceStaticOp'>
FAILED test/python/golden/ttir_ops/data_movement/test_data_movement.py::test_slice[ttnn-bf16-shape17-begins17-ends17-step17] - builder.base.builder_runtime.TTBuilderRuntimeException: No golden function found for TTIR operation: <class 'ttmlir.dialects._ttnn_ops_gen.SliceStaticOp'>
FAILED test/python/golden/ttir_ops/data_movement/test_data_movement.py::test_slice[ttnn-bf16-shape16-begins16-ends16-None] - builder.base.builder_runtime.TTBuilderRuntimeException: No golden function found for TTIR operation: <class 'ttmlir.dialects._ttnn_ops_gen.SliceStaticOp'>
FAILED test/python/golden/ttir_ops/data_movement/test_data_movement.py::test_slice[ttnn-bf16-shape15-begins15-ends15-None] - builder.base.builder_runtime.TTBuilderRuntimeException: No golden function found for TTIR operation: <class 'ttmlir.dialects._ttnn_ops_gen.SliceStaticOp'>
FAILED test/python/golden/ttir_ops/data_movement/test_data_movement.py::test_slice[ttnn-bf16-shape14-begins14-ends14-step14] - builder.base.builder_runtime.TTBuilderRuntimeException: No golden function found for TTIR operation: <class 'ttmlir.dialects._ttnn_ops_gen.SliceStaticOp'>
FAILED test/python/golden/ttir_ops/data_movement/test_data_movement.py::test_slice[ttnn-bf16-shape13-begins13-ends13-step13] - builder.base.builder_runtime.TTBuilderRuntimeException: No golden function found for TTIR operation: <class 'ttmlir.dialects._ttnn_ops_gen.SliceStaticOp'>
FAILED test/python/golden/ttir_ops/data_movement/test_data_movement.py::test_slice[ttnn-bf16-shape12-begins12-ends12-step12] - builder.base.builder_runtime.TTBuilderRuntimeException: No golden function found for TTIR operation: <class 'ttmlir.dialects._ttnn_ops_gen.SliceStaticOp'>
FAILED test/python/golden/ttir_ops/data_movement/test_data_movement.py::test_slice[ttnn-bf16-shape11-begins11-ends11-step11] - builder.base.builder_runtime.TTBuilderRuntimeException: No golden function found for TTIR operation: <class 'ttmlir.dialects._ttnn_ops_gen.SliceStaticOp'>
FAILED test/python/golden/ttir_ops/data_movement/test_data_movement.py::test_slice[ttnn-bf16-shape10-begins10-ends10-step10] - builder.base.builder_runtime.TTBuilderRuntimeException: No golden function found for TTIR operation: <class 'ttmlir.dialects._ttnn_ops_gen.SliceStaticOp'>
FAILED test/python/golden/ttir_ops/data_movement/test_data_movement.py::test_slice[ttnn-bf16-shape1-begins1-ends1-step1] - builder.base.builder_runtime.TTBuilderRuntimeException: No golden function found for TTIR operation: <class 'ttmlir.dialects._ttnn_ops_gen.SliceStaticOp'>
FAILED test/python/golden/ttir_ops/data_movement/test_data_movement.py::test_slice[ttnn-bf16-shape0-begins0-ends0-step0] - builder.base.builder_runtime.TTBuilderRuntimeException: No golden function found for TTIR operation: <class 'ttmlir.dialects._ttnn_ops_gen.SliceStaticOp'>
FAILED test/python/golden/ttir_ops/data_movement/test_data_movement.py::test_reshape[ttnn-ui8-64x512-64x1x512] - builder.base.builder_runtime.TTBuilderRuntimeException: No golden function found for TTIR operation: <class 'ttmlir.dialects._ttnn_ops_gen.ReshapeOp'>
FAILED test/python/golden/ttir_ops/data_movement/test_data_movement.py::test_reshape[ttnn-ui8-32x3x224x224-32x150528] - builder.base.builder_runtime.TTBuilderRuntimeException: No golden function found for TTIR operation: <class 'ttmlir.dialects._ttnn_ops_gen.ReshapeOp'>
FAILED test/python/golden/ttir_ops/data_movement/test_data_movement.py::test_reshape[ttnn-ui8-2x3x4-6x4] - builder.base.builder_runtime.TTBuilderRuntimeException: No golden function found for TTIR operation: <class 'ttmlir.dialects._ttnn_ops_gen.ReshapeOp'>
FAILED test/python/golden/ttir_ops/data_movement/test_data_movement.py::test_reshape[ttnn-ui8-256x256-512x128] - builder.base.builder_runtime.TTBuilderRuntimeException: No golden function found for TTIR operation: <class 'ttmlir.dialects._ttnn_ops_gen.ReshapeOp'>
FAILED test/python/golden/ttir_ops/data_movement/test_data_movement.py::test_reshape[ttnn-ui8-24-2x3x4] - builder.base.builder_runtime.TTBuilderRuntimeException: No golden function found for TTIR operation: <class 'ttmlir.dialects._ttnn_ops_gen.ReshapeOp'>
FAILED test/python/golden/ttir_ops/data_movement/test_data_movement.py::test_reshape[ttnn-ui8-1x1x1-1] - builder.base.builder_runtime.TTBuilderRuntimeException: No golden function found for TTIR operation: <class 'ttmlir.dialects._ttnn_ops_gen.ReshapeOp'>
FAILED test/python/golden/ttir_ops/data_movement/test_data_movement.py::test_reshape[ttnn-ui8-128x128-64x256] - builder.base.builder_runtime.TTBuilderRuntimeException: No golden function found for TTIR operation: <class 'ttmlir.dialects._ttnn_ops_gen.ReshapeOp'>
FAILED test/python/golden/ttir_ops/data_movement/test_data_movement.py::test_reshape[ttnn-ui8-128x128-16384] - builder.base.builder_runtime.TTBuilderRuntimeException: No golden function found for TTIR operation: <class 'ttmlir.dialects._ttnn_ops_gen.ReshapeOp'>
FAILED test/python/golden/ttir_ops/data_movement/test_data_movement.py::test_reshape[ttnn-ui8-0x32x128-0] - builder.base.builder_runtime.TTBuilderRuntimeException: both buffer length (0) and count (-1) must not be 0
FAILED test/python/golden/ttir_ops/data_movement/test_data_movement.py::test_reshape[ttnn-f32-64x512-64x1x512] - builder.base.builder_runtime.TTBuilderRuntimeException: No golden function found for TTIR operation: <class 'ttmlir.dialects._ttnn_ops_gen.ReshapeOp'>
FAILED test/python/golden/ttir_ops/data_movement/test_data_movement.py::test_reshape[ttnn-f32-32x3x224x224-32x150528] - builder.base.builder_runtime.TTBuilderRuntimeException: No golden function found for TTIR operation: <class 'ttmlir.dialects._ttnn_ops_gen.ReshapeOp'>
FAILED test/python/golden/ttir_ops/data_movement/test_data_movement.py::test_reshape[ttnn-f32-2x3x4-6x4] - builder.base.builder_runtime.TTBuilderRuntimeException: No golden function found for TTIR operation: <class 'ttmlir.dialects._ttnn_ops_gen.ReshapeOp'>
FAILED test/python/golden/ttir_ops/data_movement/test_data_movement.py::test_reshape[ttnn-f32-256x256-512x128] - builder.base.builder_runtime.TTBuilderRuntimeException: No golden function found for TTIR operation: <class 'ttmlir.dialects._ttnn_ops_gen.ReshapeOp'>
FAILED test/python/golden/ttir_ops/data_movement/test_data_movement.py::test_reshape[ttnn-f32-24-2x3x4] - builder.base.builder_runtime.TTBuilderRuntimeException: No golden function found for TTIR operation: <class 'ttmlir.dialects._ttnn_ops_gen.ReshapeOp'>
FAILED test/python/golden/ttir_ops/data_movement/test_data_movement.py::test_reshape[ttnn-f32-1x1x1-1] - builder.base.builder_runtime.TTBuilderRuntimeException: No golden function found for TTIR operation: <class 'ttmlir.dialects._ttnn_ops_gen.ReshapeOp'>
FAILED test/python/golden/ttir_ops/data_movement/test_data_movement.py::test_reshape[ttnn-f32-128x128-64x256] - builder.base.builder_runtime.TTBuilderRuntimeException: No golden function found for TTIR operation: <class 'ttmlir.dialects._ttnn_ops_gen.ReshapeOp'>
FAILED test/python/golden/ttir_ops/data_movement/test_data_movement.py::test_reshape[ttnn-f32-128x128-16384] - builder.base.builder_runtime.TTBuilderRuntimeException: No golden function found for TTIR operation: <class 'ttmlir.dialects._ttnn_ops_gen.ReshapeOp'>
FAILED test/python/golden/ttir_ops/data_movement/test_data_movement.py::test_reshape[ttnn-f32-0x32x128-0] - builder.base.builder_runtime.TTBuilderRuntimeException: both buffer length (0) and count (-1) must not be 0
FAILED test/python/golden/ttir_ops/data_movement/test_data_movement.py::test_permute[ttnn-permutation0-2x3x4] - builder.base.builder_runtime.TTBuilderRuntimeException: No golden function found for TTIR operation: <class 'ttmlir.dialects._ttnn_ops_gen.PermuteOp'>
FAILED test/python/golden/ttir_ops/data_movement/test_data_movement.py::test_pad[ttnn-0-shape5-padding5] - builder.base.builder_runtime.TTBuilderRuntimeException: No golden function found for TTIR operation: <class 'ttmlir.dialects._ttnn_ops_gen.PermuteOp'>
FAILED test/python/golden/ttir_ops/data_movement/test_data_movement.py::test_pad[ttnn-0-shape4-padding4] - builder.base.builder_runtime.TTBuilderRuntimeException: No golden function found for TTIR operation: <class 'ttmlir.dialects._ttnn_ops_gen.PermuteOp'>
FAILED test/python/golden/ttir_ops/data_movement/test_data_movement.py::test_pad[ttnn-0-shape3-padding3] - builder.base.builder_runtime.TTBuilderRuntimeException: No golden function found for TTIR operation: <class 'ttmlir.dialects._ttnn_ops_gen.PermuteOp'>
FAILED test/python/golden/ttir_ops/data_movement/test_data_movement.py::test_pad[ttnn-0-shape2-padding2] - builder.base.builder_runtime.TTBuilderRuntimeException: No golden function found for TTIR operation: <class 'ttmlir.dialects._ttnn_ops_gen.SliceStaticOp'>
FAILED test/python/golden/ttir_ops/data_movement/test_data_movement.py::test_pad[ttnn-0-shape1-padding1] - builder.base.builder_runtime.TTBuilderRuntimeException: No golden function found for TTIR operation: <class 'ttmlir.dialects._ttnn_ops_gen.SliceStaticOp'>
FAILED test/python/golden/ttir_ops/data_movement/test_data_movement.py::test_pad[ttnn-0-shape0-padding0] - builder.base.builder_runtime.TTBuilderRuntimeException: 'ttmlir._mlir_libs._mlir.ir.F32Type' object has no attribute 'element_type'
FAILED test/python/golden/ttir_ops/data_movement/test_data_movement.py::test_concat[ttnn-shapes9-0] - builder.base.builder_runtime.TTBuilderRuntimeException: Unexpected attribute type: <class 'golden.mapping.GoldenMapTensor'>
FAILED test/python/golden/ttir_ops/data_movement/test_data_movement.py::test_concat[ttnn-shapes8-1] - builder.base.builder_runtime.TTBuilderRuntimeException: Unexpected attribute type: <class 'golden.mapping.GoldenMapTensor'>
FAILED test/python/golden/ttir_ops/data_movement/test_data_movement.py::test_concat[ttnn-shapes7-0] - builder.base.builder_runtime.TTBuilderRuntimeException: Unexpected attribute type: <class 'golden.mapping.GoldenMapTensor'>
FAILED test/python/golden/ttir_ops/data_movement/test_data_movement.py::test_concat[ttnn-shapes6-1] - builder.base.builder_runtime.TTBuilderRuntimeException: Unexpected attribute type: <class 'golden.mapping.GoldenMapTensor'>
FAILED test/python/golden/ttir_ops/data_movement/test_data_movement.py::test_concat[ttnn-shapes5-0] - builder.base.builder_runtime.TTBuilderRuntimeException: Unexpected attribute type: <class 'golden.mapping.GoldenMapTensor'>
FAILED test/python/golden/ttir_ops/data_movement/test_data_movement.py::test_concat[ttnn-shapes4-1] - builder.base.builder_runtime.TTBuilderRuntimeException: Unexpected attribute type: <class 'golden.mapping.GoldenMapTensor'>
FAILED test/python/golden/ttir_ops/data_movement/test_data_movement.py::test_concat[ttnn-shapes3-0] - builder.base.builder_runtime.TTBuilderRuntimeException: Unexpected attribute type: <class 'golden.mapping.GoldenMapTensor'>
FAILED test/python/golden/ttir_ops/data_movement/test_data_movement.py::test_concat[ttnn-shapes27-0] - builder.base.builder_runtime.TTBuilderRuntimeException: Unexpected attribute type: <class 'golden.mapping.GoldenMapTensor'>
FAILED test/python/golden/ttir_ops/data_movement/test_data_movement.py::test_concat[ttnn-shapes26-1] - builder.base.builder_runtime.TTBuilderRuntimeException: Unexpected attribute type: <class 'golden.mapping.GoldenMapTensor'>
FAILED test/python/golden/ttir_ops/data_movement/test_data_movement.py::test_concat[ttnn-shapes25-2] - builder.base.builder_runtime.TTBuilderRuntimeException: Unexpected attribute type: <class 'golden.mapping.GoldenMapTensor'>
FAILED test/python/golden/ttir_ops/data_movement/test_data_movement.py::test_concat[ttnn-shapes24-3] - builder.base.builder_runtime.TTBuilderRuntimeException: Unexpected attribute type: <class 'golden.mapping.GoldenMapTensor'>
FAILED test/python/golden/ttir_ops/data_movement/test_data_movement.py::test_concat[ttnn-shapes23-0] - builder.base.builder_runtime.TTBuilderRuntimeException: Unexpected attribute type: <class 'golden.mapping.GoldenMapTensor'>
FAILED test/python/golden/ttir_ops/data_movement/test_data_movement.py::test_concat[ttnn-shapes22-1] - builder.base.builder_runtime.TTBuilderRuntimeException: Unexpected attribute type: <class 'golden.mapping.GoldenMapTensor'>
FAILED test/python/golden/ttir_ops/data_movement/test_data_movement.py::test_concat[ttnn-shapes21-2] - builder.base.builder_runtime.TTBuilderRuntimeException: Unexpected attribute type: <class 'golden.mapping.GoldenMapTensor'>
FAILED test/python/golden/ttir_ops/data_movement/test_data_movement.py::test_concat[ttnn-shapes20-3] - builder.base.builder_runtime.TTBuilderRuntimeException: Unexpected attribute type: <class 'golden.mapping.GoldenMapTensor'>
FAILED test/python/golden/ttir_ops/data_movement/test_data_movement.py::test_concat[ttnn-shapes2-1] - builder.base.builder_runtime.TTBuilderRuntimeException: Unexpected attribute type: <class 'golden.mapping.GoldenMapTensor'>
FAILED test/python/golden/ttir_ops/data_movement/test_data_movement.py::test_concat[ttnn-shapes19-0] - builder.base.builder_runtime.TTBuilderRuntimeException: Unexpected attribute type: <class 'golden.mapping.GoldenMapTensor'>
FAILED test/python/golden/ttir_ops/data_movement/test_data_movement.py::test_concat[ttnn-shapes18-1] - builder.base.builder_runtime.TTBuilderRuntimeException: Unexpected attribute type: <class 'golden.mapping.GoldenMapTensor'>
FAILED test/python/golden/ttir_ops/data_movement/test_data_movement.py::test_concat[ttnn-shapes17-2] - builder.base.builder_runtime.TTBuilderRuntimeException: Unexpected attribute type: <class 'golden.mapping.GoldenMapTensor'>
FAILED test/python/golden/ttir_ops/data_movement/test_data_movement.py::test_concat[ttnn-shapes16-0] - builder.base.builder_runtime.TTBuilderRuntimeException: Unexpected attribute type: <class 'golden.mapping.GoldenMapTensor'>
FAILED test/python/golden/ttir_ops/data_movement/test_data_movement.py::test_concat[ttnn-shapes15-1] - builder.base.builder_runtime.TTBuilderRuntimeException: Unexpected attribute type: <class 'golden.mapping.GoldenMapTensor'>
FAILED test/python/golden/ttir_ops/data_movement/test_data_movement.py::test_concat[ttnn-shapes14-2] - builder.base.builder_runtime.TTBuilderRuntimeException: Unexpected attribute type: <class 'golden.mapping.GoldenMapTensor'>
FAILED test/python/golden/ttir_ops/data_movement/test_data_movement.py::test_concat[ttnn-shapes13-0] - builder.base.builder_runtime.TTBuilderRuntimeException: ttnn_concat_golden() takes 3 positional arguments but 31 were given
FAILED test/python/golden/ttir_ops/data_movement/test_data_movement.py::test_concat[ttnn-shapes12-1] - builder.base.builder_runtime.TTBuilderRuntimeException: ttnn_concat_golden() takes 3 positional arguments but 31 were given
FAILED test/python/golden/ttir_ops/data_movement/test_data_movement.py::test_concat[ttnn-shapes11-0] - builder.base.builder_runtime.TTBuilderRuntimeException: ttnn_concat_golden() takes 3 positional arguments but 4 were given
FAILED test/python/golden/ttir_ops/data_movement/test_data_movement.py::test_concat[ttnn-shapes10-1] - builder.base.builder_runtime.TTBuilderRuntimeException: ttnn_concat_golden() takes 3 positional arguments but 4 were given
FAILED test/python/golden/ttir_ops/data_movement/test_data_movement.py::test_concat[ttnn-shapes1-0] - builder.base.builder_runtime.TTBuilderRuntimeException: Unexpected attribute type: <class 'golden.mapping.GoldenMapTensor'>
FAILED test/python/golden/ttir_ops/data_movement/test_data_movement.py::test_concat[ttnn-shapes0-1] - builder.base.builder_runtime.TTBuilderRuntimeException: Unexpected attribute type: <class 'golden.mapping.GoldenMapTensor'>
FAILED test/python/golden/ttir_ops/convolution/test_conv_transpose2d.py::test_conv_transpose2d[ttnn-f32-vae_bottleneck] - builder.base.builder_runtime.TTBuilderRuntimeException: No golden function found for TTIR operation: <class 'ttmlir.dialects._ttnn_ops_gen.ReshapeOp'>
FAILED test/python/golden/ttir_ops/convolution/test_conv_transpose2d.py::test_conv_transpose2d[ttnn-f32-unet_2x2_shallow_no_bias] - builder.base.builder_runtime.TTBuilderRuntimeException: No golden function found for TTIR operation: <class 'ttmlir.dialects._ttnn_ops_gen.ReshapeOp'>
FAILED test/python/golden/ttir_ops/convolution/test_conv_transpose2d.py::test_conv_transpose2d[ttnn-f32-unet_2x2_mid] - builder.base.builder_runtime.TTBuilderRuntimeException: No golden function found for TTIR operation: <class 'ttmlir.dialects._ttnn_ops_gen.ReshapeOp'>
FAILED test/python/golden/ttir_ops/convolution/test_conv_transpose2d.py::test_conv_transpose2d[ttnn-f32-unet_2x2_deep] - builder.base.builder_runtime.TTBuilderRuntimeException: No golden function found for TTIR operation: <class 'ttmlir.dialects._ttnn_ops_gen.ReshapeOp'>
FAILED test/python/golden/ttir_ops/convolution/test_conv_transpose2d.py::test_conv_transpose2d[ttnn-f32-superres_2x_no_bias] - builder.base.builder_runtime.TTBuilderRuntimeException: No golden function found for TTIR operation: <class 'ttmlir.dialects._ttnn_ops_gen.ReshapeOp'>
FAILED test/python/golden/ttir_ops/convolution/test_conv_transpose2d.py::test_conv_transpose2d[ttnn-f32-stride4_output_padding] - builder.base.builder_runtime.TTBuilderRuntimeException: No golden function found for TTIR operation: <class 'ttmlir.dialects._ttnn_ops_gen.ReshapeOp'>
FAILED test/python/golden/ttir_ops/convolution/test_conv_transpose2d.py::test_conv_transpose2d[ttnn-f32-segnet_3x3_output_padding] - builder.base.builder_runtime.TTBuilderRuntimeException: No golden function found for TTIR operation: <class 'ttmlir.dialects._ttnn_ops_gen.ReshapeOp'>
FAILED test/python/golden/ttir_ops/convolution/test_conv_transpose2d.py::test_conv_transpose2d[ttnn-f32-refinement_stride1] - builder.base.builder_runtime.TTBuilderRuntimeException: No golden function found for TTIR operation: <class 'ttmlir.dialects._ttnn_ops_gen.ReshapeOp'>
FAILED test/python/golden/ttir_ops/convolution/test_conv_transpose2d.py::test_conv_transpose2d[ttnn-f32-fcn_segmentation_output] - builder.base.builder_runtime.TTBuilderRuntimeException: No golden function found for TTIR operation: <class 'ttmlir.dialects._ttnn_ops_gen.ReshapeOp'>
FAILED test/python/golden/ttir_ops/convolution/test_conv_transpose2d.py::test_conv_transpose2d[ttnn-f32-fcn_pool5_upsample] - builder.base.builder_runtime.TTBuilderRuntimeException: No golden function found for TTIR operation: <class 'ttmlir.dialects._ttnn_ops_gen.ReshapeOp'>
FAILED test/python/golden/ttir_ops/convolution/test_conv_transpose2d.py::test_conv_transpose2d[ttnn-f32-fcn_4x4_deep] - builder.base.builder_runtime.TTBuilderRuntimeException: No golden function found for TTIR operation: <class 'ttmlir.dialects._ttnn_ops_gen.ReshapeOp'>
FAILED test/python/golden/ttir_ops/convolution/test_conv_transpose2d.py::test_conv_transpose2d[ttnn-f32-dcgan_to_rgb_no_bias] - builder.base.builder_runtime.TTBuilderRuntimeException: No golden function found for TTIR operation: <class 'ttmlir.dialects._ttnn_ops_gen.ReshapeOp'>
FAILED test/python/golden/ttir_ops/convolution/test_conv_transpose2d.py::test_conv_transpose2d[ttnn-f32-dcgan_8x8_to_16x16] - builder.base.builder_runtime.TTBuilderRuntimeException: No golden function found for TTIR operation: <class 'ttmlir.dialects._ttnn_ops_gen.ReshapeOp'>
FAILED test/python/golden/ttir_ops/convolution/test_conv_transpose2d.py::test_conv_transpose2d[ttnn-f32-dcgan_4x4_to_8x8] - builder.base.builder_runtime.TTBuilderRuntimeException: No golden function found for TTIR operation: <class 'ttmlir.dialects._ttnn_ops_gen.ReshapeOp'>
FAILED test/python/golden/ttir_ops/convolution/test_conv_transpose2d.py::test_conv_transpose2d[ttnn-f32-batch8_gan_training] - builder.base.builder_runtime.TTBuilderRuntimeException: No golden function found for TTIR operation: <class 'ttmlir.dialects._ttnn_ops_gen.ReshapeOp'>
FAILED test/python/golden/ttir_ops/convolution/test_conv_transpose2d.py::test_conv_transpose2d[ttnn-f32-autoencoder_mid] - builder.base.builder_runtime.TTBuilderRuntimeException: No golden function found for TTIR operation: <class 'ttmlir.dialects._ttnn_ops_gen.ReshapeOp'>
FAILED test/python/golden/ttir_ops/convolution/test_conv_transpose2d.py::test_conv_transpose2d[ttnn-bf16-vae_bottleneck] - builder.base.builder_runtime.TTBuilderRuntimeException: No golden function found for TTIR operation: <class 'ttmlir.dialects._ttnn_ops_gen.ReshapeOp'>
FAILED test/python/golden/ttir_ops/convolution/test_conv_transpose2d.py::test_conv_transpose2d[ttnn-bf16-unet_2x2_shallow_no_bias] - builder.base.builder_runtime.TTBuilderRuntimeException: No golden function found for TTIR operation: <class 'ttmlir.dialects._ttnn_ops_gen.ReshapeOp'>
FAILED test/python/golden/ttir_ops/convolution/test_conv_transpose2d.py::test_conv_transpose2d[ttnn-bf16-unet_2x2_mid] - builder.base.builder_runtime.TTBuilderRuntimeException: No golden function found for TTIR operation: <class 'ttmlir.dialects._ttnn_ops_gen.ReshapeOp'>
FAILED test/python/golden/ttir_ops/convolution/test_conv_transpose2d.py::test_conv_transpose2d[ttnn-bf16-unet_2x2_deep] - builder.base.builder_runtime.TTBuilderRuntimeException: No golden function found for TTIR operation: <class 'ttmlir.dialects._ttnn_ops_gen.ReshapeOp'>
FAILED test/python/golden/ttir_ops/convolution/test_conv_transpose2d.py::test_conv_transpose2d[ttnn-bf16-superres_4x_large_kernel] - builder.base.builder_runtime.TTBuilderRuntimeException: No golden function found for TTIR operation: <class 'ttmlir.dialects._ttnn_ops_gen.ReshapeOp'>
FAILED test/python/golden/ttir_ops/convolution/test_conv_transpose2d.py::test_conv_transpose2d[ttnn-bf16-superres_2x_no_bias] - builder.base.builder_runtime.TTBuilderRuntimeException: No golden function found for TTIR operation: <class 'ttmlir.dialects._ttnn_ops_gen.ReshapeOp'>
FAILED test/python/golden/ttir_ops/convolution/test_conv_transpose2d.py::test_conv_transpose2d[ttnn-bf16-stride4_output_padding] - builder.base.builder_runtime.TTBuilderRuntimeException: No golden function found for TTIR operation: <class 'ttmlir.dialects._ttnn_ops_gen.ReshapeOp'>
FAILED test/python/golden/ttir_ops/convolution/test_conv_transpose2d.py::test_conv_transpose2d[ttnn-bf16-segnet_3x3_output_padding] - builder.base.builder_runtime.TTBuilderRuntimeException: No golden function found for TTIR operation: <class 'ttmlir.dialects._ttnn_ops_gen.ReshapeOp'>
FAILED test/python/golden/ttir_ops/convolution/test_conv_transpose2d.py::test_conv_transpose2d[ttnn-bf16-refinement_stride1] - builder.base.builder_runtime.TTBuilderRuntimeException: No golden function found for TTIR operation: <class 'ttmlir.dialects._ttnn_ops_gen.ReshapeOp'>
FAILED test/python/golden/ttir_ops/convolution/test_conv_transpose2d.py::test_conv_transpose2d[ttnn-bf16-fcn_segmentation_output] - builder.base.builder_runtime.TTBuilderRuntimeException: No golden function found for TTIR operation: <class 'ttmlir.dialects._ttnn_ops_gen.ReshapeOp'>
FAILED test/python/golden/ttir_ops/convolution/test_conv_transpose2d.py::test_conv_transpose2d[ttnn-bf16-fcn_pool5_upsample] - builder.base.builder_runtime.TTBuilderRuntimeException: No golden function found for TTIR operation: <class 'ttmlir.dialects._ttnn_ops_gen.ReshapeOp'>
FAILED test/python/golden/ttir_ops/convolution/test_conv_transpose2d.py::test_conv_transpose2d[ttnn-bf16-fcn_4x4_deep] - builder.base.builder_runtime.TTBuilderRuntimeException: No golden function found for TTIR operation: <class 'ttmlir.dialects._ttnn_ops_gen.ReshapeOp'>
FAILED test/python/golden/ttir_ops/convolution/test_conv_transpose2d.py::test_conv_transpose2d[ttnn-bf16-dcgan_to_rgb_no_bias] - builder.base.builder_runtime.TTBuilderRuntimeException: No golden function found for TTIR operation: <class 'ttmlir.dialects._ttnn_ops_gen.ReshapeOp'>
FAILED test/python/golden/ttir_ops/convolution/test_conv_transpose2d.py::test_conv_transpose2d[ttnn-bf16-dcgan_8x8_to_16x16] - builder.base.builder_runtime.TTBuilderRuntimeException: No golden function found for TTIR operation: <class 'ttmlir.dialects._ttnn_ops_gen.ReshapeOp'>
FAILED test/python/golden/ttir_ops/convolution/test_conv_transpose2d.py::test_conv_transpose2d[ttnn-bf16-dcgan_4x4_to_8x8] - builder.base.builder_runtime.TTBuilderRuntimeException: No golden function found for TTIR operation: <class 'ttmlir.dialects._ttnn_ops_gen.ReshapeOp'>
FAILED test/python/golden/ttir_ops/convolution/test_conv_transpose2d.py::test_conv_transpose2d[ttnn-bf16-batch8_gan_training] - builder.base.builder_runtime.TTBuilderRuntimeException: No golden function found for TTIR operation: <class 'ttmlir.dialects._ttnn_ops_gen.ReshapeOp'>
FAILED test/python/golden/ttir_ops/convolution/test_conv_transpose2d.py::test_conv_transpose2d[ttnn-bf16-batch16_segmentation_training] - builder.base.builder_runtime.TTBuilderRuntimeException: No golden function found for TTIR operation: <class 'ttmlir.dialects._ttnn_ops_gen.ReshapeOp'>
FAILED test/python/golden/ttir_ops/convolution/test_conv_transpose2d.py::test_conv_transpose2d[ttnn-bf16-autoencoder_mid] - builder.base.builder_runtime.TTBuilderRuntimeException: No golden function found for TTIR operation: <class 'ttmlir.dialects._ttnn_ops_gen.ReshapeOp'>
FAILED test/python/golden/ttir_ops/convolution/test_conv3d.py::test_conv3d[ttnn-f32-temporal_downsampling_192ch_s211] - builder.base.builder_runtime.TTBuilderRuntimeException: ttnn_to_device_golden() takes 1 positional argument but 2 were given
FAILED test/python/golden/ttir_ops/convolution/test_conv3d.py::test_conv3d[ttnn-f32-stride2_with_padding] - builder.base.builder_runtime.TTBuilderRuntimeException: ttnn_to_device_golden() takes 1 positional argument but 2 were given
FAILED test/python/golden/ttir_ops/convolution/test_conv3d.py::test_conv3d[ttnn-f32-stride2_downsample_no_bias] - builder.base.builder_runtime.TTBuilderRuntimeException: ttnn_to_device_golden() takes 1 positional argument but 2 were given
FAILED test/python/golden/ttir_ops/convolution/test_conv3d.py::test_conv3d[ttnn-f32-same_padding_3x3x3] - builder.base.builder_runtime.TTBuilderRuntimeException: ttnn_to_device_golden() takes 1 positional argument but 2 were given
FAILED test/python/golden/ttir_ops/convolution/test_conv3d.py::test_conv3d[ttnn-f32-pointwise_1x1x1] - builder.base.builder_runtime.TTBuilderRuntimeException: ttnn_to_device_golden() takes 1 positional argument but 2 were given
FAILED test/python/golden/ttir_ops/convolution/test_conv3d.py::test_conv3d[ttnn-f32-large_kernel_5x5x5] - builder.base.builder_runtime.TTBuilderRuntimeException: ttnn_to_device_golden() takes 1 positional argument but 2 were given
FAILED test/python/golden/ttir_ops/convolution/test_conv3d.py::test_conv3d[ttnn-f32-basic_3x3x3_with_bias] - builder.base.builder_runtime.TTBuilderRuntimeException: ttnn_to_device_golden() takes 1 positional argument but 2 were given
FAILED test/python/golden/ttir_ops/convolution/test_conv3d.py::test_conv3d[ttnn-f32-basic_3x3x3_no_bias] - builder.base.builder_runtime.TTBuilderRuntimeException: ttnn_to_device_golden() takes 1 positional argument but 2 were given
FAILED test/python/golden/ttir_ops/convolution/test_conv3d.py::test_conv3d[ttnn-bf16-temporal_downsampling_192ch_s211] - builder.base.builder_runtime.TTBuilderRuntimeException: ttnn_to_device_golden() takes 1 positional argument but 2 were given
FAILED test/python/golden/ttir_ops/convolution/test_conv3d.py::test_conv3d[ttnn-bf16-stride2_with_padding] - builder.base.builder_runtime.TTBuilderRuntimeException: ttnn_to_device_golden() takes 1 positional argument but 2 were given
FAILED test/python/golden/ttir_ops/convolution/test_conv3d.py::test_conv3d[ttnn-bf16-stride2_downsample_no_bias] - builder.base.builder_runtime.TTBuilderRuntimeException: ttnn_to_device_golden() takes 1 positional argument but 2 were given
FAILED test/python/golden/ttir_ops/convolution/test_conv3d.py::test_conv3d[ttnn-bf16-same_padding_3x3x3] - builder.base.builder_runtime.TTBuilderRuntimeException: ttnn_to_device_golden() takes 1 positional argument but 2 were given
FAILED test/python/golden/ttir_ops/convolution/test_conv3d.py::test_conv3d[ttnn-bf16-pointwise_1x1x1] - builder.base.builder_runtime.TTBuilderRuntimeException: ttnn_to_device_golden() takes 1 positional argument but 2 were given
FAILED test/python/golden/ttir_ops/convolution/test_conv3d.py::test_conv3d[ttnn-bf16-large_kernel_5x5x5] - builder.base.builder_runtime.TTBuilderRuntimeException: ttnn_to_device_golden() takes 1 positional argument but 2 were given
FAILED test/python/golden/ttir_ops/convolution/test_conv3d.py::test_conv3d[ttnn-bf16-basic_3x3x3_with_bias] - builder.base.builder_runtime.TTBuilderRuntimeException: ttnn_to_device_golden() takes 1 positional argument but 2 were given
FAILED test/python/golden/ttir_ops/convolution/test_conv3d.py::test_conv3d[ttnn-bf16-basic_3x3x3_no_bias] - builder.base.builder_runtime.TTBuilderRuntimeException: ttnn_to_device_golden() takes 1 positional argument but 2 were given
FAILED test/python/golden/ttir_ops/convolution/test_conv2d.py::test_conv2d[ttnn-f32-yolo_640x640] - builder.base.builder_runtime.TTBuilderRuntimeException: No golden function found for TTIR operation: <class 'ttmlir.dialects._ttnn_ops_gen.ReshapeOp'>
FAILED test/python/golden/ttir_ops/convolution/test_conv2d.py::test_conv2d[ttnn-f32-resnext_groups32] - builder.base.builder_runtime.TTBuilderRuntimeException: No golden function found for TTIR operation: <class 'ttmlir.dialects._ttnn_ops_gen.ReshapeOp'>
FAILED test/python/golden/ttir_ops/convolution/test_conv2d.py::test_conv2d[ttnn-f32-resnet_stem_7x7] - builder.base.builder_runtime.TTBuilderRuntimeException: No golden function found for TTIR operation: <class 'ttmlir.dialects._ttnn_ops_gen.ReshapeOp'>
FAILED test/python/golden/ttir_ops/convolution/test_conv2d.py::test_conv2d[ttnn-f32-resnet_3x3_no_bias] - builder.base.builder_runtime.TTBuilderRuntimeException: No golden function found for TTIR operation: <class 'ttmlir.dialects._ttnn_ops_gen.ReshapeOp'>
FAILED test/python/golden/ttir_ops/convolution/test_conv2d.py::test_conv2d[ttnn-f32-inception_5x5] - builder.base.builder_runtime.TTBuilderRuntimeException: No golden function found for TTIR operation: <class 'ttmlir.dialects._ttnn_ops_gen.ReshapeOp'>
FAILED test/python/golden/ttir_ops/convolution/test_conv2d.py::test_conv2d[ttnn-f32-inception_1x3_asymmetric] - builder.base.builder_runtime.TTBuilderRuntimeException: No golden function found for TTIR operation: <class 'ttmlir.dialects._ttnn_ops_gen.ReshapeOp'>
FAILED test/python/golden/ttir_ops/convolution/test_conv2d.py::test_conv2d[ttnn-f32-downsample_3x3_s2] - builder.base.builder_runtime.TTBuilderRuntimeException: No golden function found for TTIR operation: <class 'ttmlir.dialects._ttnn_ops_gen.ReshapeOp'>
FAILED test/python/golden/ttir_ops/convolution/test_conv2d.py::test_conv2d[ttnn-f32-depthwise_3x3_s2] - builder.base.builder_runtime.TTBuilderRuntimeException: No golden function found for TTIR operation: <class 'ttmlir.dialects._ttnn_ops_gen.ReshapeOp'>
FAILED test/python/golden/ttir_ops/convolution/test_conv2d.py::test_conv2d[ttnn-f32-depthwise_3x3] - builder.base.builder_runtime.TTBuilderRuntimeException: No golden function found for TTIR operation: <class 'ttmlir.dialects._ttnn_ops_gen.ReshapeOp'>
FAILED test/python/golden/ttir_ops/convolution/test_conv2d.py::test_conv2d[ttnn-f32-convnext_patchify_4x4_s4] - builder.base.builder_runtime.TTBuilderRuntimeException: No golden function found for TTIR operation: <class 'ttmlir.dialects._ttnn_ops_gen.ReshapeOp'>
FAILED test/python/golden/ttir_ops/convolution/test_conv2d.py::test_conv2d[ttnn-f32-convnext_depthwise_7x7] - builder.base.builder_runtime.TTBuilderRuntimeException: No golden function found for TTIR operation: <class 'ttmlir.dialects._ttnn_ops_gen.ReshapeOp'>
FAILED test/python/golden/ttir_ops/convolution/test_conv2d.py::test_conv2d[ttnn-f32-bottleneck_1x1_reduce] - builder.base.builder_runtime.TTBuilderRuntimeException: No golden function found for TTIR operation: <class 'ttmlir.dialects._ttnn_ops_gen.ReshapeOp'>
FAILED test/python/golden/ttir_ops/convolution/test_conv2d.py::test_conv2d[ttnn-f32-bottleneck_1x1_expand_2048ch] - builder.base.builder_runtime.TTBuilderRuntimeException: No golden function found for TTIR operation: <class 'ttmlir.dialects._ttnn_ops_gen.ReshapeOp'>
FAILED test/python/golden/ttir_ops/convolution/test_conv2d.py::test_conv2d[ttnn-f32-batch32_training_no_bias] - builder.base.builder_runtime.TTBuilderRuntimeException: No golden function found for TTIR operation: <class 'ttmlir.dialects._ttnn_ops_gen.ReshapeOp'>
FAILED test/python/golden/ttir_ops/convolution/test_conv2d.py::test_conv2d[ttnn-f32-batch16_training] - builder.base.builder_runtime.TTBuilderRuntimeException: No golden function found for TTIR operation: <class 'ttmlir.dialects._ttnn_ops_gen.ReshapeOp'>
FAILED test/python/golden/ttir_ops/convolution/test_conv2d.py::test_conv2d[ttnn-f32-aspp_dilation6] - builder.base.builder_runtime.TTBuilderRuntimeException: No golden function found for TTIR operation: <class 'ttmlir.dialects._ttnn_ops_gen.ReshapeOp'>
FAILED test/python/golden/ttir_ops/convolution/test_conv2d.py::test_conv2d[ttnn-f32-aspp_dilation12] - builder.base.builder_runtime.TTBuilderRuntimeException: No golden function found for TTIR operation: <class 'ttmlir.dialects._ttnn_ops_gen.ReshapeOp'>
FAILED test/python/golden/ttir_ops/convolution/test_conv2d.py::test_conv2d[ttnn-bf16-yolo_640x640] - builder.base.builder_runtime.TTBuilderRuntimeException: No golden function found for TTIR operation: <class 'ttmlir.dialects._ttnn_ops_gen.ReshapeOp'>
FAILED test/python/golden/ttir_ops/convolution/test_conv2d.py::test_conv2d[ttnn-bf16-resnext_groups32] - builder.base.builder_runtime.TTBuilderRuntimeException: No golden function found for TTIR operation: <class 'ttmlir.dialects._ttnn_ops_gen.ReshapeOp'>
FAILED test/python/golden/ttir_ops/convolution/test_conv2d.py::test_conv2d[ttnn-bf16-resnet_stem_7x7] - builder.base.builder_runtime.TTBuilderRuntimeException: No golden function found for TTIR operation: <class 'ttmlir.dialects._ttnn_ops_gen.ReshapeOp'>
FAILED test/python/golden/ttir_ops/convolution/test_conv2d.py::test_conv2d[ttnn-bf16-resnet_3x3_no_bias] - builder.base.builder_runtime.TTBuilderRuntimeException: No golden function found for TTIR operation: <class 'ttmlir.dialects._ttnn_ops_gen.ReshapeOp'>
FAILED test/python/golden/ttir_ops/convolution/test_conv2d.py::test_conv2d[ttnn-bf16-inception_5x5] - builder.base.builder_runtime.TTBuilderRuntimeException: No golden function found for TTIR operation: <class 'ttmlir.dialects._ttnn_ops_gen.ReshapeOp'>
FAILED test/python/golden/ttir_ops/convolution/test_conv2d.py::test_conv2d[ttnn-bf16-inception_1x3_asymmetric] - builder.base.builder_runtime.TTBuilderRuntimeException: No golden function found for TTIR operation: <class 'ttmlir.dialects._ttnn_ops_gen.ReshapeOp'>
FAILED test/python/golden/ttir_ops/convolution/test_conv2d.py::test_conv2d[ttnn-bf16-downsample_3x3_s2] - builder.base.builder_runtime.TTBuilderRuntimeException: No golden function found for TTIR operation: <class 'ttmlir.dialects._ttnn_ops_gen.ReshapeOp'>
FAILED test/python/golden/ttir_ops/convolution/test_conv2d.py::test_conv2d[ttnn-bf16-depthwise_3x3_s2] - builder.base.builder_runtime.TTBuilderRuntimeException: No golden function found for TTIR operation: <class 'ttmlir.dialects._ttnn_ops_gen.ReshapeOp'>
FAILED test/python/golden/ttir_ops/convolution/test_conv2d.py::test_conv2d[ttnn-bf16-depthwise_3x3] - builder.base.builder_runtime.TTBuilderRuntimeException: No golden function found for TTIR operation: <class 'ttmlir.dialects._ttnn_ops_gen.ReshapeOp'>
FAILED test/python/golden/ttir_ops/convolution/test_conv2d.py::test_conv2d[ttnn-bf16-convnext_patchify_4x4_s4] - builder.base.builder_runtime.TTBuilderRuntimeException: No golden function found for TTIR operation: <class 'ttmlir.dialects._ttnn_ops_gen.ReshapeOp'>
FAILED test/python/golden/ttir_ops/convolution/test_conv2d.py::test_conv2d[ttnn-bf16-convnext_depthwise_7x7] - builder.base.builder_runtime.TTBuilderRuntimeException: No golden function found for TTIR operation: <class 'ttmlir.dialects._ttnn_ops_gen.ReshapeOp'>
FAILED test/python/golden/ttir_ops/convolution/test_conv2d.py::test_conv2d[ttnn-bf16-bottleneck_1x1_reduce] - builder.base.builder_runtime.TTBuilderRuntimeException: No golden function found for TTIR operation: <class 'ttmlir.dialects._ttnn_ops_gen.ReshapeOp'>
FAILED test/python/golden/ttir_ops/convolution/test_conv2d.py::test_conv2d[ttnn-bf16-bottleneck_1x1_expand_2048ch] - builder.base.builder_runtime.TTBuilderRuntimeException: No golden function found for TTIR operation: <class 'ttmlir.dialects._ttnn_ops_gen.ReshapeOp'>
FAILED test/python/golden/ttir_ops/convolution/test_conv2d.py::test_conv2d[ttnn-bf16-batch32_training_no_bias] - builder.base.builder_runtime.TTBuilderRuntimeException: No golden function found for TTIR operation: <class 'ttmlir.dialects._ttnn_ops_gen.ReshapeOp'>
FAILED test/python/golden/ttir_ops/convolution/test_conv2d.py::test_conv2d[ttnn-bf16-batch16_training] - builder.base.builder_runtime.TTBuilderRuntimeException: No golden function found for TTIR operation: <class 'ttmlir.dialects._ttnn_ops_gen.ReshapeOp'>
FAILED test/python/golden/ttir_ops/convolution/test_conv2d.py::test_conv2d[ttnn-bf16-aspp_dilation6] - builder.base.builder_runtime.TTBuilderRuntimeException: No golden function found for TTIR operation: <class 'ttmlir.dialects._ttnn_ops_gen.ReshapeOp'>
FAILED test/python/golden/ttir_ops/convolution/test_conv2d.py::test_conv2d[ttnn-bf16-aspp_dilation12] - builder.base.builder_runtime.TTBuilderRuntimeException: No golden function found for TTIR operation: <class 'ttmlir.dialects._ttnn_ops_gen.ReshapeOp'>
FAILED test/python/golden/ttir_ops/ccl/test_moe_ccls.py::test_moe_dispatch_combine[1x2-ttnn] - builder.base.builder_runtime.TTBuilderRuntimeException: Fatal error
FAILED test/python/golden/ttir_ops/attention/test_sdpa.py::test_sdpa_mask_broadcast[ttnn-mask_gqa_full_query_heads] - builder.base.builder_runtime.TTBuilderRuntimeException: No golden function found for TTIR operation: <class 'ttmlir.dialects._ttnn_ops_gen.ScaledDotProductAttentionOp'>
FAILED test/python/golden/ttir_ops/attention/test_sdpa.py::test_sdpa_mask_broadcast[ttnn-mask_full_heads] - builder.base.builder_runtime.TTBuilderRuntimeException: No golden function found for TTIR operation: <class 'ttmlir.dialects._ttnn_ops_gen.ScaledDotProductAttentionOp'>
FAILED test/python/golden/ttir_ops/attention/test_sdpa.py::test_sdpa_mask_broadcast[ttnn-mask_broadcast_batch_full_heads] - builder.base.builder_runtime.TTBuilderRuntimeException: No golden function found for TTIR operation: <class 'ttmlir.dialects._ttnn_ops_gen.ScaledDotProductAttentionOp'>
FAILED test/python/golden/ttir_ops/attention/test_sdpa.py::test_sdpa_mask_broadcast[ttnn-mask_broadcast_batch_and_heads] - builder.base.builder_runtime.TTBuilderRuntimeException: No golden function found for TTIR operation: <class 'ttmlir.dialects._ttnn_ops_gen.ScaledDotProductAttentionOp'>
FAILED test/python/golden/ttir_ops/attention/test_sdpa.py::test_sdpa_in_models[ttnn-vit] - builder.base.builder_runtime.TTBuilderRuntimeException: No golden function found for TTIR operation: <class 'ttmlir.dialects._ttnn_ops_gen.ScaledDotProductAttentionOp'>
FAILED test/python/golden/ttir_ops/attention/test_sdpa.py::test_sdpa_in_models[ttnn-segformer_layer] - builder.base.builder_runtime.TTBuilderRuntimeException: No golden function found for TTIR operation: <class 'ttmlir.dialects._ttnn_ops_gen.ScaledDotProductAttentionOp'>
FAILED test/python/golden/ttir_ops/attention/test_sdpa.py::test_sdpa_in_models[ttnn-segformer_block] - builder.base.builder_runtime.TTBuilderRuntimeException: No golden function found for TTIR operation: <class 'ttmlir.dialects._ttnn_ops_gen.ScaledDotProductAttentionOp'>
FAILED test/python/golden/ttir_ops/attention/test_sdpa.py::test_sdpa_in_models[ttnn-qwen_3_embed_4b] - builder.base.builder_runtime.TTBuilderRuntimeException: No golden function found for TTIR operation: <class 'ttmlir.dialects._ttnn_ops_gen.ScaledDotProductAttentionOp'>
FAILED test/python/golden/ttir_ops/attention/test_sdpa.py::test_sdpa_in_models[ttnn-qwen_3_4b] - builder.base.builder_runtime.TTBuilderRuntimeException: No golden function found for TTIR operation: <class 'ttmlir.dialects._ttnn_ops_gen.ScaledDotProductAttentionOp'>
FAILED test/python/golden/ttir_ops/attention/test_sdpa.py::test_sdpa_in_models[ttnn-qwen_3_0_6b] - builder.base.builder_runtime.TTBuilderRuntimeException: No golden function found for TTIR operation: <class 'ttmlir.dialects._ttnn_ops_gen.ScaledDotProductAttentionOp'>
FAILED test/python/golden/ttir_ops/attention/test_sdpa.py::test_sdpa_in_models[ttnn-qwen_2_5_7b] - builder.base.builder_runtime.TTBuilderRuntimeException: No golden function found for TTIR operation: <class 'ttmlir.dialects._ttnn_ops_gen.ScaledDotProductAttentionOp'>
FAILED test/python/golden/ttir_ops/attention/test_sdpa.py::test_sdpa_in_models[ttnn-qwen_2_5_3b] - builder.base.builder_runtime.TTBuilderRuntimeException: No golden function found for TTIR operation: <class 'ttmlir.dialects._ttnn_ops_gen.ScaledDotProductAttentionOp'>
FAILED test/python/golden/ttir_ops/attention/test_sdpa.py::test_sdpa_in_models[ttnn-qwen_2_5_1_5b] - builder.base.builder_runtime.TTBuilderRuntimeException: No golden function found for TTIR operation: <class 'ttmlir.dialects._ttnn_ops_gen.ScaledDotProductAttentionOp'>
FAILED test/python/golden/ttir_ops/attention/test_sdpa.py::test_sdpa_in_models[ttnn-qwen_2_5_0_5b] - builder.base.builder_runtime.TTBuilderRuntimeException: No golden function found for TTIR operation: <class 'ttmlir.dialects._ttnn_ops_gen.ScaledDotProductAttentionOp'>
FAILED test/python/golden/ttir_ops/attention/test_sdpa.py::test_sdpa_in_models[ttnn-phi_2] - builder.base.builder_runtime.TTBuilderRuntimeException: No golden function found for TTIR operation: <class 'ttmlir.dialects._ttnn_ops_gen.PadOp'>
FAILED test/python/golden/ttir_ops/attention/test_sdpa.py::test_sdpa_in_models[ttnn-phi_1] - builder.base.builder_runtime.TTBuilderRuntimeException: No golden function found for TTIR operation: <class 'ttmlir.dialects._ttnn_ops_gen.ScaledDotProductAttentionOp'>
FAILED test/python/golden/ttir_ops/attention/test_sdpa.py::test_sdpa_in_models[ttnn-llama_3_2_3b] - builder.base.builder_runtime.TTBuilderRuntimeException: No golden function found for TTIR operation: <class 'ttmlir.dialects._ttnn_ops_gen.ScaledDotProductAttentionOp'>
FAILED test/python/golden/ttir_ops/attention/test_sdpa.py::test_sdpa_in_models[ttnn-llama_3_2_1b] - builder.base.builder_runtime.TTBuilderRuntimeException: No golden function found for TTIR operation: <class 'ttmlir.dialects._ttnn_ops_gen.ScaledDotProductAttentionOp'>
FAILED test/python/golden/ttir_ops/attention/test_sdpa.py::test_sdpa_in_models[ttnn-llama_3_1_8b] - builder.base.builder_runtime.TTBuilderRuntimeException: No golden function found for TTIR operation: <class 'ttmlir.dialects._ttnn_ops_gen.ScaledDotProductAttentionOp'>
FAILED test/python/golden/ttir_ops/attention/test_sdpa.py::test_sdpa_in_models[ttnn-gemma_2_2b] - builder.base.builder_runtime.TTBuilderRuntimeException: No golden function found for TTIR operation: <class 'ttmlir.dialects._ttnn_ops_gen.ScaledDotProductAttentionOp'>
FAILED test/python/golden/ttir_ops/attention/test_sdpa.py::test_sdpa_in_models[ttnn-gemma_1_1_2b] - builder.base.builder_runtime.TTBuilderRuntimeException: No golden function found for TTIR operation: <class 'ttmlir.dialects._ttnn_ops_gen.ScaledDotProductAttentionOp'>
FAILED test/python/golden/ttir_ops/attention/test_sdpa.py::test_sdpa_in_models[ttnn-falcon_3_3b] - builder.base.builder_runtime.TTBuilderRuntimeException: No golden function found for TTIR operation: <class 'ttmlir.dialects._ttnn_ops_gen.ScaledDotProductAttentionOp'>
FAILED test/python/golden/ttir_ops/attention/test_sdpa.py::test_sdpa_in_models[ttnn-falcon_3_1b] - builder.base.builder_runtime.TTBuilderRuntimeException: No golden function found for TTIR operation: <class 'ttmlir.dialects._ttnn_ops_gen.ScaledDotProductAttentionOp'>
FAILED test/python/golden/ttir_ops/attention/test_sdpa.py::test_sdpa_in_models[ttnn-bert] - builder.base.builder_runtime.TTBuilderRuntimeException: No golden function found for TTIR operation: <class 'ttmlir.dialects._ttnn_ops_gen.ScaledDotProductAttentionOp'>
FAILED test/python/golden/ttir_ops/attention/test_sdpa.py::test_sdpa_decode_mask_broadcast[ttnn-decode_mask_standard] - builder.base.builder_runtime.TTBuilderRuntimeException: No golden function found for TTIR operation: <class 'ttmlir.dialects._ttnn_ops_gen.ScaledDotProductAttentionDecodeOp'>
FAILED test/python/golden/ttir_ops/attention/test_sdpa.py::test_sdpa_decode_mask_broadcast[ttnn-decode_mask_gqa] - builder.base.builder_runtime.TTBuilderRuntimeException: No golden function found for TTIR operation: <class 'ttmlir.dialects._ttnn_ops_gen.ScaledDotProductAttentionDecodeOp'>
FAILED test/python/golden/ttir_ops/attention/test_sdpa.py::test_sdpa_decode_in_models[ttnn-qwen_3_4b_decode] - builder.base.builder_runtime.TTBuilderRuntimeException: 'NoneType' object has no attribute 'get_data_buffer'
FAILED test/python/golden/ttir_ops/attention/test_sdpa.py::test_sdpa_decode_in_models[ttnn-qwen_3_0_6b_decode] - builder.base.builder_runtime.TTBuilderRuntimeException: 'NoneType' object has no attribute 'get_data_buffer'
FAILED test/python/golden/ttir_ops/attention/test_sdpa.py::test_sdpa_decode_in_models[ttnn-qwen_2_5_7b_decode] - builder.base.builder_runtime.TTBuilderRuntimeException: 'NoneType' object has no attribute 'get_data_buffer'
FAILED test/python/golden/ttir_ops/attention/test_sdpa.py::test_sdpa_decode_in_models[ttnn-qwen_2_5_3b_decode] - builder.base.builder_runtime.TTBuilderRuntimeException: 'NoneType' object has no attribute 'get_data_buffer'
FAILED test/python/golden/ttir_ops/attention/test_sdpa.py::test_sdpa_decode_in_models[ttnn-qwen_2_5_1_5b_decode] - builder.base.builder_runtime.TTBuilderRuntimeException: 'NoneType' object has no attribute 'get_data_buffer'
FAILED test/python/golden/ttir_ops/attention/test_sdpa.py::test_sdpa_decode_in_models[ttnn-qwen_2_5_0_5b_decode] - builder.base.builder_runtime.TTBuilderRuntimeException: 'NoneType' object has no attribute 'get_data_buffer'
FAILED test/python/golden/ttir_ops/attention/test_sdpa.py::test_sdpa_decode_in_models[ttnn-phi_2_decode] - builder.base.builder_runtime.TTBuilderRuntimeException: 'NoneType' object has no attribute 'get_data_buffer'
FAILED test/python/golden/ttir_ops/attention/test_sdpa.py::test_sdpa_decode_in_models[ttnn-phi_1_decode] - builder.base.builder_runtime.TTBuilderRuntimeException: 'NoneType' object has no attribute 'get_data_buffer'
FAILED test/python/golden/ttir_ops/attention/test_sdpa.py::test_sdpa_decode_in_models[ttnn-llama_3_2_3b_decode] - builder.base.builder_runtime.TTBuilderRuntimeException: 'NoneType' object has no attribute 'get_data_buffer'
FAILED test/python/golden/ttir_ops/attention/test_sdpa.py::test_sdpa_decode_in_models[ttnn-llama_3_2_1b_decode] - builder.base.builder_runtime.TTBuilderRuntimeException: 'NoneType' object has no attribute 'get_data_buffer'
FAILED test/python/golden/ttir_ops/attention/test_sdpa.py::test_sdpa_decode_in_models[ttnn-llama_3_1_8b_decode] - builder.base.builder_runtime.TTBuilderRuntimeException: 'NoneType' object has no attribute 'get_data_buffer'
FAILED test/python/golden/ttir_ops/attention/test_sdpa.py::test_sdpa_decode_in_models[ttnn-gemma_2_2b_decode] - builder.base.builder_runtime.TTBuilderRuntimeException: 'NoneType' object has no attribute 'get_data_buffer'
FAILED test/python/golden/ttir_ops/attention/test_sdpa.py::test_sdpa_decode_in_models[ttnn-gemma_1_1_2b_decode] - builder.base.builder_runtime.TTBuilderRuntimeException: 'NoneType' object has no attribute 'get_data_buffer'
FAILED test/python/golden/ttir_ops/attention/test_sdpa.py::test_sdpa_decode_in_models[ttnn-falcon_3_1b_decode] - builder.base.builder_runtime.TTBuilderRuntimeException: 'NoneType' object has no attribute 'get_data_buffer'
FAILED test/python/golden/test_ttnn_ops.py::test_linear[ttnn-f32-64x128-256x128] - builder.base.builder_runtime.TTBuilderRuntimeException: 'ttmlir._mlir_libs._mlir.ir.F32Type' object has no attribute 'shape'
FAILED test/python/golden/test_ttnn_ops.py::test_linear[ttnn-bf16-64x128-256x128] - builder.base.builder_runtime.TTBuilderRuntimeException: 'ttmlir._mlir_libs._mlir.ir.BF16Type' object has no attribute 'shape'
FAILED test/python/golden/test_ttnn_ops.py::test_concat[0-64x128-32x128-16x128] - builder.base.builder_runtime.TTBuilderRuntimeException: Unexpected attribute type: <class 'golden.mapping.GoldenMapTensor'>
FAILED test/python/golden/test_ttnn_ops.py::test_clamp_tensor[32x64-32x64-32x64] - builder.base.builder_runtime.TTBuilderRuntimeException: '%arg1'
FAILED test/python/golden/test_ttnn_ops.py::test_all_gather[f32-1-3-1x2-1x32x32x32] - builder.base.builder_runtime.TTBuilderRuntimeException: Fatal error
FAILED test/python/golden/test_ttnn_ops.py::test_all_gather[f32-1-3-1x2-1x1x32x32x32] - builder.base.builder_runtime.TTBuilderRuntimeException: Fatal error
FAILED test/python/golden/test_ttnn_ops.py::test_all_gather[f32-1-3-1x2-1x1x1x1x1x1x32x32x32] - builder.base.builder_runtime.TTBuilderRuntimeException: Fatal error
FAILED test/python/golden/test_ttnn_ops.py::test_all_gather[f32-1-2-1x2-1x32x32x32] - builder.base.builder_runtime.TTBuilderRuntimeException: Fatal error
FAILED test/python/golden/test_ttnn_ops.py::test_all_gather[f32-1-2-1x2-1x32x32] - builder.base.builder_runtime.TTBuilderRuntimeException: Fatal error
FAILED test/python/golden/test_ttnn_ops.py::test_all_gather[f32-1-2-1x2-1x1x32x32x32] - builder.base.builder_runtime.TTBuilderRuntimeException: Fatal error
FAILED test/python/golden/test_ttnn_ops.py::test_all_gather[f32-1-2-1x2-1x1x1x1x1x1x32x32x32] - builder.base.builder_runtime.TTBuilderRuntimeException: Fatal error
FAILED test/python/golden/test_ttnn_ops.py::test_all_gather[f32-1-1-1x2-40x32] - builder.base.builder_runtime.TTBuilderRuntimeException: Fatal error
FAILED test/python/golden/test_ttnn_ops.py::test_all_gather[f32-1-1-1x2-32x40] - builder.base.builder_runtime.TTBuilderRuntimeException: Fatal error
FAILED test/python/golden/test_ttnn_ops.py::test_all_gather[f32-1-1-1x2-32x32] - builder.base.builder_runtime.TTBuilderRuntimeException: Fatal error
FAILED test/python/golden/test_ttnn_ops.py::test_all_gather[f32-1-1-1x2-1x32x32x32] - builder.base.builder_runtime.TTBuilderRuntimeException: Fatal error
FAILED test/python/golden/test_ttnn_ops.py::test_all_gather[f32-1-1-1x2-1x32x32] - builder.base.builder_runtime.TTBuilderRuntimeException: Fatal error
FAILED test/python/golden/test_ttnn_ops.py::test_all_gather[f32-1-1-1x2-1x1x32x32x32] - builder.base.builder_runtime.TTBuilderRuntimeException: Fatal error
FAILED test/python/golden/test_ttnn_ops.py::test_all_gather[f32-1-1-1x2-1x1x1x1x1x1x32x32x32] - builder.base.builder_runtime.TTBuilderRuntimeException: Fatal error
FAILED test/python/golden/test_ttnn_ops.py::test_all_gather[f32-1-0-1x2-40x32] - builder.base.builder_runtime.TTBuilderRuntimeException: Fatal error
FAILED test/python/golden/test_ttnn_ops.py::test_all_gather[f32-1-0-1x2-32x40] - builder.base.builder_runtime.TTBuilderRuntimeException: Fatal error
FAILED test/python/golden/test_ttnn_ops.py::test_all_gather[f32-1-0-1x2-32x32] - builder.base.builder_runtime.TTBuilderRuntimeException: Fatal error
FAILED test/python/golden/test_ttnn_ops.py::test_all_gather[f32-1-0-1x2-1x32x32x32] - builder.base.builder_runtime.TTBuilderRuntimeException: Fatal error
FAILED test/python/golden/test_ttnn_ops.py::test_all_gather[f32-1-0-1x2-1x32x32] - builder.base.builder_runtime.TTBuilderRuntimeException: Fatal error
FAILED test/python/golden/test_ttnn_ops.py::test_all_gather[f32-1-0-1x2-1x1x32x32x32] - builder.base.builder_runtime.TTBuilderRuntimeException: Fatal error
FAILED test/python/golden/test_ttnn_ops.py::test_all_gather[f32-1-0-1x2-1x1x1x1x1x1x32x32x32] - builder.base.builder_runtime.TTBuilderRuntimeException: Fatal error
FAILED test/python/golden/test_ttnn_ops.py::test_all_gather[bf16-1-3-1x2-1x32x32x32] - builder.base.builder_runtime.TTBuilderRuntimeException: Fatal error
FAILED test/python/golden/test_ttnn_ops.py::test_all_gather[bf16-1-3-1x2-1x1x32x32x32] - builder.base.builder_runtime.TTBuilderRuntimeException: Fatal error
FAILED test/python/golden/test_ttnn_ops.py::test_all_gather[bf16-1-3-1x2-1x1x1x1x1x1x32x32x32] - builder.base.builder_runtime.TTBuilderRuntimeException: Fatal error
FAILED test/python/golden/test_ttnn_ops.py::test_all_gather[bf16-1-2-1x2-1x32x32x32] - builder.base.builder_runtime.TTBuilderRuntimeException: Fatal error
FAILED test/python/golden/test_ttnn_ops.py::test_all_gather[bf16-1-2-1x2-1x32x32] - builder.base.builder_runtime.TTBuilderRuntimeException: Fatal error
FAILED test/python/golden/test_ttnn_ops.py::test_all_gather[bf16-1-2-1x2-1x1x32x32x32] - builder.base.builder_runtime.TTBuilderRuntimeException: Fatal error
FAILED test/python/golden/test_ttnn_ops.py::test_all_gather[bf16-1-2-1x2-1x1x1x1x1x1x32x32x32] - builder.base.builder_runtime.TTBuilderRuntimeException: Fatal error
FAILED test/python/golden/test_ttnn_ops.py::test_all_gather[bf16-1-1-1x2-40x32] - builder.base.builder_runtime.TTBuilderRuntimeException: Fatal error
FAILED test/python/golden/test_ttnn_ops.py::test_all_gather[bf16-1-1-1x2-32x40] - builder.base.builder_runtime.TTBuilderRuntimeException: Fatal error
FAILED test/python/golden/test_ttnn_ops.py::test_all_gather[bf16-1-1-1x2-32x32] - builder.base.builder_runtime.TTBuilderRuntimeException: Fatal error
FAILED test/python/golden/test_ttnn_ops.py::test_all_gather[bf16-1-1-1x2-1x32x32x32] - builder.base.builder_runtime.TTBuilderRuntimeException: Fatal error
FAILED test/python/golden/test_ttnn_ops.py::test_all_gather[bf16-1-1-1x2-1x32x32] - builder.base.builder_runtime.TTBuilderRuntimeException: Fatal error
FAILED test/python/golden/test_ttnn_ops.py::test_all_gather[bf16-1-1-1x2-1x1x32x32x32] - builder.base.builder_runtime.TTBuilderRuntimeException: Fatal error
FAILED test/python/golden/test_ttnn_ops.py::test_all_gather[bf16-1-1-1x2-1x1x1x1x1x1x32x32x32] - builder.base.builder_runtime.TTBuilderRuntimeException: Fatal error
FAILED test/python/golden/test_ttnn_ops.py::test_all_gather[bf16-1-0-1x2-40x32] - builder.base.builder_runtime.TTBuilderRuntimeException: Fatal error
FAILED test/python/golden/test_ttnn_ops.py::test_all_gather[bf16-1-0-1x2-32x40] - builder.base.builder_runtime.TTBuilderRuntimeException: Fatal error
FAILED test/python/golden/test_ttnn_ops.py::test_all_gather[bf16-1-0-1x2-32x32] - builder.base.builder_runtime.TTBuilderRuntimeException: Fatal error
FAILED test/python/golden/test_ttnn_ops.py::test_all_gather[bf16-1-0-1x2-1x32x32x32] - builder.base.builder_runtime.TTBuilderRuntimeException: Fatal error
FAILED test/python/golden/test_ttnn_ops.py::test_all_gather[bf16-1-0-1x2-1x32x32] - builder.base.builder_runtime.TTBuilderRuntimeException: Fatal error
FAILED test/python/golden/test_ttnn_ops.py::test_all_gather[bf16-1-0-1x2-1x1x32x32x32] - builder.base.builder_runtime.TTBuilderRuntimeException: Fatal error
FAILED test/python/golden/test_ttnn_ops.py::test_all_gather[bf16-1-0-1x2-1x1x1x1x1x1x32x32x32] - builder.base.builder_runtime.TTBuilderRuntimeException: Fatal error
FAILED test/python/golden/test_ttir_ops.py::test_unique_ops[ttnn-inputs_shapes0-inputs_dtypes0] - builder.base.builder_runtime.TTBuilderRuntimeException: 'ttmlir._mlir_libs._mlir.ir.IntegerType' object has no attribute 'element_type'
FAILED test/python/golden/test_ttir_ops.py::test_topk[ttnn-bf16-128x128] - builder.base.builder_runtime.TTBuilderRuntimeException: No golden function found for TTIR operation: <class 'ttmlir.dialects._ttnn_ops_gen.TopKOp'>
FAILED test/python/golden/test_ttir_ops.py::test_presharded_arg[1x2-ttnn] - builder.base.builder_runtime.TTBuilderRuntimeException: Fatal error
FAILED test/python/golden/test_ttir_ops.py::test_paged_flash_multi_latent_attention_decode[ttnn-small_mla] - builder.base.builder_runtime.TTBuilderRuntimeException: 'ttmlir._mlir_libs._mlir.ir.IntegerType' object has no attribute 'element_type'
FAILED test/python/golden/test_ttir_ops.py::test_hoisted_where[ttnn-64x64-64x64-64x64] - builder.base.builder_runtime.TTBuilderRuntimeException: ttnn_from_device_golden() takes 1 positional argument but 2 were given
FAILED test/python/golden/test_ttir_ops.py::test_hoisted_transpose[ttnn-3d_perm_i32] - builder.base.builder_runtime.TTBuilderRuntimeException: ttnn_from_device_golden() takes 1 positional argument but 2 were given
FAILED test/python/golden/test_ttir_ops.py::test_hoisted_transpose[ttnn-3d_perm_f32] - builder.base.builder_runtime.TTBuilderRuntimeException: ttnn_from_device_golden() takes 1 positional argument but 2 were given
FAILED test/python/golden/test_ttir_ops.py::test_hoisted_transpose[ttnn-2d_perm_f32] - builder.base.builder_runtime.TTBuilderRuntimeException: ttnn_from_device_golden() takes 1 positional argument but 2 were given
FAILED test/python/golden/test_ttir_ops.py::test_hoisted_squeeze[ttnn-0-1x128x128] - builder.base.builder_runtime.TTBuilderRuntimeException: ttnn_from_device_golden() takes 1 positional argument but 2 were given
FAILED test/python/golden/test_ttir_ops.py::test_hoisted_split_query_key_value_and_split_heads_mha[ttnn-mha_transpose_key] - builder.base.builder_runtime.TTBuilderRuntimeException: ttnn_from_device_golden() takes 1 positional argument but 2 were given
FAILED test/python/golden/test_ttir_ops.py::test_hoisted_split_query_key_value_and_split_heads_mha[ttnn-mha_no_transpose] - builder.base.builder_runtime.TTBuilderRuntimeException: ttnn_from_device_golden() takes 1 positional argument but 2 were given
FAILED test/python/golden/test_ttir_ops.py::test_hoisted_split_query_key_value_and_split_heads_gqa[ttnn-gqa_transpose_key] - builder.base.builder_runtime.TTBuilderRuntimeException: ttnn_from_device_golden() takes 1 positional argument but 2 were given
FAILED test/python/golden/test_ttir_ops.py::test_hoisted_split_query_key_value_and_split_heads_gqa[ttnn-gqa_no_transpose] - builder.base.builder_runtime.TTBuilderRuntimeException: ttnn_from_device_golden() takes 1 positional argument but 2 were given
FAILED test/python/golden/test_ttir_ops.py::test_hoisted_slice[ttnn-explicit_step_f32] - builder.base.builder_runtime.TTBuilderRuntimeException: ttnn_from_device_golden() takes 1 positional argument but 2 were given
FAILED test/python/golden/test_ttir_ops.py::test_hoisted_slice[ttnn-basic_slice_f32] - builder.base.builder_runtime.TTBuilderRuntimeException: ttnn_from_device_golden() takes 1 positional argument but 2 were given
FAILED test/python/golden/test_ttir_ops.py::test_hoisted_slice[ttnn-3d_slice_i32] - builder.base.builder_runtime.TTBuilderRuntimeException: ttnn_from_device_golden() takes 1 positional argument but 2 were given
FAILED test/python/golden/test_ttir_ops.py::test_hoisted_reshape[ttnn-3d_to_2d_i32] - builder.base.builder_runtime.TTBuilderRuntimeException: ttnn_from_device_golden() takes 1 positional argument but 2 were given
FAILED test/python/golden/test_ttir_ops.py::test_hoisted_reshape[ttnn-3d_to_1d_f32] - builder.base.builder_runtime.TTBuilderRuntimeException: ttnn_from_device_golden() takes 1 positional argument but 2 were given
FAILED test/python/golden/test_ttir_ops.py::test_hoisted_reshape[ttnn-2d_to_1d_f32] - builder.base.builder_runtime.TTBuilderRuntimeException: ttnn_from_device_golden() takes 1 positional argument but 2 were given
FAILED test/python/golden/test_ttir_ops.py::test_hoisted_reduce_or[ttnn-dim_args0-4x4] - builder.base.builder_runtime.TTBuilderRuntimeException: ttnn_from_device_golden() takes 1 positional argument but 2 were given
FAILED test/python/golden/test_ttir_ops.py::test_hoisted_permute[ttnn-shapes2-permutation2] - builder.base.builder_runtime.TTBuilderRuntimeException: ttnn_from_device_golden() takes 1 positional argument but 2 were given
FAILED test/python/golden/test_ttir_ops.py::test_hoisted_permute[ttnn-shapes1-permutation1] - builder.base.builder_runtime.TTBuilderRuntimeException: ttnn_from_device_golden() takes 1 positional argument but 2 were given
FAILED test/python/golden/test_ttir_ops.py::test_hoisted_permute[ttnn-shapes0-permutation0] - builder.base.builder_runtime.TTBuilderRuntimeException: ttnn_from_device_golden() takes 1 positional argument but 2 were given
FAILED test/python/golden/test_ttir_ops.py::test_hoisted_logical_not[ttnn-f32-128x128] - builder.base.builder_runtime.TTBuilderRuntimeException: ttnn_from_device_golden() takes 1 positional argument but 2 were given
FAILED test/python/golden/test_ttir_ops.py::test_hoisted_gather[ttnn-simple_1d] - builder.base.builder_runtime.TTBuilderRuntimeException: '%arg0'
FAILED test/python/golden/test_ttir_ops.py::test_hoisted_gather[ttnn-complex_indices] - builder.base.builder_runtime.TTBuilderRuntimeException: '%arg0'
FAILED test/python/golden/test_ttir_ops.py::test_hoisted_dot_general[ttnn-standard_matmul] - builder.base.builder_runtime.TTBuilderRuntimeException: ttnn_from_device_golden() takes 1 positional argument but 2 were given
FAILED test/python/golden/test_ttir_ops.py::test_hoisted_dot_general[ttnn-batched_matmul] - builder.base.builder_runtime.TTBuilderRuntimeException: ttnn_from_device_golden() takes 1 positional argument but 2 were given
FAILED test/python/golden/test_ttir_ops.py::test_hoisted_dot_general[ttnn-3d_tensor_2d_tensor] - builder.base.builder_runtime.TTBuilderRuntimeException: ttnn_from_device_golden() takes 1 positional argument but 2 were given
FAILED test/python/golden/test_ttir_ops.py::test_hoisted_div[ttnn-f32-128x128] - builder.base.builder_runtime.TTBuilderRuntimeException: ttnn_from_device_golden() takes 1 positional argument but 2 were given
FAILED test/python/golden/test_ttir_ops.py::test_hoisted_conv2d[ttnn-1-padding0-dilation0-stride0-1x32x32x64-64x64x3x3-1x1x1x64] - builder.base.builder_runtime.TTBuilderRuntimeException: ttnn_from_device_golden() takes 1 positional argument but 2 were given
FAILED test/python/golden/test_ttir_ops.py::test_hoisted_broadcast[ttnn-shape2-broadcast_dims2] - builder.base.builder_runtime.TTBuilderRuntimeException: ttnn_from_device_golden() takes 1 positional argument but 2 were given
FAILED test/python/golden/test_ttir_ops.py::test_hoisted_broadcast[ttnn-shape1-broadcast_dims1] - builder.base.builder_runtime.TTBuilderRuntimeException: ttnn_from_device_golden() takes 1 positional argument but 2 were given
FAILED test/python/golden/test_ttir_ops.py::test_hoisted_broadcast[ttnn-shape0-broadcast_dims0] - builder.base.builder_runtime.TTBuilderRuntimeException: ttnn_from_device_golden() takes 1 positional argument but 2 were given
FAILED test/python/golden/test_ttir_ops.py::test_gather[ttnn-simple_1d-f32] - builder.base.builder_runtime.TTBuilderRuntimeException: '%arg0'
FAILED test/python/golden/test_ttir_ops.py::test_gather[ttnn-complex_indices-f32] - builder.base.builder_runtime.TTBuilderRuntimeException: No golden function found for TTIR operation: <class 'ttmlir.dialects._ttnn_ops_gen.PermuteOp'>
FAILED test/python/golden/test_stablehlo_ops.py::test_transpose[permutation2-ttnn-f32-2x3x4] - builder.base.builder_runtime.TTBuilderRuntimeException: No golden function found for TTIR operation: <class 'ttmlir.dialects._ttnn_ops_gen.PermuteOp'>
FAILED test/python/golden/test_stablehlo_ops.py::test_transpose[permutation1-ttnn-f32-2x3x4] - builder.base.builder_runtime.TTBuilderRuntimeException: No golden function found for TTIR operation: <class 'ttmlir.dialects._ttnn_ops_gen.PermuteOp'>
FAILED test/python/golden/test_stablehlo_ops.py::test_transpose[permutation0-ttnn-f32-128x64] - builder.base.builder_runtime.TTBuilderRuntimeException: No golden function found for TTIR operation: <class 'ttmlir.dialects._ttnn_ops_gen.PermuteOp'>
FAILED test/python/golden/test_stablehlo_ops.py::test_ternary_ops[module_select-ttnn] - builder.base.builder_runtime.TTBuilderRuntimeException: where expected condition to be a boolean tensor, but got a tensor with dtype Float
FAILED test/python/golden/test_stablehlo_ops.py::test_ternary_ops[module_clamp-ttnn] - builder.base.builder_runtime.TTBuilderRuntimeException: '%arg0'
FAILED test/python/golden/test_stablehlo_ops.py::test_sort_key_value[ttnn-False-True-dim2-3val-bf16-bf16-3x3x3] - builder.base.builder_runtime.TTBuilderRuntimeException: No golden function found for TTIR operation: <class 'ttmlir.dialects._ttnn_ops_gen.SortOp'>
FAILED test/python/golden/test_stablehlo_ops.py::test_sort_key_value[ttnn-False-True-dim2-1val-bf16-bf16-3x3x3] - builder.base.builder_runtime.TTBuilderRuntimeException: No golden function found for TTIR operation: <class 'ttmlir.dialects._ttnn_ops_gen.SortOp'>
FAILED test/python/golden/test_stablehlo_ops.py::test_sort_key_value[ttnn-False-True-dim1-3val-bf16-bf16-3x3x3] - builder.base.builder_runtime.TTBuilderRuntimeException: No golden function found for TTIR operation: <class 'ttmlir.dialects._ttnn_ops_gen.SortOp'>
FAILED test/python/golden/test_stablehlo_ops.py::test_sort_key_value[ttnn-False-True-dim1-1val-bf16-bf16-3x3x3] - builder.base.builder_runtime.TTBuilderRuntimeException: No golden function found for TTIR operation: <class 'ttmlir.dialects._ttnn_ops_gen.SortOp'>
FAILED test/python/golden/test_stablehlo_ops.py::test_sort_key_value[ttnn-False-True-dim0-3val-bf16-bf16-3x3x3] - builder.base.builder_runtime.TTBuilderRuntimeException: No golden function found for TTIR operation: <class 'ttmlir.dialects._ttnn_ops_gen.SortOp'>
FAILED test/python/golden/test_stablehlo_ops.py::test_sort_key_value[ttnn-False-True-dim0-1val-bf16-bf16-3x3x3] - builder.base.builder_runtime.TTBuilderRuntimeException: No golden function found for TTIR operation: <class 'ttmlir.dialects._ttnn_ops_gen.SortOp'>
FAILED test/python/golden/test_stablehlo_ops.py::test_sort_key_value[ttnn-False-False-dim2-3val-bf16-bf16-3x3x3] - builder.base.builder_runtime.TTBuilderRuntimeException: No golden function found for TTIR operation: <class 'ttmlir.dialects._ttnn_ops_gen.SortOp'>
FAILED test/python/golden/test_stablehlo_ops.py::test_sort_key_value[ttnn-False-False-dim2-1val-bf16-bf16-3x3x3] - builder.base.builder_runtime.TTBuilderRuntimeException: No golden function found for TTIR operation: <class 'ttmlir.dialects._ttnn_ops_gen.SortOp'>
FAILED test/python/golden/test_stablehlo_ops.py::test_sort_key_value[ttnn-False-False-dim1-3val-bf16-bf16-3x3x3] - builder.base.builder_runtime.TTBuilderRuntimeException: No golden function found for TTIR operation: <class 'ttmlir.dialects._ttnn_ops_gen.SortOp'>
FAILED test/python/golden/test_stablehlo_ops.py::test_sort_key_value[ttnn-False-False-dim1-1val-bf16-bf16-3x3x3] - builder.base.builder_runtime.TTBuilderRuntimeException: No golden function found for TTIR operation: <class 'ttmlir.dialects._ttnn_ops_gen.SortOp'>
FAILED test/python/golden/test_stablehlo_ops.py::test_sort_key_value[ttnn-False-False-dim0-3val-bf16-bf16-3x3x3] - builder.base.builder_runtime.TTBuilderRuntimeException: No golden function found for TTIR operation: <class 'ttmlir.dialects._ttnn_ops_gen.SortOp'>
FAILED test/python/golden/test_stablehlo_ops.py::test_sort_key_value[ttnn-False-False-dim0-1val-bf16-bf16-3x3x3] - builder.base.builder_runtime.TTBuilderRuntimeException: No golden function found for TTIR operation: <class 'ttmlir.dialects._ttnn_ops_gen.SortOp'>
FAILED test/python/golden/test_stablehlo_ops.py::test_sort[ttnn-True-True-dim1-bf16-256x256] - builder.base.builder_runtime.TTBuilderRuntimeException: No golden function found for TTIR operation: <class 'ttmlir.dialects._ttnn_ops_gen.SortOp'>
FAILED test/python/golden/test_stablehlo_ops.py::test_sort[ttnn-True-True-dim0-bf16-256x256] - builder.base.builder_runtime.TTBuilderRuntimeException: No golden function found for TTIR operation: <class 'ttmlir.dialects._ttnn_ops_gen.SortOp'>
FAILED test/python/golden/test_stablehlo_ops.py::test_sort[ttnn-True-False-dim1-bf16-256x256] - builder.base.builder_runtime.TTBuilderRuntimeException: No golden function found for TTIR operation: <class 'ttmlir.dialects._ttnn_ops_gen.SortOp'>
FAILED test/python/golden/test_stablehlo_ops.py::test_sort[ttnn-True-False-dim0-bf16-256x256] - builder.base.builder_runtime.TTBuilderRuntimeException: No golden function found for TTIR operation: <class 'ttmlir.dialects._ttnn_ops_gen.SortOp'>
FAILED test/python/golden/test_stablehlo_ops.py::test_sort[ttnn-False-True-dim1-bf16-256x256] - builder.base.builder_runtime.TTBuilderRuntimeException: No golden function found for TTIR operation: <class 'ttmlir.dialects._ttnn_ops_gen.SortOp'>
FAILED test/python/golden/test_stablehlo_ops.py::test_sort[ttnn-False-True-dim0-bf16-256x256] - builder.base.builder_runtime.TTBuilderRuntimeException: No golden function found for TTIR operation: <class 'ttmlir.dialects._ttnn_ops_gen.SortOp'>
FAILED test/python/golden/test_stablehlo_ops.py::test_sort[ttnn-False-False-dim1-bf16-256x256] - builder.base.builder_runtime.TTBuilderRuntimeException: No golden function found for TTIR operation: <class 'ttmlir.dialects._ttnn_ops_gen.SortOp'>
FAILED test/python/golden/test_stablehlo_ops.py::test_sort[ttnn-False-False-dim0-bf16-256x256] - builder.base.builder_runtime.TTBuilderRuntimeException: No golden function found for TTIR operation: <class 'ttmlir.dialects._ttnn_ops_gen.SortOp'>
FAILED test/python/golden/test_stablehlo_ops.py::test_slice[ttnn-f32-256x256_large] - builder.base.builder_runtime.TTBuilderRuntimeException: No golden function found for TTIR operation: <class 'ttmlir.dialects._ttnn_ops_gen.SliceStaticOp'>
FAILED test/python/golden/test_stablehlo_ops.py::test_slice[ttnn-f32-128x128_stride] - builder.base.builder_runtime.TTBuilderRuntimeException: No golden function found for TTIR operation: <class 'ttmlir.dialects._ttnn_ops_gen.SliceStaticOp'>
FAILED test/python/golden/test_stablehlo_ops.py::test_slice[ttnn-f32-128x128_offset] - builder.base.builder_runtime.TTBuilderRuntimeException: No golden function found for TTIR operation: <class 'ttmlir.dialects._ttnn_ops_gen.SliceStaticOp'>
FAILED test/python/golden/test_stablehlo_ops.py::test_slice[ttnn-f32-128x128_basic] - builder.base.builder_runtime.TTBuilderRuntimeException: No golden function found for TTIR operation: <class 'ttmlir.dialects._ttnn_ops_gen.SliceStaticOp'>
FAILED test/python/golden/test_stablehlo_ops.py::test_select[ttnn] - builder.base.builder_runtime.TTBuilderRuntimeException: where expected condition to be a boolean tensor, but got a tensor with dtype Float
FAILED test/python/golden/test_stablehlo_ops.py::test_reverse[ttnn-shapes1-dtype1-dimensions1] - builder.base.builder_runtime.TTBuilderRuntimeException: No golden function found for TTIR operation: <class 'ttmlir.dialects._ttnn_ops_gen.ReshapeOp'>
FAILED test/python/golden/test_stablehlo_ops.py::test_reverse[ttnn-shapes0-dtype0-dimensions0] - builder.base.builder_runtime.TTBuilderRuntimeException: No golden function found for TTIR operation: <class 'ttmlir.dialects._ttnn_ops_gen.PermuteOp'>
FAILED test/python/golden/test_stablehlo_ops.py::test_reshape[f32-zero_dim-ttnn] - builder.base.builder_runtime.TTBuilderRuntimeException: both buffer length (0) and count (-1) must not be 0
FAILED test/python/golden/test_stablehlo_ops.py::test_reshape[f32-unflatten-ttnn] - builder.base.builder_runtime.TTBuilderRuntimeException: No golden function found for TTIR operation: <class 'ttmlir.dialects._ttnn_ops_gen.ReshapeOp'>
FAILED test/python/golden/test_stablehlo_ops.py::test_reshape[f32-swap-ttnn] - builder.base.builder_runtime.TTBuilderRuntimeException: No golden function found for TTIR operation: <class 'ttmlir.dialects._ttnn_ops_gen.ReshapeOp'>
FAILED test/python/golden/test_stablehlo_ops.py::test_reshape[f32-rearrange_2d-ttnn] - builder.base.builder_runtime.TTBuilderRuntimeException: No golden function found for TTIR operation: <class 'ttmlir.dialects._ttnn_ops_gen.ReshapeOp'>
FAILED test/python/golden/test_stablehlo_ops.py::test_reshape[f32-flatten-ttnn] - builder.base.builder_runtime.TTBuilderRuntimeException: No golden function found for TTIR operation: <class 'ttmlir.dialects._ttnn_ops_gen.ReshapeOp'>
FAILED test/python/golden/test_stablehlo_ops.py::test_reshape[f32-expand_dims-ttnn] - builder.base.builder_runtime.TTBuilderRuntimeException: No golden function found for TTIR operation: <class 'ttmlir.dialects._ttnn_ops_gen.ReshapeOp'>
FAILED test/python/golden/test_stablehlo_ops.py::test_reshape[f32-3d_to_2d-ttnn] - builder.base.builder_runtime.TTBuilderRuntimeException: No golden function found for TTIR operation: <class 'ttmlir.dialects._ttnn_ops_gen.ReshapeOp'>
FAILED test/python/golden/test_stablehlo_ops.py::test_reduce_sum[dimensions1-ttnn-f32-128x128] - builder.base.builder_runtime.TTBuilderRuntimeException: No golden function found for TTIR operation: <class 'ttmlir.dialects._ttnn_ops_gen.SumOp'>
FAILED test/python/golden/test_stablehlo_ops.py::test_reduce_sum[dimensions0-ttnn-f32-128x128] - builder.base.builder_runtime.TTBuilderRuntimeException: No golden function found for TTIR operation: <class 'ttmlir.dialects._ttnn_ops_gen.SumOp'>
FAILED test/python/golden/test_stablehlo_ops.py::test_reduce_min[dimensions1-ttnn-f32-128x128] - builder.base.builder_runtime.TTBuilderRuntimeException: No golden function found for TTIR operation: <class 'ttmlir.dialects._ttnn_ops_gen.MinOp'>
FAILED test/python/golden/test_stablehlo_ops.py::test_reduce_min[dimensions0-ttnn-f32-128x128] - builder.base.builder_runtime.TTBuilderRuntimeException: No golden function found for TTIR operation: <class 'ttmlir.dialects._ttnn_ops_gen.MinOp'>
FAILED test/python/golden/test_stablehlo_ops.py::test_reduce_max[dimensions1-ttnn-f32-128x128] - builder.base.builder_runtime.TTBuilderRuntimeException: No golden function found for TTIR operation: <class 'ttmlir.dialects._ttnn_ops_gen.MaxOp'>
FAILED test/python/golden/test_stablehlo_ops.py::test_reduce_max[dimensions0-ttnn-f32-128x128] - builder.base.builder_runtime.TTBuilderRuntimeException: No golden function found for TTIR operation: <class 'ttmlir.dialects._ttnn_ops_gen.MaxOp'>
FAILED test/python/golden/test_stablehlo_ops.py::test_pad[ttnn-f32-padding1-2x3] - builder.base.builder_runtime.TTBuilderRuntimeException: 'ttmlir._mlir_libs._mlir.ir.F32Type' object has no attribute 'element_type'
FAILED test/python/golden/test_stablehlo_ops.py::test_pad[ttnn-f32-padding0-2x3] - builder.base.builder_runtime.TTBuilderRuntimeException: 'ttmlir._mlir_libs._mlir.ir.F32Type' object has no attribute 'element_type'
FAILED test/python/golden/test_stablehlo_ops.py::test_max_pool_2d[ttnn-f32-rank4_k3s2p1] - builder.base.builder_runtime.TTBuilderRuntimeException: No golden function found for TTIR operation: <class 'ttmlir.dialects._ttnn_ops_gen.PermuteOp'>
FAILED test/python/golden/test_stablehlo_ops.py::test_max_pool_2d[ttnn-f32-rank4_k3s1p1] - builder.base.builder_runtime.TTBuilderRuntimeException: No golden function found for TTIR operation: <class 'ttmlir.dialects._ttnn_ops_gen.PermuteOp'>
FAILED test/python/golden/test_stablehlo_ops.py::test_max_pool_2d[ttnn-f32-rank4_k2s2p0] - builder.base.builder_runtime.TTBuilderRuntimeException: No golden function found for TTIR operation: <class 'ttmlir.dialects._ttnn_ops_gen.PermuteOp'>
FAILED test/python/golden/test_stablehlo_ops.py::test_max_pool_2d[ttnn-f32-rank2_k3s2p1] - builder.base.builder_runtime.TTBuilderRuntimeException: No golden function found for TTIR operation: <class 'ttmlir.dialects._ttnn_ops_gen.ReshapeOp'>
FAILED test/python/golden/test_stablehlo_ops.py::test_max_pool_2d[ttnn-f32-rank2_k3s1p1] - builder.base.builder_runtime.TTBuilderRuntimeException: No golden function found for TTIR operation: <class 'ttmlir.dialects._ttnn_ops_gen.ReshapeOp'>
FAILED test/python/golden/test_stablehlo_ops.py::test_max_pool_2d[ttnn-f32-rank2_k2s2p0] - builder.base.builder_runtime.TTBuilderRuntimeException: No golden function found for TTIR operation: <class 'ttmlir.dialects._ttnn_ops_gen.ReshapeOp'>
FAILED test/python/golden/test_stablehlo_ops.py::test_max_pool_2d[ttnn-bf16-rank4_k3s2p1] - builder.base.builder_runtime.TTBuilderRuntimeException: No golden function found for TTIR operation: <class 'ttmlir.dialects._ttnn_ops_gen.PermuteOp'>
FAILED test/python/golden/test_stablehlo_ops.py::test_max_pool_2d[ttnn-bf16-rank4_k3s1p1] - builder.base.builder_runtime.TTBuilderRuntimeException: No golden function found for TTIR operation: <class 'ttmlir.dialects._ttnn_ops_gen.PermuteOp'>
FAILED test/python/golden/test_stablehlo_ops.py::test_max_pool_2d[ttnn-bf16-rank4_k2s2p0] - builder.base.builder_runtime.TTBuilderRuntimeException: No golden function found for TTIR operation: <class 'ttmlir.dialects._ttnn_ops_gen.PermuteOp'>
FAILED test/python/golden/test_stablehlo_ops.py::test_max_pool_2d[ttnn-bf16-rank2_k3s2p1] - builder.base.builder_runtime.TTBuilderRuntimeException: No golden function found for TTIR operation: <class 'ttmlir.dialects._ttnn_ops_gen.ReshapeOp'>
FAILED test/python/golden/test_stablehlo_ops.py::test_max_pool_2d[ttnn-bf16-rank2_k3s1p1] - builder.base.builder_runtime.TTBuilderRuntimeException: No golden function found for TTIR operation: <class 'ttmlir.dialects._ttnn_ops_gen.ReshapeOp'>
FAILED test/python/golden/test_stablehlo_ops.py::test_max_pool_2d[ttnn-bf16-rank2_k2s2p0] - builder.base.builder_runtime.TTBuilderRuntimeException: No golden function found for TTIR operation: <class 'ttmlir.dialects._ttnn_ops_gen.ReshapeOp'>
FAILED test/python/golden/test_stablehlo_ops.py::test_dynamic_slice[ttnn-f32-dyn_256x256_large] - builder.base.builder_runtime.TTBuilderRuntimeException: No golden function found for TTIR operation: <class 'ttmlir.dialects._ttnn_ops_gen.SliceStaticOp'>
FAILED test/python/golden/test_stablehlo_ops.py::test_dynamic_slice[ttnn-f32-dyn_128x128_offset] - builder.base.builder_runtime.TTBuilderRuntimeException: No golden function found for TTIR operation: <class 'ttmlir.dialects._ttnn_ops_gen.SliceStaticOp'>
FAILED test/python/golden/test_stablehlo_ops.py::test_dynamic_slice[ttnn-f32-dyn_128x128_fullrow] - builder.base.builder_runtime.TTBuilderRuntimeException: No golden function found for TTIR operation: <class 'ttmlir.dialects._ttnn_ops_gen.SliceStaticOp'>
FAILED test/python/golden/test_stablehlo_ops.py::test_dynamic_slice[ttnn-f32-dyn_128x128_basic] - builder.base.builder_runtime.TTBuilderRuntimeException: No golden function found for TTIR operation: <class 'ttmlir.dialects._ttnn_ops_gen.SliceStaticOp'>
FAILED test/python/golden/test_stablehlo_ops.py::test_concatenate[ttnn-f32-diff_size] - builder.base.builder_runtime.TTBuilderRuntimeException: Unexpected attribute type: <class 'golden.mapping.GoldenMapTensor'>
FAILED test/python/golden/test_stablehlo_ops.py::test_concatenate[ttnn-f32-4t_dim1] - builder.base.builder_runtime.TTBuilderRuntimeException: ttnn_concat_golden() takes 3 positional arguments but 4 were given
FAILED test/python/golden/test_stablehlo_ops.py::test_concatenate[ttnn-f32-3t_same] - builder.base.builder_runtime.TTBuilderRuntimeException: Unexpected attribute type: <class 'golden.mapping.GoldenMapTensor'>
FAILED test/python/golden/test_stablehlo_ops.py::test_concatenate[ttnn-f32-3t_dim0_ttir] - builder.base.builder_runtime.TTBuilderRuntimeException: Unexpected attribute type: <class 'golden.mapping.GoldenMapTensor'>
FAILED test/python/golden/test_stablehlo_ops.py::test_concatenate[ttnn-f32-2t_dim1] - builder.base.builder_runtime.TTBuilderRuntimeException: Unexpected attribute type: <class 'golden.mapping.GoldenMapTensor'>
FAILED test/python/golden/test_stablehlo_ops.py::test_concatenate[ttnn-f32-2t_dim0] - builder.base.builder_runtime.TTBuilderRuntimeException: Unexpected attribute type: <class 'golden.mapping.GoldenMapTensor'>
FAILED test/python/golden/test_stablehlo_ops.py::test_batch_norm_training_op[module_batch_norm_training-ttnn] - builder.base.builder_runtime.TTBuilderRuntimeException: No golden function found for TTIR operation: <class 'ttmlir.dialects._ttcore_ops_gen.LoadCachedOp'>
FAILED test/python/golden/test_stablehlo_ops.py::test_batch_norm_inference_op[module_batch_norm_inference-ttnn] - builder.base.builder_runtime.TTBuilderRuntimeException: No golden function found for TTIR operation: <class 'ttmlir.dialects._ttnn_ops_gen.PermuteOp'>
FAILED test/python/golden/test_stablehlo_ops.py::test_batch_norm_grad_op[module_batch_norm_grad-ttnn] - builder.base.builder_runtime.TTBuilderRuntimeException: No golden function found for TTIR operation: <class 'ttmlir.dialects._ttcore_ops_gen.LoadCachedOp'>
FAILED test/python/golden/test_stablehlo_ops.py::test_avg_pool_2d[ttnn-f32-rank4_k3s2p1] - builder.base.builder_runtime.TTBuilderRuntimeException: No golden function found for TTIR operation: <class 'ttmlir.dialects._ttnn_ops_gen.PermuteOp'>
FAILED test/python/golden/test_stablehlo_ops.py::test_avg_pool_2d[ttnn-f32-rank4_k3s1p1] - builder.base.builder_runtime.TTBuilderRuntimeException: No golden function found for TTIR operation: <class 'ttmlir.dialects._ttnn_ops_gen.PermuteOp'>
FAILED test/python/golden/test_stablehlo_ops.py::test_avg_pool_2d[ttnn-f32-rank4_k2s2p0] - builder.base.builder_runtime.TTBuilderRuntimeException: No golden function found for TTIR operation: <class 'ttmlir.dialects._ttcore_ops_gen.LoadCachedOp'>
FAILED test/python/golden/test_stablehlo_ops.py::test_avg_pool_2d[ttnn-f32-rank2_k3s2p1] - builder.base.builder_runtime.TTBuilderRuntimeException: No golden function found for TTIR operation: <class 'ttmlir.dialects._ttcore_ops_gen.LoadCachedOp'>
FAILED test/python/golden/test_stablehlo_ops.py::test_avg_pool_2d[ttnn-f32-rank2_k3s1p1] - builder.base.builder_runtime.TTBuilderRuntimeException: No golden function found for TTIR operation: <class 'ttmlir.dialects._ttcore_ops_gen.LoadCachedOp'>
FAILED test/python/golden/test_stablehlo_ops.py::test_avg_pool_2d[ttnn-f32-rank2_k2s2p0] - builder.base.builder_runtime.TTBuilderRuntimeException: No golden function found for TTIR operation: <class 'ttmlir.dialects._ttcore_ops_gen.LoadCachedOp'>
FAILED test/python/golden/test_stablehlo_ops.py::test_avg_pool_2d[ttnn-bf16-rank4_k3s2p1] - builder.base.builder_runtime.TTBuilderRuntimeException: No golden function found for TTIR operation: <class 'ttmlir.dialects._ttnn_ops_gen.PermuteOp'>
FAILED test/python/golden/test_stablehlo_ops.py::test_avg_pool_2d[ttnn-bf16-rank4_k3s1p1] - builder.base.builder_runtime.TTBuilderRuntimeException: No golden function found for TTIR operation: <class 'ttmlir.dialects._ttnn_ops_gen.PermuteOp'>
FAILED test/python/golden/test_stablehlo_ops.py::test_avg_pool_2d[ttnn-bf16-rank4_k2s2p0] - builder.base.builder_runtime.TTBuilderRuntimeException: No golden function found for TTIR operation: <class 'ttmlir.dialects._ttnn_ops_gen.PermuteOp'>
FAILED test/python/golden/test_stablehlo_ops.py::test_avg_pool_2d[ttnn-bf16-rank2_k3s2p1] - builder.base.builder_runtime.TTBuilderRuntimeException: No golden function found for TTIR operation: <class 'ttmlir.dialects._ttcore_ops_gen.LoadCachedOp'>
FAILED test/python/golden/test_stablehlo_ops.py::test_avg_pool_2d[ttnn-bf16-rank2_k3s1p1] - builder.base.builder_runtime.TTBuilderRuntimeException: No golden function found for TTIR operation: <class 'ttmlir.dialects._ttcore_ops_gen.LoadCachedOp'>
FAILED test/python/golden/test_stablehlo_ops.py::test_avg_pool_2d[ttnn-bf16-rank2_k2s2p0] - builder.base.builder_runtime.TTBuilderRuntimeException: No golden function found for TTIR operation: <class 'ttmlir.dialects._ttcore_ops_gen.LoadCachedOp'>
FAILED test/python/golden/ttnn_ops/normalization/test_ttnn_normalization.py::test_layer_norm_pre_all_gather[emitc-True-1x1x32x512] - builder.base.builder_runtime.TTBuilderRuntimeException: module '_ttmlir_runtime.runtime' has no attribute 'test'
FAILED test/python/golden/ttnn_ops/normalization/test_ttnn_normalization.py::test_layer_norm_pre_all_gather[emitc-True-1x1x32x128] - builder.base.builder_runtime.TTBuilderRuntimeException: module '_ttmlir_runtime.runtime' has no attribute 'test'
FAILED test/python/golden/ttnn_ops/normalization/test_ttnn_normalization.py::test_layer_norm_pre_all_gather[emitc-False-1x1x32x512] - builder.base.builder_runtime.TTBuilderRuntimeException: module '_ttmlir_runtime.runtime' has no attribute 'test'
FAILED test/python/golden/ttnn_ops/normalization/test_ttnn_normalization.py::test_layer_norm_pre_all_gather[emitc-False-1x1x32x128] - builder.base.builder_runtime.TTBuilderRuntimeException: module '_ttmlir_runtime.runtime' has no attribute 'test'
FAILED test/python/golden/ttnn_ops/normalization/test_ttnn_normalization.py::test_layer_norm_post_all_gather[emitc-True-1x1x32x512] - builder.base.builder_runtime.TTBuilderRuntimeException: module '_ttmlir_runtime.runtime' has no attribute 'test'
FAILED test/python/golden/ttnn_ops/normalization/test_ttnn_normalization.py::test_layer_norm_post_all_gather[emitc-True-1x1x32x128] - builder.base.builder_runtime.TTBuilderRuntimeException: module '_ttmlir_runtime.runtime' has no attribute 'test'
FAILED test/python/golden/ttnn_ops/normalization/test_ttnn_normalization.py::test_layer_norm_post_all_gather[emitc-False-1x1x32x512] - builder.base.builder_runtime.TTBuilderRuntimeException: module '_ttmlir_runtime.runtime' has no attribute 'test'
FAILED test/python/golden/ttnn_ops/normalization/test_ttnn_normalization.py::test_layer_norm_post_all_gather[emitc-False-1x1x32x128] - builder.base.builder_runtime.TTBuilderRuntimeException: module '_ttmlir_runtime.runtime' has no attribute 'test'