/localdev/bmalesevic/tt-mlir/llama_3_2_1b_512_fwd/ttir_llama_3_2_1b_512_fwd.mlir:3:5: warning: Empty argument type map provided. Skipping argument type population. This may affect subsequent compile steps
    builtin.module @llama_3_2_1b_512_fwd attributes {ttcore.meshes = #ttcore.meshes<[<"mesh" = 1x1>]>} {
    ^
2026-08-26 12:25:03.074 | info     |             UMD | Creating TopologyDiscovery for architecture: wormhole_b0 (topology_discovery.cpp:95)
2026-08-26 12:25:03.074 | info     |             UMD | Starting topology discovery. (topology_discovery.cpp:114)
2026-08-26 12:25:03.076 | info     |             UMD | Established firmware bundle version: 18.12.1 (topology_discovery.cpp:574)
2026-08-26 12:25:03.076 | info     |             UMD | Completed topology discovery. (topology_discovery.cpp:118)
2026-08-26 12:25:03.078 | info     |           Metal | Using programmatically configured mock mode: /tmp/umd_aFeXFZ/cluster_descriptor.yaml (metal_env.cpp:166)
2026-08-26 12:25:03.079 | info     |          Device | Opening user mode device driver (tt_cluster.cpp:228)
2026-08-26 12:25:03.080 | warning  |          Device | Currently using mock cluster descriptor, all device driver calls will be mocked (tt_cluster.cpp:251)
2026-08-26 12:25:03.080 | info     |             UMD | Cluster constructor started. (cluster.cpp:348)
2026-08-26 12:25:03.084 | info     |             UMD | Cluster constructor completed. (cluster.cpp:544)
2026-08-26 12:25:03.088 | info     |             UMD | Starting devices in cluster (cluster.cpp:1048)
2026-08-26 12:25:03.088 | info     |             UMD | Starting devices in cluster completed. (cluster.cpp:1056)
2026-08-26 12:25:03.120 | info     |     Distributed | Using auto discovery to generate mesh graph. (metal_env.cpp:405)
2026-08-26 12:25:03.120 | info     |     Distributed | Constructing control plane using auto-discovery (no mesh graph descriptor). (metal_env.cpp:467)
2026-08-26 12:25:03.121 | info     |          Fabric | Logical multi-mesh adjacency: intermesh degree histogram {0:1}; intra-mesh degree histograms mesh0 {0:1} (topology_mapper_utils.cpp:2452)
2026-08-26 12:25:03.121 | info     |          Fabric | Physical multi-mesh adjacency: intermesh degree histogram {0:1}; intra-mesh degree histograms mesh0 {0:1} (topology_mapper_utils.cpp:2460)
2026-08-26 12:25:03.139 | info     |    BuildKernels | Using pre-compiled firmware from: /localdev/bmalesevic/tt-mlir/third_party/tt-metal/src/tt-metal/tt_metal/pre-compiled/7388763415073669024/ (build_env_manager.cpp:347)
2026-08-26 12:25:03.140 | info     |           Metal | Skipping host-side CQ initialization for mock devices (command_queue_initializer.cpp:27)
2026-08-26 12:25:03.141 | info     |           Metal | Skipping dispatch firmware initialization for mock devices (dispatch_kernel_initializer.cpp:88)
2026-08-26 12:25:03.141 | info     |           Metal | Skipping fabric configure (router sync) for mock/emule devices (fabric_firmware_initializer.cpp:328)
2026-08-26 12:25:03.141 | info     |           Metal | Disabling and clearing program cache on MeshDevice 0 (mesh_device.cpp:1071)
2026-08-26 12:25:03.188 | info     |           Metal | Disabling and clearing program cache on MeshDevice 0 (mesh_device.cpp:1071)
2026-08-26 12:25:03.188 | info     |           Metal | Skipping fabric teardown for mock/emule devices (fabric_firmware_initializer.cpp:343)
2026-08-26 12:25:03.188 | info     |          Device | Closing user mode device drivers (tt_cluster.cpp:513)
2026-08-26 12:25:03.188 | info     |             UMD | Closing devices in cluster (cluster.cpp:1061)
2026-08-26 12:25:03.188 | info     |             UMD | Closing devices in cluster completed. (cluster.cpp:1070)
2026-08-26 12:25:03.188 | info     |             UMD | Cluster destructor started. (cluster.cpp:778)
2026-08-26 12:25:03.188 | info     |             UMD | Cluster destructor completed. (cluster.cpp:781)
2026-08-26 12:25:03.210 | info     |           Metal | Using programmatically configured mock mode: /tmp/umd_aFeXFZ/cluster_descriptor.yaml (metal_env.cpp:166)
2026-08-26 12:25:03.211 | info     |          Device | Opening user mode device driver (tt_cluster.cpp:228)
2026-08-26 12:25:03.211 | warning  |          Device | Currently using mock cluster descriptor, all device driver calls will be mocked (tt_cluster.cpp:251)
2026-08-26 12:25:03.212 | info     |             UMD | Cluster constructor started. (cluster.cpp:348)
2026-08-26 12:25:03.216 | info     |             UMD | Cluster constructor completed. (cluster.cpp:544)
2026-08-26 12:25:03.219 | info     |             UMD | Starting devices in cluster (cluster.cpp:1048)
2026-08-26 12:25:03.219 | info     |             UMD | Starting devices in cluster completed. (cluster.cpp:1056)
2026-08-26 12:25:03.221 | info     |     Distributed | Using auto discovery to generate mesh graph. (metal_env.cpp:405)
2026-08-26 12:25:03.221 | info     |     Distributed | Constructing control plane using auto-discovery (no mesh graph descriptor). (metal_env.cpp:467)
2026-08-26 12:25:03.221 | info     |          Fabric | Logical multi-mesh adjacency: intermesh degree histogram {0:1}; intra-mesh degree histograms mesh0 {0:1} (topology_mapper_utils.cpp:2452)
2026-08-26 12:25:03.221 | info     |          Fabric | Physical multi-mesh adjacency: intermesh degree histogram {0:1}; intra-mesh degree histograms mesh0 {0:1} (topology_mapper_utils.cpp:2460)
2026-08-26 12:25:03.223 | info     |    BuildKernels | Using pre-compiled firmware from: /localdev/bmalesevic/tt-mlir/third_party/tt-metal/src/tt-metal/tt_metal/pre-compiled/7388763415073669024/ (build_env_manager.cpp:347)
2026-08-26 12:25:03.224 | info     |           Metal | Skipping host-side CQ initialization for mock devices (command_queue_initializer.cpp:27)
2026-08-26 12:25:03.225 | info     |           Metal | Skipping dispatch firmware initialization for mock devices (dispatch_kernel_initializer.cpp:88)
2026-08-26 12:25:03.225 | info     |           Metal | Skipping fabric configure (router sync) for mock/emule devices (fabric_firmware_initializer.cpp:328)
2026-08-26 12:25:03.225 | info     |           Metal | Disabling and clearing program cache on MeshDevice 1 (mesh_device.cpp:1071)
2026-08-26 12:25:03.246 | info     |           Metal | Disabling and clearing program cache on MeshDevice 1 (mesh_device.cpp:1071)
2026-08-26 12:25:03.246 | info     |           Metal | Skipping fabric teardown for mock/emule devices (fabric_firmware_initializer.cpp:343)
2026-08-26 12:25:03.246 | info     |          Device | Closing user mode device drivers (tt_cluster.cpp:513)
2026-08-26 12:25:03.246 | info     |             UMD | Closing devices in cluster (cluster.cpp:1061)
2026-08-26 12:25:03.246 | info     |             UMD | Closing devices in cluster completed. (cluster.cpp:1070)
2026-08-26 12:25:03.246 | info     |             UMD | Cluster destructor started. (cluster.cpp:778)
2026-08-26 12:25:03.246 | info     |             UMD | Cluster destructor completed. (cluster.cpp:781)
2026-08-26 12:25:03.250 | info     |           Metal | Using programmatically configured mock mode: /tmp/umd_aFeXFZ/cluster_descriptor.yaml (metal_env.cpp:166)
2026-08-26 12:25:03.251 | info     |          Device | Opening user mode device driver (tt_cluster.cpp:228)
2026-08-26 12:25:03.252 | warning  |          Device | Currently using mock cluster descriptor, all device driver calls will be mocked (tt_cluster.cpp:251)
2026-08-26 12:25:03.252 | info     |             UMD | Cluster constructor started. (cluster.cpp:348)
2026-08-26 12:25:03.256 | info     |             UMD | Cluster constructor completed. (cluster.cpp:544)
2026-08-26 12:25:03.259 | info     |             UMD | Starting devices in cluster (cluster.cpp:1048)
2026-08-26 12:25:03.259 | info     |             UMD | Starting devices in cluster completed. (cluster.cpp:1056)
2026-08-26 12:25:03.261 | info     |     Distributed | Using auto discovery to generate mesh graph. (metal_env.cpp:405)
2026-08-26 12:25:03.261 | info     |     Distributed | Constructing control plane using auto-discovery (no mesh graph descriptor). (metal_env.cpp:467)
2026-08-26 12:25:03.261 | info     |          Fabric | Logical multi-mesh adjacency: intermesh degree histogram {0:1}; intra-mesh degree histograms mesh0 {0:1} (topology_mapper_utils.cpp:2452)
2026-08-26 12:25:03.261 | info     |          Fabric | Physical multi-mesh adjacency: intermesh degree histogram {0:1}; intra-mesh degree histograms mesh0 {0:1} (topology_mapper_utils.cpp:2460)
2026-08-26 12:25:03.264 | info     |    BuildKernels | Using pre-compiled firmware from: /localdev/bmalesevic/tt-mlir/third_party/tt-metal/src/tt-metal/tt_metal/pre-compiled/7388763415073669024/ (build_env_manager.cpp:347)
2026-08-26 12:25:03.265 | info     |           Metal | Skipping host-side CQ initialization for mock devices (command_queue_initializer.cpp:27)
2026-08-26 12:25:03.265 | info     |           Metal | Skipping dispatch firmware initialization for mock devices (dispatch_kernel_initializer.cpp:88)
2026-08-26 12:25:03.265 | info     |           Metal | Skipping fabric configure (router sync) for mock/emule devices (fabric_firmware_initializer.cpp:328)
2026-08-26 12:25:03.265 | info     |           Metal | Disabling and clearing program cache on MeshDevice 2 (mesh_device.cpp:1071)
2026-08-26 12:25:03.278 | info     |           Metal | Disabling and clearing program cache on MeshDevice 2 (mesh_device.cpp:1071)
2026-08-26 12:25:03.278 | info     |           Metal | Skipping fabric teardown for mock/emule devices (fabric_firmware_initializer.cpp:343)
2026-08-26 12:25:03.278 | info     |          Device | Closing user mode device drivers (tt_cluster.cpp:513)
2026-08-26 12:25:03.278 | info     |             UMD | Closing devices in cluster (cluster.cpp:1061)
2026-08-26 12:25:03.278 | info     |             UMD | Closing devices in cluster completed. (cluster.cpp:1070)
2026-08-26 12:25:03.278 | info     |             UMD | Cluster destructor started. (cluster.cpp:778)
2026-08-26 12:25:03.278 | info     |             UMD | Cluster destructor completed. (cluster.cpp:781)
2026-08-26 12:25:03.351 | info     |           Metal | Using programmatically configured mock mode: /tmp/umd_aFeXFZ/cluster_descriptor.yaml (metal_env.cpp:166)
2026-08-26 12:25:03.352 | info     |          Device | Opening user mode device driver (tt_cluster.cpp:228)
2026-08-26 12:25:03.353 | warning  |          Device | Currently using mock cluster descriptor, all device driver calls will be mocked (tt_cluster.cpp:251)
2026-08-26 12:25:03.353 | info     |             UMD | Cluster constructor started. (cluster.cpp:348)
2026-08-26 12:25:03.357 | info     |             UMD | Cluster constructor completed. (cluster.cpp:544)
2026-08-26 12:25:03.360 | info     |             UMD | Starting devices in cluster (cluster.cpp:1048)
2026-08-26 12:25:03.360 | info     |             UMD | Starting devices in cluster completed. (cluster.cpp:1056)
2026-08-26 12:25:03.362 | info     |     Distributed | Using auto discovery to generate mesh graph. (metal_env.cpp:405)
2026-08-26 12:25:03.362 | info     |     Distributed | Constructing control plane using auto-discovery (no mesh graph descriptor). (metal_env.cpp:467)
2026-08-26 12:25:03.362 | info     |          Fabric | Logical multi-mesh adjacency: intermesh degree histogram {0:1}; intra-mesh degree histograms mesh0 {0:1} (topology_mapper_utils.cpp:2452)
2026-08-26 12:25:03.362 | info     |          Fabric | Physical multi-mesh adjacency: intermesh degree histogram {0:1}; intra-mesh degree histograms mesh0 {0:1} (topology_mapper_utils.cpp:2460)
2026-08-26 12:25:03.365 | info     |    BuildKernels | Using pre-compiled firmware from: /localdev/bmalesevic/tt-mlir/third_party/tt-metal/src/tt-metal/tt_metal/pre-compiled/7388763415073669024/ (build_env_manager.cpp:347)
2026-08-26 12:25:03.366 | info     |           Metal | Skipping host-side CQ initialization for mock devices (command_queue_initializer.cpp:27)
2026-08-26 12:25:03.367 | info     |           Metal | Skipping dispatch firmware initialization for mock devices (dispatch_kernel_initializer.cpp:88)
2026-08-26 12:25:03.367 | info     |           Metal | Skipping fabric configure (router sync) for mock/emule devices (fabric_firmware_initializer.cpp:328)
2026-08-26 12:25:03.367 | info     |           Metal | Disabling and clearing program cache on MeshDevice 3 (mesh_device.cpp:1071)
2026-08-26 12:33:30.692 | info     |           Metal | Disabling and clearing program cache on MeshDevice 3 (mesh_device.cpp:1071)
2026-08-26 12:33:30.693 | info     |           Metal | Skipping fabric teardown for mock/emule devices (fabric_firmware_initializer.cpp:343)
2026-08-26 12:33:30.696 | info     |          Device | Closing user mode device drivers (tt_cluster.cpp:513)
2026-08-26 12:33:30.697 | info     |             UMD | Closing devices in cluster (cluster.cpp:1061)
2026-08-26 12:33:30.697 | info     |             UMD | Closing devices in cluster completed. (cluster.cpp:1070)
2026-08-26 12:33:30.697 | info     |             UMD | Cluster destructor started. (cluster.cpp:778)
2026-08-26 12:33:30.697 | info     |             UMD | Cluster destructor completed. (cluster.cpp:781)
TTNNCollectPerfMetrics: skipping ttnn.matmul — input is not DRAM-resident (producer: ttnn.to_memory_config)
TTNNCollectPerfMetrics: skipping ttnn.matmul — input is not DRAM-resident (producer: ttnn.concat)
TTNNCollectPerfMetrics: skipping ttnn.matmul — input is not DRAM-resident (producer: ttnn.to_memory_config)
TTNNCollectPerfMetrics: skipping ttnn.matmul — input is not DRAM-resident (producer: ttnn.to_memory_config)
TTNNCollectPerfMetrics: skipping ttnn.matmul — input is not DRAM-resident (producer: ttnn.concat)
TTNNCollectPerfMetrics: skipping ttnn.matmul — input is not DRAM-resident (producer: ttnn.to_memory_config)
TTNNCollectPerfMetrics: skipping ttnn.matmul — input is not DRAM-resident (producer: ttnn.to_memory_config)
TTNNCollectPerfMetrics: skipping ttnn.matmul — input is not DRAM-resident (producer: ttnn.concat)
TTNNCollectPerfMetrics: skipping ttnn.matmul — input is not DRAM-resident (producer: ttnn.to_memory_config)
TTNNCollectPerfMetrics: skipping ttnn.matmul — input is not DRAM-resident (producer: ttnn.to_memory_config)
TTNNCollectPerfMetrics: skipping ttnn.matmul — input is not DRAM-resident (producer: ttnn.concat)
TTNNCollectPerfMetrics: skipping ttnn.matmul — input is not DRAM-resident (producer: ttnn.to_memory_config)
TTNNCollectPerfMetrics: skipping ttnn.matmul — input is not DRAM-resident (producer: ttnn.to_memory_config)
TTNNCollectPerfMetrics: skipping ttnn.matmul — input is not DRAM-resident (producer: ttnn.concat)
TTNNCollectPerfMetrics: skipping ttnn.matmul — input is not DRAM-resident (producer: ttnn.to_memory_config)
TTNNCollectPerfMetrics: skipping ttnn.matmul — input is not DRAM-resident (producer: ttnn.to_memory_config)
TTNNCollectPerfMetrics: skipping ttnn.matmul — input is not DRAM-resident (producer: ttnn.concat)
TTNNCollectPerfMetrics: skipping ttnn.matmul — input is not DRAM-resident (producer: ttnn.to_memory_config)
TTNNCollectPerfMetrics: skipping ttnn.matmul — input is not DRAM-resident (producer: ttnn.to_memory_config)
TTNNCollectPerfMetrics: skipping ttnn.matmul — input is not DRAM-resident (producer: ttnn.concat)
TTNNCollectPerfMetrics: skipping ttnn.matmul — input is not DRAM-resident (producer: ttnn.to_memory_config)
TTNNCollectPerfMetrics: skipping ttnn.matmul — input is not DRAM-resident (producer: ttnn.to_memory_config)
TTNNCollectPerfMetrics: skipping ttnn.matmul — input is not DRAM-resident (producer: ttnn.concat)
TTNNCollectPerfMetrics: skipping ttnn.matmul — input is not DRAM-resident (producer: ttnn.to_memory_config)
TTNNCollectPerfMetrics: skipping ttnn.matmul — input is not DRAM-resident (producer: ttnn.to_memory_config)
TTNNCollectPerfMetrics: skipping ttnn.matmul — input is not DRAM-resident (producer: ttnn.concat)
TTNNCollectPerfMetrics: skipping ttnn.matmul — input is not DRAM-resident (producer: ttnn.to_memory_config)
TTNNCollectPerfMetrics: skipping ttnn.matmul — input is not DRAM-resident (producer: ttnn.to_memory_config)
TTNNCollectPerfMetrics: skipping ttnn.matmul — input is not DRAM-resident (producer: ttnn.concat)
TTNNCollectPerfMetrics: skipping ttnn.matmul — input is not DRAM-resident (producer: ttnn.to_memory_config)
TTNNCollectPerfMetrics: skipping ttnn.matmul — input is not DRAM-resident (producer: ttnn.to_memory_config)
TTNNCollectPerfMetrics: skipping ttnn.matmul — input is not DRAM-resident (producer: ttnn.concat)
TTNNCollectPerfMetrics: skipping ttnn.matmul — input is not DRAM-resident (producer: ttnn.to_memory_config)
TTNNCollectPerfMetrics: skipping ttnn.matmul — input is not DRAM-resident (producer: ttnn.to_memory_config)
TTNNCollectPerfMetrics: skipping ttnn.matmul — input is not DRAM-resident (producer: ttnn.concat)
TTNNCollectPerfMetrics: skipping ttnn.matmul — input is not DRAM-resident (producer: ttnn.to_memory_config)
TTNNCollectPerfMetrics: skipping ttnn.matmul — input is not DRAM-resident (producer: ttnn.to_memory_config)
TTNNCollectPerfMetrics: skipping ttnn.matmul — input is not DRAM-resident (producer: ttnn.concat)
TTNNCollectPerfMetrics: skipping ttnn.matmul — input is not DRAM-resident (producer: ttnn.to_memory_config)
TTNNCollectPerfMetrics: skipping ttnn.matmul — input is not DRAM-resident (producer: ttnn.to_memory_config)
TTNNCollectPerfMetrics: skipping ttnn.matmul — input is not DRAM-resident (producer: ttnn.concat)
TTNNCollectPerfMetrics: skipping ttnn.matmul — input is not DRAM-resident (producer: ttnn.to_memory_config)
TTNNCollectPerfMetrics: skipping ttnn.matmul — input is not DRAM-resident (producer: ttnn.to_memory_config)
TTNNCollectPerfMetrics: skipping ttnn.matmul — input is not DRAM-resident (producer: ttnn.concat)
TTNNCollectPerfMetrics: skipping ttnn.matmul — input is not DRAM-resident (producer: ttnn.to_memory_config)
TTNNCollectPerfMetrics: skipping ttnn.matmul — input is not DRAM-resident (producer: ttnn.to_memory_config)
TTNNCollectPerfMetrics: skipping ttnn.matmul — input is not DRAM-resident (producer: ttnn.concat)
TTNNCollectPerfMetrics: skipping ttnn.matmul — input is not DRAM-resident (producer: ttnn.to_memory_config)
TTNNCollectPerfMetrics: skipping ttnn.matmul — input is not DRAM-resident (producer: ttnn.to_memory_config)
