/localdev/bmalesevic/tt-mlir/llama_3_2_1b_512_fwd/ttir_llama_3_2_1b_512_fwd.mlir:3:5: warning: Empty argument type map provided. Skipping argument type population. This may affect subsequent compile steps
    builtin.module @llama_3_2_1b_512_fwd attributes {ttcore.meshes = #ttcore.meshes<[<"mesh" = 1x1>]>} {
    ^
2026-08-26 12:19:43.487 | info     |             UMD | Creating TopologyDiscovery for architecture: wormhole_b0 (topology_discovery.cpp:95)
2026-08-26 12:19:43.487 | info     |             UMD | Starting topology discovery. (topology_discovery.cpp:114)
2026-08-26 12:19:43.489 | info     |             UMD | Established firmware bundle version: 18.12.1 (topology_discovery.cpp:574)
2026-08-26 12:19:43.489 | info     |             UMD | Completed topology discovery. (topology_discovery.cpp:118)
2026-08-26 12:19:43.490 | info     |           Metal | Using programmatically configured mock mode: /tmp/umd_KtAvFQ/cluster_descriptor.yaml (metal_env.cpp:166)
2026-08-26 12:19:43.492 | info     |          Device | Opening user mode device driver (tt_cluster.cpp:228)
2026-08-26 12:19:43.492 | warning  |          Device | Currently using mock cluster descriptor, all device driver calls will be mocked (tt_cluster.cpp:251)
2026-08-26 12:19:43.493 | info     |             UMD | Cluster constructor started. (cluster.cpp:348)
2026-08-26 12:19:43.497 | info     |             UMD | Cluster constructor completed. (cluster.cpp:544)
2026-08-26 12:19:43.501 | info     |             UMD | Starting devices in cluster (cluster.cpp:1048)
2026-08-26 12:19:43.501 | info     |             UMD | Starting devices in cluster completed. (cluster.cpp:1056)
2026-08-26 12:19:43.534 | info     |     Distributed | Using auto discovery to generate mesh graph. (metal_env.cpp:405)
2026-08-26 12:19:43.534 | info     |     Distributed | Constructing control plane using auto-discovery (no mesh graph descriptor). (metal_env.cpp:467)
2026-08-26 12:19:43.538 | info     |          Fabric | Logical multi-mesh adjacency: intermesh degree histogram {0:1}; intra-mesh degree histograms mesh0 {0:1} (topology_mapper_utils.cpp:2452)
2026-08-26 12:19:43.538 | info     |          Fabric | Physical multi-mesh adjacency: intermesh degree histogram {0:1}; intra-mesh degree histograms mesh0 {0:1} (topology_mapper_utils.cpp:2460)
2026-08-26 12:19:43.561 | info     |    BuildKernels | Using pre-compiled firmware from: /localdev/bmalesevic/tt-mlir/third_party/tt-metal/src/tt-metal/tt_metal/pre-compiled/7388763415073669024/ (build_env_manager.cpp:347)
2026-08-26 12:19:43.562 | info     |           Metal | Skipping host-side CQ initialization for mock devices (command_queue_initializer.cpp:27)
2026-08-26 12:19:43.563 | info     |           Metal | Skipping dispatch firmware initialization for mock devices (dispatch_kernel_initializer.cpp:88)
2026-08-26 12:19:43.563 | info     |           Metal | Skipping fabric configure (router sync) for mock/emule devices (fabric_firmware_initializer.cpp:328)
2026-08-26 12:19:43.563 | info     |           Metal | Disabling and clearing program cache on MeshDevice 0 (mesh_device.cpp:1071)
2026-08-26 12:19:43.612 | info     |           Metal | Disabling and clearing program cache on MeshDevice 0 (mesh_device.cpp:1071)
2026-08-26 12:19:43.613 | info     |           Metal | Skipping fabric teardown for mock/emule devices (fabric_firmware_initializer.cpp:343)
2026-08-26 12:19:43.613 | info     |          Device | Closing user mode device drivers (tt_cluster.cpp:513)
2026-08-26 12:19:43.613 | info     |             UMD | Closing devices in cluster (cluster.cpp:1061)
2026-08-26 12:19:43.613 | info     |             UMD | Closing devices in cluster completed. (cluster.cpp:1070)
2026-08-26 12:19:43.613 | info     |             UMD | Cluster destructor started. (cluster.cpp:778)
2026-08-26 12:19:43.613 | info     |             UMD | Cluster destructor completed. (cluster.cpp:781)
2026-08-26 12:19:43.636 | info     |           Metal | Using programmatically configured mock mode: /tmp/umd_KtAvFQ/cluster_descriptor.yaml (metal_env.cpp:166)
2026-08-26 12:19:43.637 | info     |          Device | Opening user mode device driver (tt_cluster.cpp:228)
2026-08-26 12:19:43.637 | warning  |          Device | Currently using mock cluster descriptor, all device driver calls will be mocked (tt_cluster.cpp:251)
2026-08-26 12:19:43.638 | info     |             UMD | Cluster constructor started. (cluster.cpp:348)
2026-08-26 12:19:43.642 | info     |             UMD | Cluster constructor completed. (cluster.cpp:544)
2026-08-26 12:19:43.645 | info     |             UMD | Starting devices in cluster (cluster.cpp:1048)
2026-08-26 12:19:43.645 | info     |             UMD | Starting devices in cluster completed. (cluster.cpp:1056)
2026-08-26 12:19:43.647 | info     |     Distributed | Using auto discovery to generate mesh graph. (metal_env.cpp:405)
2026-08-26 12:19:43.647 | info     |     Distributed | Constructing control plane using auto-discovery (no mesh graph descriptor). (metal_env.cpp:467)
2026-08-26 12:19:43.647 | info     |          Fabric | Logical multi-mesh adjacency: intermesh degree histogram {0:1}; intra-mesh degree histograms mesh0 {0:1} (topology_mapper_utils.cpp:2452)
2026-08-26 12:19:43.647 | info     |          Fabric | Physical multi-mesh adjacency: intermesh degree histogram {0:1}; intra-mesh degree histograms mesh0 {0:1} (topology_mapper_utils.cpp:2460)
2026-08-26 12:19:43.650 | info     |    BuildKernels | Using pre-compiled firmware from: /localdev/bmalesevic/tt-mlir/third_party/tt-metal/src/tt-metal/tt_metal/pre-compiled/7388763415073669024/ (build_env_manager.cpp:347)
2026-08-26 12:19:43.651 | info     |           Metal | Skipping host-side CQ initialization for mock devices (command_queue_initializer.cpp:27)
2026-08-26 12:19:43.651 | info     |           Metal | Skipping dispatch firmware initialization for mock devices (dispatch_kernel_initializer.cpp:88)
2026-08-26 12:19:43.651 | info     |           Metal | Skipping fabric configure (router sync) for mock/emule devices (fabric_firmware_initializer.cpp:328)
2026-08-26 12:19:43.651 | info     |           Metal | Disabling and clearing program cache on MeshDevice 1 (mesh_device.cpp:1071)
2026-08-26 12:19:43.673 | info     |           Metal | Disabling and clearing program cache on MeshDevice 1 (mesh_device.cpp:1071)
2026-08-26 12:19:43.673 | info     |           Metal | Skipping fabric teardown for mock/emule devices (fabric_firmware_initializer.cpp:343)
2026-08-26 12:19:43.673 | info     |          Device | Closing user mode device drivers (tt_cluster.cpp:513)
2026-08-26 12:19:43.673 | info     |             UMD | Closing devices in cluster (cluster.cpp:1061)
2026-08-26 12:19:43.673 | info     |             UMD | Closing devices in cluster completed. (cluster.cpp:1070)
2026-08-26 12:19:43.673 | info     |             UMD | Cluster destructor started. (cluster.cpp:778)
2026-08-26 12:19:43.673 | info     |             UMD | Cluster destructor completed. (cluster.cpp:781)
2026-08-26 12:19:43.678 | info     |           Metal | Using programmatically configured mock mode: /tmp/umd_KtAvFQ/cluster_descriptor.yaml (metal_env.cpp:166)
2026-08-26 12:19:43.678 | info     |          Device | Opening user mode device driver (tt_cluster.cpp:228)
2026-08-26 12:19:43.679 | warning  |          Device | Currently using mock cluster descriptor, all device driver calls will be mocked (tt_cluster.cpp:251)
2026-08-26 12:19:43.680 | info     |             UMD | Cluster constructor started. (cluster.cpp:348)
2026-08-26 12:19:43.684 | info     |             UMD | Cluster constructor completed. (cluster.cpp:544)
2026-08-26 12:19:43.687 | info     |             UMD | Starting devices in cluster (cluster.cpp:1048)
2026-08-26 12:19:43.687 | info     |             UMD | Starting devices in cluster completed. (cluster.cpp:1056)
2026-08-26 12:19:43.689 | info     |     Distributed | Using auto discovery to generate mesh graph. (metal_env.cpp:405)
2026-08-26 12:19:43.689 | info     |     Distributed | Constructing control plane using auto-discovery (no mesh graph descriptor). (metal_env.cpp:467)
2026-08-26 12:19:43.689 | info     |          Fabric | Logical multi-mesh adjacency: intermesh degree histogram {0:1}; intra-mesh degree histograms mesh0 {0:1} (topology_mapper_utils.cpp:2452)
2026-08-26 12:19:43.689 | info     |          Fabric | Physical multi-mesh adjacency: intermesh degree histogram {0:1}; intra-mesh degree histograms mesh0 {0:1} (topology_mapper_utils.cpp:2460)
2026-08-26 12:19:43.692 | info     |    BuildKernels | Using pre-compiled firmware from: /localdev/bmalesevic/tt-mlir/third_party/tt-metal/src/tt-metal/tt_metal/pre-compiled/7388763415073669024/ (build_env_manager.cpp:347)
2026-08-26 12:19:43.693 | info     |           Metal | Skipping host-side CQ initialization for mock devices (command_queue_initializer.cpp:27)
2026-08-26 12:19:43.693 | info     |           Metal | Skipping dispatch firmware initialization for mock devices (dispatch_kernel_initializer.cpp:88)
2026-08-26 12:19:43.693 | info     |           Metal | Skipping fabric configure (router sync) for mock/emule devices (fabric_firmware_initializer.cpp:328)
2026-08-26 12:19:43.693 | info     |           Metal | Disabling and clearing program cache on MeshDevice 2 (mesh_device.cpp:1071)
2026-08-26 12:19:43.707 | info     |           Metal | Disabling and clearing program cache on MeshDevice 2 (mesh_device.cpp:1071)
2026-08-26 12:19:43.707 | info     |           Metal | Skipping fabric teardown for mock/emule devices (fabric_firmware_initializer.cpp:343)
2026-08-26 12:19:43.707 | info     |          Device | Closing user mode device drivers (tt_cluster.cpp:513)
2026-08-26 12:19:43.707 | info     |             UMD | Closing devices in cluster (cluster.cpp:1061)
2026-08-26 12:19:43.707 | info     |             UMD | Closing devices in cluster completed. (cluster.cpp:1070)
2026-08-26 12:19:43.707 | info     |             UMD | Cluster destructor started. (cluster.cpp:778)
2026-08-26 12:19:43.707 | info     |             UMD | Cluster destructor completed. (cluster.cpp:781)
2026-08-26 12:19:43.778 | info     |           Metal | Using programmatically configured mock mode: /tmp/umd_KtAvFQ/cluster_descriptor.yaml (metal_env.cpp:166)
2026-08-26 12:19:43.779 | info     |          Device | Opening user mode device driver (tt_cluster.cpp:228)
2026-08-26 12:19:43.780 | warning  |          Device | Currently using mock cluster descriptor, all device driver calls will be mocked (tt_cluster.cpp:251)
2026-08-26 12:19:43.781 | info     |             UMD | Cluster constructor started. (cluster.cpp:348)
2026-08-26 12:19:43.784 | info     |             UMD | Cluster constructor completed. (cluster.cpp:544)
2026-08-26 12:19:43.787 | info     |             UMD | Starting devices in cluster (cluster.cpp:1048)
2026-08-26 12:19:43.787 | info     |             UMD | Starting devices in cluster completed. (cluster.cpp:1056)
2026-08-26 12:19:43.789 | info     |     Distributed | Using auto discovery to generate mesh graph. (metal_env.cpp:405)
2026-08-26 12:19:43.789 | info     |     Distributed | Constructing control plane using auto-discovery (no mesh graph descriptor). (metal_env.cpp:467)
2026-08-26 12:19:43.789 | info     |          Fabric | Logical multi-mesh adjacency: intermesh degree histogram {0:1}; intra-mesh degree histograms mesh0 {0:1} (topology_mapper_utils.cpp:2452)
2026-08-26 12:19:43.789 | info     |          Fabric | Physical multi-mesh adjacency: intermesh degree histogram {0:1}; intra-mesh degree histograms mesh0 {0:1} (topology_mapper_utils.cpp:2460)
2026-08-26 12:19:43.792 | info     |    BuildKernels | Using pre-compiled firmware from: /localdev/bmalesevic/tt-mlir/third_party/tt-metal/src/tt-metal/tt_metal/pre-compiled/7388763415073669024/ (build_env_manager.cpp:347)
2026-08-26 12:19:43.793 | info     |           Metal | Skipping host-side CQ initialization for mock devices (command_queue_initializer.cpp:27)
2026-08-26 12:19:43.793 | info     |           Metal | Skipping dispatch firmware initialization for mock devices (dispatch_kernel_initializer.cpp:88)
2026-08-26 12:19:43.793 | info     |           Metal | Skipping fabric configure (router sync) for mock/emule devices (fabric_firmware_initializer.cpp:328)
2026-08-26 12:19:43.794 | info     |           Metal | Disabling and clearing program cache on MeshDevice 3 (mesh_device.cpp:1071)
2026-08-26 12:19:44.786 | info     |           Metal | Disabling and clearing program cache on MeshDevice 3 (mesh_device.cpp:1071)
2026-08-26 12:19:44.786 | info     |           Metal | Skipping fabric teardown for mock/emule devices (fabric_firmware_initializer.cpp:343)
2026-08-26 12:19:44.787 | info     |          Device | Closing user mode device drivers (tt_cluster.cpp:513)
2026-08-26 12:19:44.787 | info     |             UMD | Closing devices in cluster (cluster.cpp:1061)
2026-08-26 12:19:44.787 | info     |             UMD | Closing devices in cluster completed. (cluster.cpp:1070)
2026-08-26 12:19:44.787 | info     |             UMD | Cluster destructor started. (cluster.cpp:778)
2026-08-26 12:19:44.787 | info     |             UMD | Cluster destructor completed. (cluster.cpp:781)
TTNNCollectPerfMetrics: skipping ttnn.matmul — input is not DRAM-resident (producer: ttnn.typecast)
TTNNCollectPerfMetrics: skipping ttnn.matmul — input is not DRAM-resident (producer: ttnn.concat)
TTNNCollectPerfMetrics: skipping ttnn.matmul — input is not DRAM-resident (producer: ttnn.reshape)
TTNNCollectPerfMetrics: skipping ttnn.matmul — input is not DRAM-resident (producer: ttnn.reshape)
TTNNCollectPerfMetrics: skipping ttnn.matmul — input is not DRAM-resident (producer: ttnn.concat)
TTNNCollectPerfMetrics: skipping ttnn.matmul — input is not DRAM-resident (producer: ttnn.reshape)
TTNNCollectPerfMetrics: skipping ttnn.matmul — input is not DRAM-resident (producer: ttnn.reshape)
TTNNCollectPerfMetrics: skipping ttnn.matmul — input is not DRAM-resident (producer: ttnn.concat)
TTNNCollectPerfMetrics: skipping ttnn.matmul — input is not DRAM-resident (producer: ttnn.reshape)
TTNNCollectPerfMetrics: skipping ttnn.matmul — input is not DRAM-resident (producer: ttnn.reshape)
TTNNCollectPerfMetrics: skipping ttnn.matmul — input is not DRAM-resident (producer: ttnn.concat)
TTNNCollectPerfMetrics: skipping ttnn.matmul — input is not DRAM-resident (producer: ttnn.reshape)
TTNNCollectPerfMetrics: skipping ttnn.matmul — input is not DRAM-resident (producer: ttnn.reshape)
TTNNCollectPerfMetrics: skipping ttnn.matmul — input is not DRAM-resident (producer: ttnn.concat)
TTNNCollectPerfMetrics: skipping ttnn.matmul — input is not DRAM-resident (producer: ttnn.reshape)
TTNNCollectPerfMetrics: skipping ttnn.matmul — input is not DRAM-resident (producer: ttnn.reshape)
TTNNCollectPerfMetrics: skipping ttnn.matmul — input is not DRAM-resident (producer: ttnn.concat)
TTNNCollectPerfMetrics: skipping ttnn.matmul — input is not DRAM-resident (producer: ttnn.reshape)
TTNNCollectPerfMetrics: skipping ttnn.matmul — input is not DRAM-resident (producer: ttnn.reshape)
TTNNCollectPerfMetrics: skipping ttnn.matmul — input is not DRAM-resident (producer: ttnn.concat)
TTNNCollectPerfMetrics: skipping ttnn.matmul — input is not DRAM-resident (producer: ttnn.reshape)
TTNNCollectPerfMetrics: skipping ttnn.matmul — input is not DRAM-resident (producer: ttnn.reshape)
TTNNCollectPerfMetrics: skipping ttnn.matmul — input is not DRAM-resident (producer: ttnn.concat)
TTNNCollectPerfMetrics: skipping ttnn.matmul — input is not DRAM-resident (producer: ttnn.reshape)
TTNNCollectPerfMetrics: skipping ttnn.matmul — input is not DRAM-resident (producer: ttnn.reshape)
TTNNCollectPerfMetrics: skipping ttnn.matmul — input is not DRAM-resident (producer: ttnn.concat)
TTNNCollectPerfMetrics: skipping ttnn.matmul — input is not DRAM-resident (producer: ttnn.reshape)
TTNNCollectPerfMetrics: skipping ttnn.matmul — input is not DRAM-resident (producer: ttnn.reshape)
TTNNCollectPerfMetrics: skipping ttnn.matmul — input is not DRAM-resident (producer: ttnn.concat)
TTNNCollectPerfMetrics: skipping ttnn.matmul — input is not DRAM-resident (producer: ttnn.reshape)
TTNNCollectPerfMetrics: skipping ttnn.matmul — input is not DRAM-resident (producer: ttnn.reshape)
TTNNCollectPerfMetrics: skipping ttnn.matmul — input is not DRAM-resident (producer: ttnn.concat)
TTNNCollectPerfMetrics: skipping ttnn.matmul — input is not DRAM-resident (producer: ttnn.reshape)
TTNNCollectPerfMetrics: skipping ttnn.matmul — input is not DRAM-resident (producer: ttnn.reshape)
TTNNCollectPerfMetrics: skipping ttnn.matmul — input is not DRAM-resident (producer: ttnn.concat)
TTNNCollectPerfMetrics: skipping ttnn.matmul — input is not DRAM-resident (producer: ttnn.reshape)
TTNNCollectPerfMetrics: skipping ttnn.matmul — input is not DRAM-resident (producer: ttnn.reshape)
TTNNCollectPerfMetrics: skipping ttnn.matmul — input is not DRAM-resident (producer: ttnn.concat)
TTNNCollectPerfMetrics: skipping ttnn.matmul — input is not DRAM-resident (producer: ttnn.reshape)
TTNNCollectPerfMetrics: skipping ttnn.matmul — input is not DRAM-resident (producer: ttnn.reshape)
TTNNCollectPerfMetrics: skipping ttnn.matmul — input is not DRAM-resident (producer: ttnn.concat)
TTNNCollectPerfMetrics: skipping ttnn.matmul — input is not DRAM-resident (producer: ttnn.reshape)
TTNNCollectPerfMetrics: skipping ttnn.matmul — input is not DRAM-resident (producer: ttnn.reshape)
TTNNCollectPerfMetrics: skipping ttnn.matmul — input is not DRAM-resident (producer: ttnn.concat)
TTNNCollectPerfMetrics: skipping ttnn.matmul — input is not DRAM-resident (producer: ttnn.reshape)
TTNNCollectPerfMetrics: skipping ttnn.matmul — input is not DRAM-resident (producer: ttnn.reshape)
TTNNCollectPerfMetrics: skipping ttnn.matmul — input is not DRAM-resident (producer: ttnn.concat)
TTNNCollectPerfMetrics: skipping ttnn.matmul — input is not DRAM-resident (producer: ttnn.reshape)
TTNNCollectPerfMetrics: skipping ttnn.matmul — input is not DRAM-resident (producer: ttnn.reshape)
