/localdev/bmalesevic/tt-mlir/llama_3_2_1b_512_fwd/ttir_llama_3_2_1b_512_fwd.mlir:3:5: warning: Empty argument type map provided. Skipping argument type population. This may affect subsequent compile steps
    builtin.module @llama_3_2_1b_512_fwd attributes {ttcore.meshes = #ttcore.meshes<[<"mesh" = 1x1>]>} {
    ^
TTNNCollectPerfMetrics: skipping ttnn.matmul — input is not DRAM-resident (producer: ttnn.typecast)
TTNNCollectPerfMetrics: skipping ttnn.matmul — input is not DRAM-resident (producer: ttnn.concat)
TTNNCollectPerfMetrics: skipping ttnn.matmul — input is not DRAM-resident (producer: ttnn.reshape)
TTNNCollectPerfMetrics: skipping ttnn.matmul — input is not DRAM-resident (producer: ttnn.reshape)
TTNNCollectPerfMetrics: skipping ttnn.matmul — input is not DRAM-resident (producer: ttnn.concat)
TTNNCollectPerfMetrics: skipping ttnn.matmul — input is not DRAM-resident (producer: ttnn.reshape)
TTNNCollectPerfMetrics: skipping ttnn.matmul — input is not DRAM-resident (producer: ttnn.reshape)
TTNNCollectPerfMetrics: skipping ttnn.matmul — input is not DRAM-resident (producer: ttnn.concat)
TTNNCollectPerfMetrics: skipping ttnn.matmul — input is not DRAM-resident (producer: ttnn.reshape)
TTNNCollectPerfMetrics: skipping ttnn.matmul — input is not DRAM-resident (producer: ttnn.reshape)
TTNNCollectPerfMetrics: skipping ttnn.matmul — input is not DRAM-resident (producer: ttnn.concat)
TTNNCollectPerfMetrics: skipping ttnn.matmul — input is not DRAM-resident (producer: ttnn.reshape)
TTNNCollectPerfMetrics: skipping ttnn.matmul — input is not DRAM-resident (producer: ttnn.reshape)
TTNNCollectPerfMetrics: skipping ttnn.matmul — input is not DRAM-resident (producer: ttnn.concat)
TTNNCollectPerfMetrics: skipping ttnn.matmul — input is not DRAM-resident (producer: ttnn.reshape)
TTNNCollectPerfMetrics: skipping ttnn.matmul — input is not DRAM-resident (producer: ttnn.reshape)
TTNNCollectPerfMetrics: skipping ttnn.matmul — input is not DRAM-resident (producer: ttnn.concat)
TTNNCollectPerfMetrics: skipping ttnn.matmul — input is not DRAM-resident (producer: ttnn.reshape)
TTNNCollectPerfMetrics: skipping ttnn.matmul — input is not DRAM-resident (producer: ttnn.reshape)
TTNNCollectPerfMetrics: skipping ttnn.matmul — input is not DRAM-resident (producer: ttnn.concat)
TTNNCollectPerfMetrics: skipping ttnn.matmul — input is not DRAM-resident (producer: ttnn.reshape)
TTNNCollectPerfMetrics: skipping ttnn.matmul — input is not DRAM-resident (producer: ttnn.reshape)
TTNNCollectPerfMetrics: skipping ttnn.matmul — input is not DRAM-resident (producer: ttnn.concat)
TTNNCollectPerfMetrics: skipping ttnn.matmul — input is not DRAM-resident (producer: ttnn.reshape)
TTNNCollectPerfMetrics: skipping ttnn.matmul — input is not DRAM-resident (producer: ttnn.reshape)
TTNNCollectPerfMetrics: skipping ttnn.matmul — input is not DRAM-resident (producer: ttnn.concat)
TTNNCollectPerfMetrics: skipping ttnn.matmul — input is not DRAM-resident (producer: ttnn.reshape)
TTNNCollectPerfMetrics: skipping ttnn.matmul — input is not DRAM-resident (producer: ttnn.reshape)
TTNNCollectPerfMetrics: skipping ttnn.matmul — input is not DRAM-resident (producer: ttnn.concat)
TTNNCollectPerfMetrics: skipping ttnn.matmul — input is not DRAM-resident (producer: ttnn.reshape)
TTNNCollectPerfMetrics: skipping ttnn.matmul — input is not DRAM-resident (producer: ttnn.reshape)
TTNNCollectPerfMetrics: skipping ttnn.matmul — input is not DRAM-resident (producer: ttnn.concat)
TTNNCollectPerfMetrics: skipping ttnn.matmul — input is not DRAM-resident (producer: ttnn.reshape)
TTNNCollectPerfMetrics: skipping ttnn.matmul — input is not DRAM-resident (producer: ttnn.reshape)
TTNNCollectPerfMetrics: skipping ttnn.matmul — input is not DRAM-resident (producer: ttnn.concat)
TTNNCollectPerfMetrics: skipping ttnn.matmul — input is not DRAM-resident (producer: ttnn.reshape)
TTNNCollectPerfMetrics: skipping ttnn.matmul — input is not DRAM-resident (producer: ttnn.reshape)
TTNNCollectPerfMetrics: skipping ttnn.matmul — input is not DRAM-resident (producer: ttnn.concat)
TTNNCollectPerfMetrics: skipping ttnn.matmul — input is not DRAM-resident (producer: ttnn.reshape)
TTNNCollectPerfMetrics: skipping ttnn.matmul — input is not DRAM-resident (producer: ttnn.reshape)
TTNNCollectPerfMetrics: skipping ttnn.matmul — input is not DRAM-resident (producer: ttnn.concat)
TTNNCollectPerfMetrics: skipping ttnn.matmul — input is not DRAM-resident (producer: ttnn.reshape)
TTNNCollectPerfMetrics: skipping ttnn.matmul — input is not DRAM-resident (producer: ttnn.reshape)
TTNNCollectPerfMetrics: skipping ttnn.matmul — input is not DRAM-resident (producer: ttnn.concat)
TTNNCollectPerfMetrics: skipping ttnn.matmul — input is not DRAM-resident (producer: ttnn.reshape)
TTNNCollectPerfMetrics: skipping ttnn.matmul — input is not DRAM-resident (producer: ttnn.reshape)
TTNNCollectPerfMetrics: skipping ttnn.matmul — input is not DRAM-resident (producer: ttnn.concat)
TTNNCollectPerfMetrics: skipping ttnn.matmul — input is not DRAM-resident (producer: ttnn.reshape)
TTNNCollectPerfMetrics: skipping ttnn.matmul — input is not DRAM-resident (producer: ttnn.reshape)
